Component: ARM Compiler 5.06 update 7 (build 960) Tool: armlink [4d3601]

==============================================================================

Section Cross References

    stm32f10x_it.o(.text) refers to usart.o(.text) for UsartPrintf
    system_stm32f10x.o(.text) refers to system_stm32f10x.o(.data) for SystemCoreClock
    startup_stm32f10x_md.o(STACK) refers (Special) to heapauxi.o(.text) for __use_two_region_memory
    startup_stm32f10x_md.o(HEAP) refers (Special) to heapauxi.o(.text) for __use_two_region_memory
    startup_stm32f10x_md.o(RESET) refers (Special) to heapauxi.o(.text) for __use_two_region_memory
    startup_stm32f10x_md.o(RESET) refers to startup_stm32f10x_md.o(STACK) for __initial_sp
    startup_stm32f10x_md.o(RESET) refers to startup_stm32f10x_md.o(.text) for Reset_Handler
    startup_stm32f10x_md.o(RESET) refers to stm32f10x_it.o(.text) for NMI_Handler
    startup_stm32f10x_md.o(RESET) refers to timer.o(.text) for TIM2_IRQHandler
    startup_stm32f10x_md.o(RESET) refers to usart.o(.text) for USART1_IRQHandler
    startup_stm32f10x_md.o(RESET) refers to esp8266.o(.text) for USART2_IRQHandler
    startup_stm32f10x_md.o(.text) refers (Special) to heapauxi.o(.text) for __use_two_region_memory
    startup_stm32f10x_md.o(.text) refers to system_stm32f10x.o(.text) for SystemInit
    startup_stm32f10x_md.o(.text) refers to __main.o(!!!main) for __main
    startup_stm32f10x_md.o(.text) refers to startup_stm32f10x_md.o(HEAP) for Heap_Mem
    startup_stm32f10x_md.o(.text) refers to startup_stm32f10x_md.o(STACK) for Stack_Mem
    stm32f10x_gpio.o(.text) refers to stm32f10x_rcc.o(.text) for RCC_APB2PeriphResetCmd
    stm32f10x_rcc.o(.text) refers to stm32f10x_rcc.o(.data) for APBAHBPrescTable
    stm32f10x_usart.o(.text) refers to stm32f10x_rcc.o(.text) for RCC_APB2PeriphResetCmd
    stm32f10x_tim.o(.text) refers to stm32f10x_rcc.o(.text) for RCC_APB2PeriphResetCmd
    beep.o(.text) refers to stm32f10x_gpio.o(.text) for GPIO_WriteBit
    beep.o(.text) refers to stm32f10x_rcc.o(.text) for RCC_APB2PeriphClockCmd
    beep.o(.text) refers to beep.o(.data) for beep_info
    delay.o(.text) refers to delay.o(.data) for UsCount
    usart.o(.text) refers to stm32f10x_rcc.o(.text) for RCC_APB2PeriphClockCmd
    usart.o(.text) refers to stm32f10x_gpio.o(.text) for GPIO_Init
    usart.o(.text) refers to stm32f10x_usart.o(.text) for USART_Init
    usart.o(.text) refers to misc.o(.text) for NVIC_Init
    usart.o(.text) refers to c89vsnprintf.o(.text) for __c89vsnprintf
    key.o(.text) refers to stm32f10x_rcc.o(.text) for RCC_APB2PeriphClockCmd
    key.o(.text) refers to stm32f10x_gpio.o(.text) for GPIO_Init
    key.o(.text) refers to delay.o(.text) for DelayXms
    led.o(.text) refers to stm32f10x_rcc.o(.text) for RCC_APB2PeriphClockCmd
    led.o(.text) refers to stm32f10x_gpio.o(.text) for GPIO_Init
    led.o(.text) refers to delay.o(.text) for DelayXms
    led.o(.text) refers to led.o(.data) for LED_info
    oled.o(.text) refers to stm32f10x_rcc.o(.text) for RCC_APB2PeriphClockCmd
    oled.o(.text) refers to stm32f10x_gpio.o(.text) for GPIO_Init
    oled.o(.text) refers to oled.o(.constdata) for OLED_F8x16
    timer.o(.text) refers to stm32f10x_rcc.o(.text) for RCC_APB1PeriphClockCmd
    timer.o(.text) refers to stm32f10x_tim.o(.text) for TIM_InternalClockConfig
    timer.o(.text) refers to misc.o(.text) for NVIC_Init
    timer.o(.text) refers to led.o(.text) for LED_Run
    pwm.o(.text) refers to stm32f10x_rcc.o(.text) for RCC_APB1PeriphClockCmd
    pwm.o(.text) refers to stm32f10x_gpio.o(.text) for GPIO_Init
    pwm.o(.text) refers to stm32f10x_tim.o(.text) for TIM_InternalClockConfig
    main.o(.text) refers to misc.o(.text) for NVIC_PriorityGroupConfig
    main.o(.text) refers to delay.o(.text) for Delay_Init
    main.o(.text) refers to led.o(.text) for LED_Init
    main.o(.text) refers to key.o(.text) for Key_Init
    main.o(.text) refers to oled.o(.text) for OLED_Init
    main.o(.text) refers to usart.o(.text) for Usart1_Init
    main.o(.text) refers to beep.o(.text) for Beep_Init
    main.o(.text) refers to esp8266.o(.text) for ESP8266_Init
    main.o(.text) refers to onenet.o(.text) for OneNet_DevLink
    main.o(.text) refers to main.o(.data) for Key_Num
    onenet.o(.text) refers to _printf_percent.o(.ARM.Collect$$_printf_percent$$00000000) for _printf_percent
    onenet.o(.text) refers to _printf_d.o(.ARM.Collect$$_printf_percent$$00000009) for _printf_d
    onenet.o(.text) refers to _printf_s.o(.ARM.Collect$$_printf_percent$$00000014) for _printf_s
    onenet.o(.text) refers to _printf_dec.o(.text) for _printf_int_dec
    onenet.o(.text) refers to _printf_str.o(.text) for _printf_str
    onenet.o(.text) refers to _scanf_int.o(.text) for _scanf_int
    onenet.o(.text) refers to _scanf_str.o(.text) for _scanf_string
    onenet.o(.text) refers to strlen.o(.text) for strlen
    onenet.o(.text) refers to strcat.o(.text) for strcat
[...]
    __rt_exit_exit                           0x08000235   Thumb Code     0  rtexit2.o(.ARM.Collect$$rtexit$$00000004)
    NMI_Handler                              0x0800023d   Thumb Code     2  stm32f10x_it.o(.text)
    _maybe_terminate_alloc                   0x0800023d   Thumb Code     0  maybetermalloc1.o(.emb_text)
    HardFault_Handler                        0x0800023f   Thumb Code    12  stm32f10x_it.o(.text)
    MemManage_Handler                        0x0800024b   Thumb Code    12  stm32f10x_it.o(.text)
    BusFault_Handler                         0x08000257   Thumb Code    12  stm32f10x_it.o(.text)
    UsageFault_Handler                       0x08000263   Thumb Code    12  stm32f10x_it.o(.text)
    SVC_Handler                              0x0800026f   Thumb Code     2  stm32f10x_it.o(.text)
    DebugMon_Handler                         0x08000271   Thumb Code     2  stm32f10x_it.o(.text)
    SysTick_Handler                          0x08000273   Thumb Code     2  stm32f10x_it.o(.text)
    EXTI0_IRQHandler                         0x08000275   Thumb Code     2  stm32f10x_it.o(.text)
    RTC_IRQHandler                           0x08000277   Thumb Code     2  stm32f10x_it.o(.text)
    SystemInit                               0x0800044f   Thumb Code    78  system_stm32f10x.o(.text)
    SystemCoreClockUpdate                    0x0800049d   Thumb Code   142  system_stm32f10x.o(.text)
    Reset_Handler                            0x08000551   Thumb Code     8  startup_stm32f10x_md.o(.text)
    PendSV_Handler                           0x08000567   Thumb Code     2  startup_stm32f10x_md.o(.text)
    ADC1_2_IRQHandler                        0x0800056b   Thumb Code     0  startup_stm32f10x_md.o(.text)
    CAN1_RX1_IRQHandler                      0x0800056b   Thumb Code     0  startup_stm32f10x_md.o(.text)
    CAN1_SCE_IRQHandler                      0x0800056b   Thumb Code     0  startup_stm32f10x_md.o(.text)
    DMA1_Channel1_IRQHandler                 0x0800056b   Thumb Code     0  startup_stm32f10x_md.o(.text)
    DMA1_Channel2_IRQHandler                 0x0800056b   Thumb Code     0  startup_stm32f10x_md.o(.text)
    DMA1_Channel3_IRQHandler                 0x0800056b   Thumb Code     0  startup_stm32f10x_md.o(.text)
    DMA1_Channel4_IRQHandler                 0x0800056b   Thumb Code     0  startup_stm32f10x_md.o(.text)
    DMA1_Channel5_IRQHandler                 0x0800056b   Thumb Code     0  startup_stm32f10x_md.o(.text)
    DMA1_Channel6_IRQHandler                 0x0800056b   Thumb Code     0  startup_stm32f10x_md.o(.text)
    DMA1_Channel7_IRQHandler                 0x0800056b   Thumb Code     0  startup_stm32f10x_md.o(.text)
    EXTI15_10_IRQHandler                     0x0800056b   Thumb Code     0  startup_stm32f10x_md.o(.text)
    EXTI1_IRQHandler                         0x0800056b   Thumb Code     0  startup_stm32f10x_md.o(.text)
    EXTI2_IRQHandler                         0x0800056b   Thumb Code     0  startup_stm32f10x_md.o(.text)
    EXTI3_IRQHandler                         0x0800056b   Thumb Code     0  startup_stm32f10x_md.o(.text)
    EXTI4_IRQHandler                         0x0800056b   Thumb Code     0  startup_stm32f10x_md.o(.text)
    EXTI9_5_IRQHandler                       0x0800056b   Thumb Code     0  startup_stm32f10x_md.o(.text)
    FLASH_IRQHandler                         0x0800056b   Thumb Code     0  startup_stm32f10x_md.o(.text)
    I2C1_ER_IRQHandler                       0x0800056b   Thumb Code     0  startup_stm32f10x_md.o(.text)
    I2C1_EV_IRQHandler                       0x0800056b   Thumb Code     0  startup_stm32f10x_md.o(.text)
    I2C2_ER_IRQHandler                       0x0800056b   Thumb Code     0  startup_stm32f10x_md.o(.text)
    I2C2_EV_IRQHandler                       0x0800056b   Thumb Code     0  startup_stm32f10x_md.o(.text)
    PVD_IRQHandler                           0x0800056b   Thumb Code     0  startup_stm32f10x_md.o(.text)
    RCC_IRQHandler                           0x0800056b   Thumb Code     0  startup_stm32f10x_md.o(.text)
    RTCAlarm_IRQHandler                      0x0800056b   Thumb Code     0  startup_stm32f10x_md.o(.text)
    SPI1_IRQHandler                          0x0800056b   Thumb Code     0  startup_stm32f10x_md.o(.text)
    SPI2_IRQHandler                          0x0800056b   Thumb Code     0  startup_stm32f10x_md.o(.text)
    TAMPER_IRQHandler                        0x0800056b   Thumb Code     0  startup_stm32f10x_md.o(.text)
    TIM1_BRK_IRQHandler                      0x0800056b   Thumb Code     0  startup_stm32f10x_md.o(.text)
    TIM1_CC_IRQHandler                       0x0800056b   Thumb Code     0  startup_stm32f10x_md.o(.text)
    TIM1_TRG_COM_IRQHandler                  0x0800056b   Thumb Code     0  startup_stm32f10x_md.o(.text)
    TIM1_UP_IRQHandler                       0x0800056b   Thumb Code     0  startup_stm32f10x_md.o(.text)
    TIM3_IRQHandler                          0x0800056b   Thumb Code     0  startup_stm32f10x_md.o(.text)
    TIM4_IRQHandler                          0x0800056b   Thumb Code     0  startup_stm32f10x_md.o(.text)
    USART3_IRQHandler                        0x0800056b   Thumb Code     0  startup_stm32f10x_md.o(.text)
    USBWakeUp_IRQHandler                     0x0800056b   Thumb Code     0  startup_stm32f10x_md.o(.text)
    USB_HP_CAN1_TX_IRQHandler                0x0800056b   Thumb Code     0  startup_stm32f10x_md.o(.text)
    USB_LP_CAN1_RX0_IRQHandler               0x0800056b   Thumb Code     0  startup_stm32f10x_md.o(.text)
    WWDG_IRQHandler                          0x0800056b   Thumb Code     0  startup_stm32f10x_md.o(.text)
    __user_initial_stackheap                 0x0800056d   Thumb Code     0  startup_stm32f10x_md.o(.text)
    NVIC_PriorityGroupConfig                 0x08000591   Thumb Code    10  misc.o(.text)
    NVIC_Init                                0x0800059b   Thumb Code   100  misc.o(.text)
    NVIC_SetVectorTable                      0x080005ff   Thumb Code    14  misc.o(.text)
    NVIC_SystemLPConfig                      0x0800060d   Thumb Code    34  misc.o(.text)
    SysTick_CLKSourceConfig                  0x0800062f   Thumb Code    40  misc.o(.text)
    GPIO_DeInit                              0x0800066d   Thumb Code   172  stm32f10x_gpio.o(.text)
    GPIO_AFIODeInit                          0x08000719   Thumb Code    20  stm32f10x_gpio.o(.text)
    GPIO_Init                                0x0800072d   Thumb Code   278  stm32f10x_gpio.o(.text)
    GPIO_StructInit                          0x08000843   Thumb Code    16  stm32f10x_gpio.o(.text)
    GPIO_ReadInputDataBit                    0x08000853   Thumb Code    18  stm32f10x_gpio.o(.text)
    GPIO_ReadInputData                       0x08000865   Thumb Code     8  stm32f10x_gpio.o(.text)
    GPIO_ReadOutputDataBit                   0x0800086d   Thumb Code    18  stm32f10x_gpio.o(.text)
    GPIO_ReadOutputData                      0x0800087f   Thumb Code     8  stm32f10x_gpio.o(.text)
    GPIO_SetBits                             0x08000887   Thumb Code     4  stm32f10x_gpio.o(.text)
    GPIO_ResetBits                           0x0800088b   Thumb Code     4  stm32f10x_gpio.o(.text)
    GPIO_WriteBit                            0x0800088f   Thumb Code    10  stm32f10x_gpio.o(.text)
    GPIO_Write                               0x08000899   Thumb Code     4  stm32f10x_gpio.o(.text)
    GPIO_PinLockConfig                       0x0800089d   Thumb Code    18  stm32f10x_gpio.o(.text)
    GPIO_EventOutputConfig                   0x080008af   Thumb Code    26  stm32f10x_gpio.o(.text)
    GPIO_EventOutputCmd                      0x080008c9   Thumb Code     6  stm32f10x_gpio.o(.text)
    GPIO_PinRemapConfig                      0x080008cf   Thumb Code   138  stm32f10x_gpio.o(.text)
    GPIO_EXTILineConfig                      0x08000959   Thumb Code    66  stm32f10x_gpio.o(.text)
    GPIO_ETH_MediaInterfaceConfig            0x0800099b   Thumb Code     8  stm32f10x_gpio.o(.text)
    RCC_DeInit                               0x080009c9   Thumb Code    64  stm32f10x_rcc.o(.text)
    RCC_HSEConfig                            0x08000a09   Thumb Code    70  stm32f10x_rcc.o(.text)
    RCC_GetFlagStatus                        0x08000a4f   Thumb Code    56  stm32f10x_rcc.o(.text)
    RCC_WaitForHSEStartUp                    0x08000a87   Thumb Code    56  stm32f10x_rcc.o(.text)
    RCC_AdjustHSICalibrationValue            0x08000abf   Thumb Code    20  stm32f10x_rcc.o(.text)
    RCC_HSICmd                               0x08000ad3   Thumb Code     6  stm32f10x_rcc.o(.text)
    RCC_PLLConfig                            0x08000ad9   Thumb Code    24  stm32f10x_rcc.o(.text)
    RCC_PLLCmd                               0x08000af1   Thumb Code     6  stm32f10x_rcc.o(.text)
    RCC_SYSCLKConfig                         0x08000af7   Thumb Code    18  stm32f10x_rcc.o(.text)
    RCC_GetSYSCLKSource                      0x08000b09   Thumb Code    10  stm32f10x_rcc.o(.text)
    RCC_HCLKConfig                           0x08000b13   Thumb Code    18  stm32f10x_rcc.o(.text)
    RCC_PCLK1Config                          0x08000b25   Thumb Code    18  stm32f10x_rcc.o(.text)
    RCC_PCLK2Config                          0x08000b37   Thumb Code    20  stm32f10x_rcc.o(.text)
    RCC_ITConfig                             0x08000b4b   Thumb Code    26  stm32f10x_rcc.o(.text)
    RCC_USBCLKConfig                         0x08000b65   Thumb Code     8  stm32f10x_rcc.o(.text)
    RCC_ADCCLKConfig                         0x08000b6d   Thumb Code    18  stm32f10x_rcc.o(.text)
    RCC_LSEConfig                            0x08000b7f   Thumb Code    50  stm32f10x_rcc.o(.text)
    RCC_LSICmd                               0x08000bb1   Thumb Code     6  stm32f10x_rcc.o(.text)
    RCC_RTCCLKConfig                         0x08000bb7   Thumb Code    12  stm32f10x_rcc.o(.text)
    RCC_RTCCLKCmd                            0x08000bc3   Thumb Code     8  stm32f10x_rcc.o(.text)
    RCC_GetClocksFreq                        0x08000bcb   Thumb Code   192  stm32f10x_rcc.o(.text)
    RCC_AHBPeriphClockCmd                    0x08000c8b   Thumb Code    26  stm32f10x_rcc.o(.text)
    RCC_APB2PeriphClockCmd                   0x08000ca5   Thumb Code    26  stm32f10x_rcc.o(.text)
    RCC_APB1PeriphClockCmd                   0x08000cbf   Thumb Code    26  stm32f10x_rcc.o(.text)
    RCC_APB2PeriphResetCmd                   0x08000cd9   Thumb Code    26  stm32f10x_rcc.o(.text)
    RCC_APB1PeriphResetCmd                   0x08000cf3   Thumb Code    26  stm32f10x_rcc.o(.text)
    RCC_BackupResetCmd                       0x08000d0d   Thumb Code     8  stm32f10x_rcc.o(.text)
    RCC_ClockSecuritySystemCmd               0x08000d15   Thumb Code     6  stm32f10x_rcc.o(.text)
    RCC_MCOConfig                            0x08000d1b   Thumb Code     6  stm32f10x_rcc.o(.text)
    RCC_ClearFlag                            0x08000d21   Thumb Code    14  stm32f10x_rcc.o(.text)
    RCC_GetITStatus                          0x08000d2f   Thumb Code    20  stm32f10x_rcc.o(.text)
    RCC_ClearITPendingBit                    0x08000d43   Thumb Code     6  stm32f10x_rcc.o(.text)
    USART_DeInit                             0x08000d6d   Thumb Code   134  stm32f10x_usart.o(.text)
    USART_Init                               0x08000df3   Thumb Code   210  stm32f10x_usart.o(.text)
    USART_StructInit                         0x08000ec5   Thumb Code    24  stm32f10x_usart.o(.text)
    USART_ClockInit                          0x08000edd   Thumb Code    34  stm32f10x_usart.o(.text)
    USART_ClockStructInit                    0x08000eff   Thumb Code    12  stm32f10x_usart.o(.text)
    USART_Cmd                                0x08000f0b   Thumb Code    24  stm32f10x_usart.o(.text)
    USART_ITConfig                           0x08000f23   Thumb Code    74  stm32f10x_usart.o(.text)
    USART_DMACmd                             0x08000f6d   Thumb Code    18  stm32f10x_usart.o(.text)
    USART_SetAddress                         0x08000f7f   Thumb Code    18  stm32f10x_usart.o(.text)
    USART_WakeUpConfig                       0x08000f91   Thumb Code    18  stm32f10x_usart.o(.text)
    USART_ReceiverWakeUpCmd                  0x08000fa3   Thumb Code    24  stm32f10x_usart.o(.text)
    USART_LINBreakDetectLengthConfig         0x08000fbb   Thumb Code    18  stm32f10x_usart.o(.text)
    USART_LINCmd                             0x08000fcd   Thumb Code    24  stm32f10x_usart.o(.text)
    USART_SendData                           0x08000fe5   Thumb Code     8  stm32f10x_usart.o(.text)
    USART_ReceiveData                        0x08000fed   Thumb Code    10  stm32f10x_usart.o(.text)
    USART_SendBreak                          0x08000ff7   Thumb Code    10  stm32f10x_usart.o(.text)
    USART_SetGuardTime                       0x08001001   Thumb Code    16  stm32f10x_usart.o(.text)
    USART_SetPrescaler                       0x08001011   Thumb Code    16  stm32f10x_usart.o(.text)
    USART_SmartCardCmd                       0x08001021   Thumb Code    24  stm32f10x_usart.o(.text)
    USART_SmartCardNACKCmd                   0x08001039   Thumb Code    24  stm32f10x_usart.o(.text)
    USART_HalfDuplexCmd                      0x08001051   Thumb Code    24  stm32f10x_usart.o(.text)
    USART_OverSampling8Cmd                   0x08001069   Thumb Code    22  stm32f10x_usart.o(.text)
    USART_OneBitMethodCmd                    0x0800107f   Thumb Code    24  stm32f10x_usart.o(.text)
    USART_IrDAConfig                         0x08001097   Thumb Code    18  stm32f10x_usart.o(.text)
    USART_IrDACmd                            0x080010a9   Thumb Code    24  stm32f10x_usart.o(.text)
    USART_GetFlagStatus                      0x080010c1   Thumb Code    26  stm32f10x_usart.o(.text)
    USART_ClearFlag                          0x080010db   Thumb Code    18  stm32f10x_usart.o(.text)
    USART_GetITStatus                        0x080010ed   Thumb Code    84  stm32f10x_usart.o(.text)
    USART_ClearITPendingBit                  0x08001141   Thumb Code    52  stm32f10x_usart.o(.text)
    TIM_DeInit                               0x08001175   Thumb Code   424  stm32f10x_tim.o(.text)
    TIM_TimeBaseInit                         0x0800131d   Thumb Code   122  stm32f10x_tim.o(.text)
    TIM_OC1Init                              0x08001397   Thumb Code   132  stm32f10x_tim.o(.text)
    TIM_OC2Init                              0x0800141b   Thumb Code   154  stm32f10x_tim.o(.text)
    TIM_OC3Init                              0x080014b5   Thumb Code   150  stm32f10x_tim.o(.text)
    TIM_OC4Init                              0x0800154b   Thumb Code   182  stm32f10x_tim.o(.text)
    TIM_SetIC4Prescaler                      0x08001601   Thumb Code    26  stm32f10x_tim.o(.text)
    TIM_SetIC3Prescaler                      0x0800169d   Thumb Code    18  stm32f10x_tim.o(.text)
    TIM_SetIC2Prescaler                      0x08001729   Thumb Code    26  stm32f10x_tim.o(.text)
    TIM_SetIC1Prescaler                      0x080017c5   Thumb Code    18  stm32f10x_tim.o(.text)
    TIM_ICInit                               0x08001843   Thumb Code   150  stm32f10x_tim.o(.text)
    TIM_PWMIConfig                           0x080018d9   Thumb Code   124  stm32f10x_tim.o(.text)
    TIM_BDTRConfig                           0x08001955   Thumb Code    32  stm32f10x_tim.o(.text)
    TIM_TimeBaseStructInit                   0x08001975   Thumb Code    18  stm32f10x_tim.o(.text)
    TIM_OCStructInit                         0x08001987   Thumb Code    20  stm32f10x_tim.o(.text)
    TIM_ICStructInit                         0x0800199b   Thumb Code    18  stm32f10x_tim.o(.text)
    TIM_BDTRStructInit                       0x080019ad   Thumb Code    40  stm32f10x_tim.o(.text)
    TIM_Cmd                                  0x080019d5   Thumb Code    24  stm32f10x_tim.o(.text)
    TIM_CtrlPWMOutputs                       0x080019ed   Thumb Code    30  stm32f10x_tim.o(.text)
    TIM_ITConfig                             0x08001a0b   Thumb Code    18  stm32f10x_tim.o(.text)
    TIM_GenerateEvent                        0x08001a1d   Thumb Code     4  stm32f10x_tim.o(.text)
    TIM_DMAConfig                            0x08001a21   Thumb Code    10  stm32f10x_tim.o(.text)
    TIM_DMACmd                               0x08001a2b   Thumb Code    18  stm32f10x_tim.o(.text)
    TIM_InternalClockConfig                  0x08001a3d   Thumb Code    12  stm32f10x_tim.o(.text)
    TIM_SelectInputTrigger                   0x08001a49   Thumb Code    18  stm32f10x_tim.o(.text)
    TIM_ITRxExternalClockConfig              0x08001a5b   Thumb Code    24  stm32f10x_tim.o(.text)
    TIM_TIxExternalClockConfig               0x08001a73   Thumb Code    62  stm32f10x_tim.o(.text)
    TIM_ETRConfig                            0x08001ab1   Thumb Code    28  stm32f10x_tim.o(.text)
    TIM_ETRClockMode1Config                  0x08001acd   Thumb Code    54  stm32f10x_tim.o(.text)
    TIM_ETRClockMode2Config                  0x08001b03   Thumb Code    32  stm32f10x_tim.o(.text)
    TIM_PrescalerConfig                      0x08001b23   Thumb Code     6  stm32f10x_tim.o(.text)
    TIM_CounterModeConfig                    0x08001b29   Thumb Code    18  stm32f10x_tim.o(.text)
    TIM_EncoderInterfaceConfig               0x08001b3b   Thumb Code    66  stm32f10x_tim.o(.text)
    TIM_ForcedOC1Config                      0x08001b7d   Thumb Code    18  stm32f10x_tim.o(.text)
    TIM_ForcedOC2Config                      0x08001b8f   Thumb Code    26  stm32f10x_tim.o(.text)
    TIM_ForcedOC3Config                      0x08001ba9   Thumb Code    18  stm32f10x_tim.o(.text)
    TIM_ForcedOC4Config                      0x08001bbb   Thumb Code    26  stm32f10x_tim.o(.text)
    TIM_ARRPreloadConfig                     0x08001bd5   Thumb Code    24  stm32f10x_tim.o(.text)
    TIM_SelectCOM                            0x08001bed   Thumb Code    24  stm32f10x_tim.o(.text)
    TIM_SelectCCDMA                          0x08001c05   Thumb Code    24  stm32f10x_tim.o(.text)
    TIM_CCPreloadControl                     0x08001c1d   Thumb Code    24  stm32f10x_tim.o(.text)
    TIM_OC1PreloadConfig                     0x08001c35   Thumb Code    18  stm32f10x_tim.o(.text)
    TIM_OC2PreloadConfig                     0x08001c47   Thumb Code    26  stm32f10x_tim.o(.text)
    TIM_OC3PreloadConfig                     0x08001c61   Thumb Code    18  stm32f10x_tim.o(.text)
    TIM_OC4PreloadConfig                     0x08001c73   Thumb Code    26  stm32f10x_tim.o(.text)
    TIM_OC1FastConfig                        0x08001c8d   Thumb Code    18  stm32f10x_tim.o(.text)
    TIM_OC2FastConfig                        0x08001c9f   Thumb Code    26  stm32f10x_tim.o(.text)
    TIM_OC3FastConfig                        0x08001cb9   Thumb Code    18  stm32f10x_tim.o(.text)
    TIM_OC4FastConfig                        0x08001ccb   Thumb Code    26  stm32f10x_tim.o(.text)
    TIM_ClearOC1Ref                          0x08001ce5   Thumb Code    18  stm32f10x_tim.o(.text)
    TIM_ClearOC2Ref                          0x08001cf7   Thumb Code    24  stm32f10x_tim.o(.text)
    TIM_ClearOC3Ref                          0x08001d0f   Thumb Code    18  stm32f10x_tim.o(.text)
    TIM_ClearOC4Ref                          0x08001d21   Thumb Code    24  stm32f10x_tim.o(.text)
    TIM_OC1PolarityConfig                    0x08001d39   Thumb Code    18  stm32f10x_tim.o(.text)
    TIM_OC1NPolarityConfig                   0x08001d4b   Thumb Code    18  stm32f10x_tim.o(.text)
    TIM_OC2PolarityConfig                    0x08001d5d   Thumb Code    26  stm32f10x_tim.o(.text)
    TIM_OC2NPolarityConfig                   0x08001d77   Thumb Code    26  stm32f10x_tim.o(.text)
    TIM_OC3PolarityConfig                    0x08001d91   Thumb Code    26  stm32f10x_tim.o(.text)
    TIM_OC3NPolarityConfig                   0x08001dab   Thumb Code    26  stm32f10x_tim.o(.text)
    TIM_OC4PolarityConfig                    0x08001dc5   Thumb Code    26  stm32f10x_tim.o(.text)
    TIM_CCxCmd                               0x08001ddf   Thumb Code    30  stm32f10x_tim.o(.text)
    TIM_CCxNCmd                              0x08001dfd   Thumb Code    30  stm32f10x_tim.o(.text)
    TIM_SelectOCxM                           0x08001e1b   Thumb Code    82  stm32f10x_tim.o(.text)
    TIM_UpdateDisableConfig                  0x08001e6d   Thumb Code    24  stm32f10x_tim.o(.text)
    TIM_UpdateRequestConfig                  0x08001e85   Thumb Code    24  stm32f10x_tim.o(.text)
    TIM_SelectHallSensor                     0x08001e9d   Thumb Code    24  stm32f10x_tim.o(.text)
    TIM_SelectOnePulseMode                   0x08001eb5   Thumb Code    18  stm32f10x_tim.o(.text)
    TIM_SelectOutputTrigger                  0x08001ec7   Thumb Code    18  stm32f10x_tim.o(.text)
    TIM_SelectSlaveMode                      0x08001ed9   Thumb Code    18  stm32f10x_tim.o(.text)
    TIM_SelectMasterSlaveMode                0x08001eeb   Thumb Code    18  stm32f10x_tim.o(.text)
    TIM_SetCounter                           0x08001efd   Thumb Code     4  stm32f10x_tim.o(.text)
    TIM_SetAutoreload                        0x08001f01   Thumb Code     4  stm32f10x_tim.o(.text)
    TIM_SetCompare1                          0x08001f05   Thumb Code     4  stm32f10x_tim.o(.text)
    TIM_SetCompare2                          0x08001f09   Thumb Code     4  stm32f10x_tim.o(.text)
    TIM_SetCompare3                          0x08001f0d   Thumb Code     4  stm32f10x_tim.o(.text)
    TIM_SetCompare4                          0x08001f11   Thumb Code     6  stm32f10x_tim.o(.text)
    TIM_SetClockDivision                     0x08001f17   Thumb Code    18  stm32f10x_tim.o(.text)
    TIM_GetCapture1                          0x08001f29   Thumb Code     6  stm32f10x_tim.o(.text)
    TIM_GetCapture2                          0x08001f2f   Thumb Code     6  stm32f10x_tim.o(.text)
    TIM_GetCapture3                          0x08001f35   Thumb Code     6  stm32f10x_tim.o(.text)
    TIM_GetCapture4                          0x08001f3b   Thumb Code     8  stm32f10x_tim.o(.text)
    TIM_GetCounter                           0x08001f43   Thumb Code     6  stm32f10x_tim.o(.text)
    TIM_GetPrescaler                         0x08001f49   Thumb Code     6  stm32f10x_tim.o(.text)
    TIM_GetFlagStatus                        0x08001f4f   Thumb Code    18  stm32f10x_tim.o(.text)
    TIM_ClearFlag                            0x08001f61   Thumb Code     6  stm32f10x_tim.o(.text)
    TIM_GetITStatus                          0x08001f67   Thumb Code    34  stm32f10x_tim.o(.text)
    TIM_ClearITPendingBit                    0x08001f89   Thumb Code     6  stm32f10x_tim.o(.text)
    Beep_Set                                 0x08001f91   Thumb Code    22  beep.o(.text)
    Beep_Init                                0x08001fa7   Thumb Code    60  beep.o(.text)
    Delay_Init                               0x08001ff1   Thumb Code    48  delay.o(.text)
    DelayUs                                  0x08002021   Thumb Code    60  delay.o(.text)
    DelayXms                                 0x0800205d   Thumb Code    66  delay.o(.text)
    DelayMs                                  0x0800209f   Thumb Code    60  delay.o(.text)
    Usart1_Init                              0x080020e5   Thumb Code   166  usart.o(.text)
    Usart2_Init                              0x0800218b   Thumb Code   162  usart.o(.text)
    Usart_SendString                         0x0800222d   Thumb Code    50  usart.o(.text)
    UsartPrintf                              0x0800225f   Thumb Code    72  usart.o(.text)
    USART1_IRQHandler                        0x080022a7   Thumb Code    24  usart.o(.text)
    Key_Init                                 0x080022cd   Thumb Code    40  key.o(.text)
    GetKeyNum                                0x080022f5   Thumb Code    88  key.o(.text)
    LED_Init                                 0x08002351   Thumb Code    46  led.o(.text)
    LED1_TURN                                0x0800237f   Thumb Code    32  led.o(.text)
    LED1_Set                                 0x0800239f   Thumb Code    22  led.o(.text)
    LED_Run                                  0x080023b5   Thumb Code    24  led.o(.text)
    OLED_I2C_Init                            0x080023d5   Thumb Code    76  oled.o(.text)
    OLED_I2C_Start                           0x08002421   Thumb Code    48  oled.o(.text)
    OLED_I2C_Stop                            0x08002451   Thumb Code    36  oled.o(.text)
    OLED_I2C_SendByte                        0x08002475   Thumb Code    80  oled.o(.text)
    OLED_WriteCommand                        0x080024c5   Thumb Code    32  oled.o(.text)
    OLED_WriteData                           0x080024e5   Thumb Code    32  oled.o(.text)
    OLED_SetCursor                           0x08002505   Thumb Code    34  oled.o(.text)
    OLED_Clear                               0x08002527   Thumb Code    42  oled.o(.text)
    OLED_ShowChar                            0x08002551   Thumb Code   110  oled.o(.text)
    OLED_ShowString                          0x080025bf   Thumb Code    40  oled.o(.text)
    OLED_Pow                                 0x080025e7   Thumb Code    20  oled.o(.text)
    OLED_ShowNum                             0x080025fb   Thumb Code    68  oled.o(.text)
    OLED_ShowSignedNum                       0x0800263f   Thumb Code   102  oled.o(.text)
    OLED_ShowHexNum                          0x080026a5   Thumb Code    84  oled.o(.text)
    OLED_ShowBinNum                          0x080026f9   Thumb Code    62  oled.o(.text)
    OLED_Init                                0x08002737   Thumb Code   182  oled.o(.text)
    Timer_Init                               0x080027ed   Thumb Code   116  timer.o(.text)
    TIM2_IRQHandler                          0x08002861   Thumb Code    28  timer.o(.text)
    Hardware_Init                            0x0800287d   Thumb Code    56  main.o(.text)
    main                                     0x080028b5   Thumb Code   226  main.o(.text)
    OneNET_RegisterDevice                    0x08002c6b   Thumb Code   216  onenet.o(.text)
    OneNet_DevLink                           0x08002d43   Thumb Code   242  onenet.o(.text)
    OneNet_FillBuf                           0x08002e35   Thumb Code   976  onenet.o(.text)
    OneNet_SendData                          0x08003205   Thumb Code   116  onenet.o(.text)
    OneNET_Publish                           0x08003279   Thumb Code    86  onenet.o(.text)
    OneNET_Subscribe                         0x080032cf   Thumb Code    86  onenet.o(.text)
    OneNet_RevPro                            0x08003325   Thumb Code   280  onenet.o(.text)
    ft                                       0x08003561   Thumb Code    76  hmac_sha1.o(.text)
    k                                        0x080035ad   Thumb Code    34  hmac_sha1.o(.text)
    rotr                                     0x080035cf   Thumb Code    40  hmac_sha1.o(.text)
    rotl                                     0x080035f7   Thumb Code    46  hmac_sha1.o(.text)
    sha1                                     0x08003625   Thumb Code   632  hmac_sha1.o(.text)
    hmac_sha1                                0x0800389d   Thumb Code   330  hmac_sha1.o(.text)
    BASE64_Encode                            0x080039e9   Thumb Code   320  base64.o(.text)
    BASE64_Decode                            0x08003b29   Thumb Code   360  base64.o(.text)
    MQTT_NewBuffer                           0x08003c99   Thumb Code    88  mqttkit.o(.text)
    MQTT_DeleteBuffer                        0x08003cf1   Thumb Code    28  mqttkit.o(.text)
    MQTT_DumpLength                          0x08003d0d   Thumb Code    46  mqttkit.o(.text)
    MQTT_ReadLength                          0x08003d3b   Thumb Code    70  mqttkit.o(.text)
    MQTT_UnPacketRecv                        0x08003d81   Thumb Code   106  mqttkit.o(.text)
    MQTT_PacketConnect                       0x08003deb   Thumb Code   666  mqttkit.o(.text)
    MQTT_PacketDisConnect                    0x08004085   Thumb Code    48  mqttkit.o(.text)
    MQTT_UnPacketConnectAck                  0x080040b5   Thumb Code    30  mqttkit.o(.text)
    MQTT_PacketPublish                       0x080040d3   Thumb Code   452  mqttkit.o(.text)
    MQTT_PacketSaveData                      0x08004297   Thumb Code    68  mqttkit.o(.text)
    MQTT_PacketSaveBinData                   0x080042db   Thumb Code   192  mqttkit.o(.text)
    MQTT_UnPacketCmd                         0x0800439b   Thumb Code   140  mqttkit.o(.text)
    MQTT_PacketCmdResp                       0x08004427   Thumb Code   132  mqttkit.o(.text)
    MQTT_PacketSubscribe                     0x080044ab   Thumb Code   254  mqttkit.o(.text)
    MQTT_UnPacketSubscribe                   0x080045a9   Thumb Code    52  mqttkit.o(.text)
    MQTT_PacketUnSubscribe                   0x080045dd   Thumb Code   300  mqttkit.o(.text)
    MQTT_UnPacketUnSubscribe                 0x08004709   Thumb Code    18  mqttkit.o(.text)
    MQTT_UnPacketPublish                     0x0800471b   Thumb Code   440  mqttkit.o(.text)
    MQTT_PacketPublishAck                    0x080048d3   Thumb Code    72  mqttkit.o(.text)
    MQTT_UnPacketPublishAck                  0x0800491b   Thumb Code    30  mqttkit.o(.text)
    MQTT_PacketPublishRec                    0x08004939   Thumb Code    72  mqttkit.o(.text)
    MQTT_UnPacketPublishRec                  0x08004981   Thumb Code    30  mqttkit.o(.text)
    MQTT_PacketPublishRel                    0x0800499f   Thumb Code    72  mqttkit.o(.text)
    MQTT_UnPacketPublishRel                  0x080049e7   Thumb Code    36  mqttkit.o(.text)
    MQTT_PacketPublishComp                   0x08004a0b   Thumb Code    72  mqttkit.o(.text)
    MQTT_UnPacketPublishComp                 0x08004a53   Thumb Code    30  mqttkit.o(.text)
    MQTT_PacketPing                          0x08004a71   Thumb Code    48  mqttkit.o(.text)
    ESP8266_Clear                            0x08004aa1   Thumb Code    20  esp8266.o(.text)
    ESP8266_WaitRecive                       0x08004ab5   Thumb Code    42  esp8266.o(.text)
    ESP8266_SendCmd                          0x08004adf   Thumb Code    76  esp8266.o(.text)
    ESP8266_SendData                         0x08004b2b   Thumb Code    46  esp8266.o(.text)
    ESP8266_GetIPD                           0x08004b59   Thumb Code    68  esp8266.o(.text)
    ESP8266_Init                             0x08004b9d   Thumb Code   136  esp8266.o(.text)
    USART2_IRQHandler                        0x08004c25   Thumb Code    64  esp8266.o(.text)
    cJSON_GetErrorPtr                        0x08004d35   Thumb Code     6  cjson.o(.text)
    cJSON_InitHooks                          0x08004daf   Thumb Code    48  cjson.o(.text)
    cJSON_Delete                             0x08004df9   Thumb Code    82  cjson.o(.text)
    cJSON_ParseWithOpts                      0x08005965   Thumb Code   152  cjson.o(.text)
    cJSON_Parse                              0x080059fd   Thumb Code    16  cjson.o(.text)
    cJSON_Print                              0x0800618d   Thumb Code    18  cjson.o(.text)
    cJSON_PrintUnformatted                   0x0800619f   Thumb Code    18  cjson.o(.text)
    cJSON_PrintBuffered                      0x080061b1   Thumb Code    52  cjson.o(.text)
    cJSON_GetArraySize                       0x080061e5   Thumb Code    18  cjson.o(.text)
    cJSON_GetArrayItem                       0x080061f7   Thumb Code    18  cjson.o(.text)
    cJSON_GetObjectItem                      0x08006209   Thumb Code    30  cjson.o(.text)
    cJSON_AddItemToArray                     0x0800625d   Thumb Code    42  cjson.o(.text)
    cJSON_AddItemToObject                    0x08006287   Thumb Code    44  cjson.o(.text)
    cJSON_AddItemToObjectCS                  0x080062b3   Thumb Code    54  cjson.o(.text)
    cJSON_AddItemReferenceToArray            0x080062e9   Thumb Code    24  cjson.o(.text)
    cJSON_AddItemReferenceToObject           0x08006301   Thumb Code    32  cjson.o(.text)
    cJSON_DetachItemFromArray                0x08006321   Thumb Code    66  cjson.o(.text)
    cJSON_DeleteItemFromArray                0x08006363   Thumb Code    22  cjson.o(.text)
    cJSON_DetachItemFromObject               0x08006379   Thumb Code    50  cjson.o(.text)
    cJSON_DeleteItemFromObject               0x080063ab   Thumb Code    22  cjson.o(.text)
    cJSON_InsertItemInArray                  0x080063c1   Thumb Code    64  cjson.o(.text)
    cJSON_ReplaceItemInArray                 0x08006401   Thumb Code    76  cjson.o(.text)
    cJSON_ReplaceItemInObject                0x0800644d   Thumb Code    62  cjson.o(.text)
    cJSON_CreateNull                         0x0800648b   Thumb Code    18  cjson.o(.text)
    cJSON_CreateTrue                         0x0800649d   Thumb Code    18  cjson.o(.text)
    cJSON_CreateFalse                        0x080064af   Thumb Code    18  cjson.o(.text)
    cJSON_CreateBool                         0x080064c1   Thumb Code    26  cjson.o(.text)
    cJSON_CreateNumber                       0x080064db   Thumb Code    36  cjson.o(.text)
    cJSON_CreateString                       0x080064ff   Thumb Code    28  cjson.o(.text)
    cJSON_CreateArray                        0x0800651b   Thumb Code    18  cjson.o(.text)
    cJSON_CreateObject                       0x0800652d   Thumb Code    18  cjson.o(.text)
    cJSON_CreateIntArray                     0x0800653f   Thumb Code    68  cjson.o(.text)
    cJSON_CreateFloatArray                   0x08006583   Thumb Code    68  cjson.o(.text)
    cJSON_CreateDoubleArray                  0x080065c7   Thumb Code    68  cjson.o(.text)
    cJSON_CreateStringArray                  0x0800660b   Thumb Code    62  cjson.o(.text)
    cJSON_Duplicate                          0x08006649   Thumb Code   178  cjson.o(.text)
    cJSON_Minify                             0x080066fb   Thumb Code   186  cjson.o(.text)
    malloc                                   0x080067b5   Thumb Code    94  h1_alloc.o(.text)
    free                                     0x08006813   Thumb Code    78  h1_free.o(.text)
    tolower                                  0x08006861   Thumb Code    26  tolower.o(.text)
    __c89vsnprintf                           0x0800687d   Thumb Code    48  c89vsnprintf.o(.text)
    __2sprintf                               0x080068b1   Thumb Code    38  __2sprintf.o(.text)
    __2snprintf                              0x080068dd   Thumb Code    50  __2snprintf.o(.text)
    _printf_pre_padding                      0x08006915   Thumb Code    44  _printf_pad.o(.text)
    _printf_post_padding                     0x08006941   Thumb Code    34  _printf_pad.o(.text)
    _printf_str                              0x08006963   Thumb Code    82  _printf_str.o(.text)
    _printf_int_dec                          0x080069b5   Thumb Code   104  _printf_dec.o(.text)
    _printf_longlong_hex                     0x08006a2d   Thumb Code    86  _printf_hex_int_ll_ptr.o(.text)
    _printf_int_hex                          0x08006a83   Thumb Code    28  _printf_hex_int_ll_ptr.o(.text)
    _printf_ll_hex                           0x08006a9f   Thumb Code    12  _printf_hex_int_ll_ptr.o(.text)
    _printf_hex_ptr                          0x08006aab   Thumb Code    18  _printf_hex_int_ll_ptr.o(.text)
    __printf                                 0x08006ac1   Thumb Code   388  __printf_flags_ss_wp.o(.text)
    __0sscanf                                0x08006c49   Thumb Code    52  __0sscanf.o(.text)
    _scanf_int                               0x08006c85   Thumb Code   332  _scanf_int.o(.text)
    _scanf_string                            0x08006dd1   Thumb Code   224  _scanf_str.o(.text)
    strchr                                   0x08006eb1   Thumb Code    20  strchr.o(.text)
    strncat                                  0x08006ec5   Thumb Code    36  strncat.o(.text)
    strstr                                   0x08006ee9   Thumb Code    36  strstr.o(.text)
    strcpy                                   0x08006f0d   Thumb Code    72  strcpy.o(.text)
    strlen                                   0x08006f55   Thumb Code    62  strlen.o(.text)
    strncmp                                  0x08006f93   Thumb Code   150  strncmp.o(.text)
    strcat                                   0x08007029   Thumb Code    24  strcat.o(.text)
    __aeabi_memcpy                           0x08007041   Thumb Code     0  rt_memcpy_v6.o(.text)
    __rt_memcpy                              0x08007041   Thumb Code   138  rt_memcpy_v6.o(.text)
    _memcpy_lastbytes                        0x080070a7   Thumb Code     0  rt_memcpy_v6.o(.text)
    __aeabi_memcpy4                          0x080070cb   Thumb Code     0  rt_memcpy_w.o(.text)
    __aeabi_memcpy8                          0x080070cb   Thumb Code     0  rt_memcpy_w.o(.text)
    __rt_memcpy_w                            0x080070cb   Thumb Code   100  rt_memcpy_w.o(.text)
    _memcpy_lastbytes_aligned                0x08007113   Thumb Code     0  rt_memcpy_w.o(.text)
    __aeabi_memclr                           0x0800712f   Thumb Code     0  rt_memclr.o(.text)
    __rt_memclr                              0x0800712f   Thumb Code    68  rt_memclr.o(.text)
    _memset                                  0x08007133   Thumb Code     0  rt_memclr.o(.text)
    __aeabi_memclr4                          0x08007173   Thumb Code     0  rt_memclr_w.o(.text)
    __aeabi_memclr8                          0x08007173   Thumb Code     0  rt_memclr_w.o(.text)
    __rt_memclr_w                            0x08007173   Thumb Code    78  rt_memclr_w.o(.text)
    _memset_w                                0x08007177   Thumb Code     0  rt_memclr_w.o(.text)
    __use_two_region_memory                  0x080071c1   Thumb Code     2  heapauxi.o(.text)
    __rt_heap_escrow                         0x080071c3   Thumb Code     2  heapauxi.o(.text)
    __rt_heap_expand                         0x080071c5   Thumb Code     2  heapauxi.o(.text)
    __rt_ctype_table                         0x080071c9   Thumb Code    16  rt_ctype_table.o(.text)
    __rt_heap_descriptor                     0x080071d9   Thumb Code     8  rt_heap_descriptor_intlibspace.o(.text)
    __use_no_heap                            0x080071e1   Thumb Code     2  hguard.o(.text)
    __heap$guard                             0x080071e3   Thumb Code     2  hguard.o(.text)
    _terminate_user_alloc                    0x080071e5   Thumb Code     2  init_alloc.o(.text)
    _init_user_alloc                         0x080071e7   Thumb Code     2  init_alloc.o(.text)
    __Heap_Full                              0x080071e9   Thumb Code    34  init_alloc.o(.text)
    __Heap_Broken                            0x0800720b   Thumb Code     6  init_alloc.o(.text)
    _init_alloc                              0x08007211   Thumb Code    94  init_alloc.o(.text)
    __Heap_Initialize                        0x0800726f   Thumb Code    10  h1_init.o(.text)
    __Heap_DescSize                          0x08007279   Thumb Code     4  h1_init.o(.text)
    __read_errno                             0x0800727d   Thumb Code    10  _rserrno.o(.text)
    __set_errno                              0x08007287   Thumb Code    12  _rserrno.o(.text)
    _printf_truncate_signed                  0x08007293   Thumb Code    18  _printf_truncate.o(.text)
    _printf_truncate_unsigned                0x080072a5   Thumb Code    18  _printf_truncate.o(.text)
    _printf_int_common                       0x080072b7   Thumb Code   178  _printf_intcommon.o(.text)
    _printf_charcount                        0x08007369   Thumb Code    40  _printf_charcount.o(.text)
    __lib_sel_fp_printf                      0x08007391   Thumb Code     2  _printf_fp_dec.o(.text)
    _printf_fp_dec_real                      0x08007543   Thumb Code   620  _printf_fp_dec.o(.text)
    _printf_char_common                      0x080077bb   Thumb Code    32  _printf_char_common.o(.text)
    _sputc                                   0x080077e1   Thumb Code    10  _sputc.o(.text)
    _snputc                                  0x080077eb   Thumb Code    16  _snputc.o(.text)
    _printf_cs_common                        0x080077fb   Thumb Code    20  _printf_char.o(.text)
    _printf_char                             0x0800780f   Thumb Code    16  _printf_char.o(.text)
    _printf_string                           0x0800781f   Thumb Code     8  _printf_char.o(.text)
    _printf_wctomb                           0x08007829   Thumb Code   182  _printf_wctomb.o(.text)
    _printf_longlong_dec                     0x080078e5   Thumb Code   108  _printf_longlong_dec.o(.text)
    _printf_longlong_oct                     0x08007961   Thumb Code    66  _printf_oct_int_ll.o(.text)
    _printf_int_oct                          0x080079a3   Thumb Code    24  _printf_oct_int_ll.o(.text)
    _printf_ll_oct                           0x080079bb   Thumb Code    12  _printf_oct_int_ll.o(.text)
    _chval                                   0x080079d1   Thumb Code    28  _chval.o(.text)
    __vfscanf_char                           0x080079f9   Thumb Code    24  scanf_char.o(.text)
    _sgetc                                   0x08007a19   Thumb Code    30  _sgetc.o(.text)
    _sbackspace                              0x08007a37   Thumb Code    34  _sgetc.o(.text)
    __user_libspace                          0x08007a59   Thumb Code     8  libspace.o(.text)
    __user_perproc_libspace                  0x08007a59   Thumb Code     0  libspace.o(.text)
    __user_perthread_libspace                0x08007a59   Thumb Code     0  libspace.o(.text)
    __rt_locale                              0x08007a61   Thumb Code     8  rt_locale_intlibspace.o(.text)
    __aeabi_errno_addr                       0x08007a69   Thumb Code     8  rt_errno_addr_intlibspace.o(.text)
    __errno$intlibspace                      0x08007a69   Thumb Code     0  rt_errno_addr_intlibspace.o(.text)
    __rt_errno_addr$intlibspace              0x08007a69   Thumb Code     0  rt_errno_addr_intlibspace.o(.text)
    __Heap_ProvideMemory                     0x08007a71   Thumb Code    52  h1_extend.o(.text)
    _ll_udiv10                               0x08007aa5   Thumb Code   138  lludiv10.o(.text)
    isspace                                  0x08007b2f   Thumb Code    18  isspace.o(.text)
    _printf_fp_infnan                        0x08007b41   Thumb Code   112  _printf_fp_infnan.o(.text)
    _printf_lcs_common                       0x08007bc1   Thumb Code    20  _printf_wchar.o(.text)
    _printf_wchar                            0x08007bd5   Thumb Code    16  _printf_wchar.o(.text)
    _printf_wstring                          0x08007be5   Thumb Code     8  _printf_wchar.o(.text)
    __vfscanf                                0x08007bed   Thumb Code   880  _scanf.o(.text)
    _btod_etento                             0x08007f61   Thumb Code   224  bigflt0.o(.text)
    _wcrtomb                                 0x08008045   Thumb Code    64  _wcrtomb.o(.text)
    __rt_SIGRTMEM                            0x08008085   Thumb Code    14  defsig_rtmem_outer.o(.text)
    __I$use$semihosting                      0x08008093   Thumb Code     0  use_no_semi.o(.text)
    __use_no_semihosting_swi                 0x08008093   Thumb Code     2  use_no_semi.o(.text)
    __semihosting_library_function           0x08008095   Thumb Code     0  indicate_semi.o(.text)
    __user_setup_stackheap                   0x08008095   Thumb Code    74  sys_stackheap_outer.o(.text)
    exit                                     0x080080df   Thumb Code    18  exit.o(.text)
    __sig_exit                               0x080080f1   Thumb Code    10  defsig_exit.o(.text)
    __rt_SIGRTMEM_inner                      0x080080fd   Thumb Code    22  defsig_rtmem_inner.o(.text)
    strcmp                                   0x0800814d   Thumb Code   128  strcmpv7m.o(.text)
    _sys_exit                                0x080081cd   Thumb Code     8  sys_exit.o(.text)
    __default_signal_display                 0x080081d9   Thumb Code    50  defsig_general.o(.text)
    _ttywrch                                 0x0800820b   Thumb Code    14  sys_wrch.o(.text)
    _btod_d2e                                0x08008219   Thumb Code    62  btod.o(CL$$btod_d2e)
    _d2e_denorm_low                          0x08008257   Thumb Code    70  btod.o(CL$$btod_d2e_denorm_low)
    _d2e_norm_op1                            0x0800829d   Thumb Code    96  btod.o(CL$$btod_d2e_norm_op1)
    __btod_div_common                        0x080082fd   Thumb Code   696  btod.o(CL$$btod_div_common)
    _e2e                                     0x08008635   Thumb Code   220  btod.o(CL$$btod_e2e)
    _btod_ediv                               0x08008711   Thumb Code    42  btod.o(CL$$btod_ediv)
    _btod_emul                               0x0800873b   Thumb Code    42  btod.o(CL$$btod_emul)
    __btod_mult_common                       0x08008765   Thumb Code   580  btod.o(CL$$btod_mult_common)
    __ARM_fpclassify                         0x080089a9   Thumb Code    40  fpclassify.o(i.__ARM_fpclassify)
    __kernel_poly                            0x080089d1   Thumb Code   170  poly.o(i.__kernel_poly)
    __mathlib_dbl_divzero                    0x08008a7d   Thumb Code    12  dunder.o(i.__mathlib_dbl_divzero)
    __mathlib_dbl_infnan2                    0x08008a8d   Thumb Code     4  dunder.o(i.__mathlib_dbl_infnan2)
    __mathlib_dbl_invalid                    0x08008a91   Thumb Code    12  dunder.o(i.__mathlib_dbl_invalid)
    __mathlib_dbl_overflow                   0x08008a9d   Thumb Code    14  dunder.o(i.__mathlib_dbl_overflow)
    __mathlib_dbl_underflow                  0x08008aad   Thumb Code    10  dunder.o(i.__mathlib_dbl_underflow)
    _is_digit                                0x08008abd   Thumb Code    14  __printf_wp.o(i._is_digit)
    floor                                    0x08008acd   Thumb Code   204  floor.o(i.floor)
    pow                                      0x08008ba9   Thumb Code  2512  pow.o(i.pow)
    sqrt                                     0x08009581   Thumb Code    76  sqrt.o(i.sqrt)
    _get_lc_ctype                            0x080095cd   Thumb Code    44  lc_ctype_c.o(locale$$code)
    _get_lc_numeric                          0x080095f9   Thumb Code    44  lc_numeric_c.o(locale$$code)
    __aeabi_dadd                             0x08009625   Thumb Code     0  daddsub_clz.o(x$fpl$dadd)
    _dadd                                    0x08009625   Thumb Code   332  daddsub_clz.o(x$fpl$dadd)
    __fpl_dcheck_NaN1                        0x08009775   Thumb Code    10  dcheck1.o(x$fpl$dcheck1)
    __fpl_dcmp_Inf                           0x08009785   Thumb Code    24  dcmpi.o(x$fpl$dcmpinf)
    __aeabi_ddiv                             0x0800979d   Thumb Code     0  ddiv.o(x$fpl$ddiv)
    _ddiv                                    0x0800979d   Thumb Code   552  ddiv.o(x$fpl$ddiv)
    __aeabi_cdcmpeq                          0x08009a4d   Thumb Code     0  deqf.o(x$fpl$deqf)
    _dcmpeq                                  0x08009a4d   Thumb Code   120  deqf.o(x$fpl$deqf)
    __aeabi_d2iz                             0x08009ac5   Thumb Code     0  dfix.o(x$fpl$dfix)
    _dfix                                    0x08009ac5   Thumb Code    94  dfix.o(x$fpl$dfix)
    __aeabi_i2d                              0x08009b23   Thumb Code     0  dflt_clz.o(x$fpl$dflt)
    _dflt                                    0x08009b23   Thumb Code    46  dflt_clz.o(x$fpl$dflt)
    __aeabi_cdcmple                          0x08009b51   Thumb Code     0  dleqf.o(x$fpl$dleqf)
    _dcmple                                  0x08009b51   Thumb Code   120  dleqf.o(x$fpl$dleqf)
    __fpl_dcmple_InfNaN                      0x08009bb3   Thumb Code     0  dleqf.o(x$fpl$dleqf)
    __aeabi_dmul                             0x08009bc9   Thumb Code     0  dmul.o(x$fpl$dmul)
    _dmul                                    0x08009bc9   Thumb Code   332  dmul.o(x$fpl$dmul)
    __fpl_dnaninf                            0x08009d1d   Thumb Code   156  dnaninf.o(x$fpl$dnaninf)
    __fpl_dretinf                            0x08009db9   Thumb Code    12  dretinf.o(x$fpl$dretinf)
    __aeabi_cdrcmple                         0x08009dc5   Thumb Code     0  drleqf.o(x$fpl$drleqf)
    _drcmple                                 0x08009dc5   Thumb Code   108  drleqf.o(x$fpl$drleqf)
    __aeabi_drsub                            0x08009e31   Thumb Code     0  daddsub_clz.o(x$fpl$drsb)
    _drsb                                    0x08009e31   Thumb Code    22  daddsub_clz.o(x$fpl$drsb)
    _dsqrt                                   0x08009e49   Thumb Code   456  dsqrt_noumaal.o(x$fpl$dsqrt)
    __aeabi_dsub                             0x0800a015   Thumb Code     0  daddsub_clz.o(x$fpl$dsub)
    _dsub                                    0x0800a015   Thumb Code   464  daddsub_clz.o(x$fpl$dsub)
    __aeabi_f2d                              0x0800a1e9   Thumb Code     0  f2d.o(x$fpl$f2d)
    _f2d                                     0x0800a1e9   Thumb Code    86  f2d.o(x$fpl$f2d)
    __fpl_fnaninf                            0x0800a23f   Thumb Code   140  fnaninf.o(x$fpl$fnaninf)
    _printf_fp_dec                           0x0800a2cb   Thumb Code     4  printf1.o(x$fpl$printf1)
    __fpl_return_NaN                         0x0800a2cf   Thumb Code   100  retnan.o(x$fpl$retnan)
    __ARM_scalbn                             0x0800a333   Thumb Code    92  scalbn.o(x$fpl$scalbn)
    __fpl_cmpreturn                          0x0800a38f   Thumb Code    48  trapv.o(x$fpl$trapveneer)
    OLED_F8x16                               0x0800a3be   Data        1520  oled.o(.constdata)
    __I$use$fp                               0x0800a3be   Number         0  usenofp.o(x$fpl$usenofp)
    __mathlib_zero                           0x0800ab40   Data           8  qnan.o(.constdata)
    Region$$Table$$Base                      0x0800ad00   Number         0  anon$$obj.o(Region$$Table)
    Region$$Table$$Limit                     0x0800ad20   Number         0  anon$$obj.o(Region$$Table)
    __ctype                                  0x0800ad2d   Data           0  lc_ctype_c.o(locale$$data)
    SystemCoreClock                          0x20000000   Data           4  system_stm32f10x.o(.data)
    AHBPrescTable                            0x20000004   Data          16  system_stm32f10x.o(.data)
    beep_info                                0x20000028   Data           1  beep.o(.data)
    UsCount                                  0x2000002a   Data           1  delay.o(.data)
    MsCount                                  0x2000002c   Data           2  delay.o(.data)
    LED_info                                 0x2000002e   Data           1  led.o(.data)
    Key_Num                                  0x2000002f   Data           1  main.o(.data)
    humi                                     0x20000030   Data           1  main.o(.data)
    temp                                     0x20000031   Data           1  main.o(.data)
    esp8266_cnt                              0x20000034   Data           2  esp8266.o(.data)
    esp8266_cntPre                           0x20000036   Data           2  esp8266.o(.data)
    devid                                    0x20000044   Data          16  onenet.o(.bss)
    key                                      0x20000054   Data          48  onenet.o(.bss)
    esp8266_buf                              0x20000084   Data         512  esp8266.o(.bss)
    __libspace_start                         0x20000284   Data          96  libspace.o(.bss)
    __temporary_stack_top$libspace           0x200002e4   Data           0  libspace.o(.bss)



==============================================================================

Memory Map of the image

  Image Entry point : 0x080000ed

  Load Region LR_IROM1 (Base: 0x08000000, Size: 0x0000ae90, Max: 0x00010000, ABSOLUTE)

    Execution Region ER_IROM1 (Exec base: 0x08000000, Load base: 0x08000000, Size: 0x0000ae4c, Max: 0x00010000, ABSOLUTE)

    Exec Addr    Load Addr    Size         Type   Attr      Idx    E Section Name        Object

    0x08000000   0x08000000   0x000000ec   Data   RO          139    RESET               startup_stm32f10x_md.o
    0x080000ec   0x080000ec   0x00000008   Code   RO          733  * !!!main             c_w.l(__main.o)
    0x080000f4   0x080000f4   0x00000034   Code   RO         1142    !!!scatter          c_w.l(__scatter.o)
    0x08000128   0x08000128   0x0000001a   Code   RO         1144    !!handler_copy      c_w.l(__scatter_copy.o)
    0x08000142   0x08000142   0x00000002   PAD
    0x08000144   0x08000144   0x0000001c   Code   RO         1146    !!handler_zi        c_w.l(__scatter_zi.o)
    0x08000160   0x08000160   0x00000000   Code   RO          702    .ARM.Collect$$_printf_percent$$00000000  c_w.l(_printf_percent.o)
    0x08000160   0x08000160   0x00000006   Code   RO          837    .ARM.Collect$$_printf_percent$$00000001  c_w.l(_printf_n.o)
    0x08000166   0x08000166   0x00000006   Code   RO          838    .ARM.Collect$$_printf_percent$$00000002  c_w.l(_printf_p.o)
    0x0800016c   0x0800016c   0x00000006   Code   RO          700    .ARM.Collect$$_printf_percent$$00000003  c_w.l(_printf_f.o)
    0x08000172   0x08000172   0x00000006   Code   RO          701    .ARM.Collect$$_printf_percent$$00000004  c_w.l(_printf_e.o)
    0x08000178   0x08000178   0x00000006   Code   RO          842    .ARM.Collect$$_printf_percent$$00000005  c_w.l(_printf_g.o)
    0x0800017e   0x0800017e   0x00000006   Code   RO          843    .ARM.Collect$$_printf_percent$$00000006  c_w.l(_printf_a.o)
    0x08000184   0x08000184   0x0000000a   Code   RO          848    .ARM.Collect$$_printf_percent$$00000007  c_w.l(_printf_ll.o)
    0x0800018e   0x0800018e   0x00000006   Code   RO          840    .ARM.Collect$$_printf_percent$$00000008  c_w.l(_printf_i.o)
    0x08000194   0x08000194   0x00000006   Code   RO          699    .ARM.Collect$$_printf_percent$$00000009  c_w.l(_printf_d.o)
    0x0800019a   0x0800019a   0x00000006   Code   RO          841    .ARM.Collect$$_printf_percent$$0000000A  c_w.l(_printf_u.o)
    0x080001a0   0x080001a0   0x00000006   Code   RO          839    .ARM.Collect$$_printf_percent$$0000000B  c_w.l(_printf_o.o)
    0x080001a6   0x080001a6   0x00000006   Code   RO          698    .ARM.Collect$$_printf_percent$$0000000C  c_w.l(_printf_x.o)
    0x080001ac   0x080001ac   0x00000006   Code   RO          845    .ARM.Collect$$_printf_percent$$0000000D  c_w.l(_printf_lli.o)
    0x080001b2   0x080001b2   0x00000006   Code   RO          846    .ARM.Collect$$_printf_percent$$0000000E  c_w.l(_printf_lld.o)
    0x080001b8   0x080001b8   0x00000006   Code   RO          847    .ARM.Collect$$_printf_percent$$0000000F  c_w.l(_printf_llu.o)
    0x080001be   0x080001be   0x00000006   Code   RO          852    .ARM.Collect$$_printf_percent$$00000010  c_w.l(_printf_llo.o)
    0x080001c4   0x080001c4   0x00000006   Code   RO          853    .ARM.Collect$$_printf_percent$$00000011  c_w.l(_printf_llx.o)
    0x080001ca   0x080001ca   0x0000000a   Code   RO          849    .ARM.Collect$$_printf_percent$$00000012  c_w.l(_printf_l.o)
    0x080001d4   0x080001d4   0x00000006   Code   RO          836    .ARM.Collect$$_printf_percent$$00000013  c_w.l(_printf_c.o)
    0x080001da   0x080001da   0x00000006   Code   RO          697    .ARM.Collect$$_printf_percent$$00000014  c_w.l(_printf_s.o)
    0x080001e0   0x080001e0   0x00000006   Code   RO          850    .ARM.Collect$$_printf_percent$$00000015  c_w.l(_printf_lc.o)
    0x080001e6   0x080001e6   0x00000006   Code   RO          851    .ARM.Collect$$_printf_percent$$00000016  c_w.l(_printf_ls.o)
    0x080001ec   0x080001ec   0x00000004   Code   RO          844    .ARM.Collect$$_printf_percent$$00000017  c_w.l(_printf_percent_end.o)
    0x080001f0   0x080001f0   0x00000002   Code   RO         1075    .ARM.Collect$$libinit$$00000000  c_w.l(libinit.o)
    0x080001f2   0x080001f2   0x00000000   Code   RO          863    .ARM.Collect$$libinit$$00000002  c_w.l(libinit2.o)
    0x080001f2   0x080001f2   0x00000000   Code   RO          865    .ARM.Collect$$libinit$$00000004  c_w.l(libinit2.o)
    0x080001f2   0x080001f2   0x00000008   Code   RO          866    .ARM.Collect$$libinit$$00000005  c_w.l(libinit2.o)
    0x080001fa   0x080001fa   0x00000000   Code   RO          868    .ARM.Collect$$libinit$$0000000A  c_w.l(libinit2.o)
    0x080001fa   0x080001fa   0x00000000   Code   RO          870    .ARM.Collect$$libinit$$0000000C  c_w.l(libinit2.o)
    0x080001fa   0x080001fa   0x00000000   Code   RO          872    .ARM.Collect$$libinit$$0000000E  c_w.l(libinit2.o)
    0x080001fa   0x080001fa   0x00000006   Code   RO          873    .ARM.Collect$$libinit$$0000000F  c_w.l(libinit2.o)
    0x08000200   0x08000200   0x00000000   Code   RO          875    .ARM.Collect$$libinit$$00000011  c_w.l(libinit2.o)
    0x08000200   0x08000200   0x0000000c   Code   RO          876    .ARM.Collect$$libinit$$00000012  c_w.l(libinit2.o)
    0x0800020c   0x0800020c   0x00000000   Code   RO          877    .ARM.Collect$$libinit$$00000013  c_w.l(libinit2.o)
    0x0800020c   0x0800020c   0x00000000   Code   RO          879    .ARM.Collect$$libinit$$00000015  c_w.l(libinit2.o)
    0x0800020c   0x0800020c   0x0000000a   Code   RO          880    .ARM.Collect$$libinit$$00000016  c_w.l(libinit2.o)
    0x08000216   0x08000216   0x00000000   Code   RO          881    .ARM.Collect$$libinit$$00000017  c_w.l(libinit2.o)
    0x08000216   0x08000216   0x00000000   Code   RO          883    .ARM.Collect$$libinit$$00000019  c_w.l(libinit2.o)
    0x08000216   0x08000216   0x00000000   Code   RO          885    .ARM.Collect$$libinit$$0000001B  c_w.l(libinit2.o)
    0x08000216   0x08000216   0x00000000   Code   RO          887    .ARM.Collect$$libinit$$0000001D  c_w.l(libinit2.o)
    0x08000216   0x08000216   0x00000000   Code   RO          889    .ARM.Collect$$libinit$$0000001F  c_w.l(libinit2.o)
    0x08000216   0x08000216   0x00000000   Code   RO          891    .ARM.Collect$$libinit$$00000021  c_w.l(libinit2.o)
    0x08000216   0x08000216   0x00000000   Code   RO          893    .ARM.Collect$$libinit$$00000023  c_w.l(libinit2.o)
    0x08000216   0x08000216   0x00000000   Code   RO          895    .ARM.Collect$$libinit$$00000025  c_w.l(libinit2.o)
    0x08000216   0x08000216   0x00000000   Code   RO          899    .ARM.Collect$$libinit$$0000002C  c_w.l(libinit2.o)
    0x08000216   0x08000216   0x00000000   Code   RO          901    .ARM.Collect$$libinit$$0000002E  c_w.l(libinit2.o)
    0x08000216   0x08000216   0x00000000   Code   RO          903    .ARM.Collect$$libinit$$00000030  c_w.l(libinit2.o)
    0x08000216   0x08000216   0x00000000   Code   RO          905    .ARM.Collect$$libinit$$00000032  c_w.l(libinit2.o)
    0x08000216   0x08000216   0x00000002   Code   RO          906    .ARM.Collect$$libinit$$00000033  c_w.l(libinit2.o)
    0x08000218   0x08000218   0x00000002   Code   RO         1139    .ARM.Collect$$libshutdown$$00000000  c_w.l(libshutdown.o)
    0x0800021a   0x0800021a   0x00000000   Code   RO         1091    .ARM.Collect$$libshutdown$$00000002  c_w.l(libshutdown2.o)
    0x0800021a   0x0800021a   0x00000000   Code   RO         1093    .ARM.Collect$$libshutdown$$00000004  c_w.l(libshutdown2.o)
    0x0800021a   0x0800021a   0x00000000   Code   RO         1095    .ARM.Collect$$libshutdown$$00000006  c_w.l(libshutdown2.o)
    0x0800021a   0x0800021a   0x00000000   Code   RO         1098    .ARM.Collect$$libshutdown$$00000009  c_w.l(libshutdown2.o)
    0x0800021a   0x0800021a   0x00000000   Code   RO         1101    .ARM.Collect$$libshutdown$$0000000C  c_w.l(libshutdown2.o)
    0x0800021a   0x0800021a   0x00000000   Code   RO         1103    .ARM.Collect$$libshutdown$$0000000E  c_w.l(libshutdown2.o)
    0x0800021a   0x0800021a   0x00000000   Code   RO         1106    .ARM.Collect$$libshutdown$$00000011  c_w.l(libshutdown2.o)
    0x0800021a   0x0800021a   0x00000002   Code   RO         1107    .ARM.Collect$$libshutdown$$00000012  c_w.l(libshutdown2.o)
    0x0800021c   0x0800021c   0x00000000   Code   RO          779    .ARM.Collect$$rtentry$$00000000  c_w.l(__rtentry.o)
    0x0800021c   0x0800021c   0x00000000   Code   RO          955    .ARM.Collect$$rtentry$$00000002  c_w.l(__rtentry2.o)
    0x0800021c   0x0800021c   0x00000006   Code   RO          967    .ARM.Collect$$rtentry$$00000004  c_w.l(__rtentry4.o)
    0x08000222   0x08000222   0x00000000   Code   RO          957    .ARM.Collect$$rtentry$$00000009  c_w.l(__rtentry2.o)
    0x08000222   0x08000222   0x00000004   Code   RO          958    .ARM.Collect$$rtentry$$0000000A  c_w.l(__rtentry2.o)
    0x08000226   0x08000226   0x00000000   Code   RO          960    .ARM.Collect$$rtentry$$0000000C  c_w.l(__rtentry2.o)
    0x08000226   0x08000226   0x00000008   Code   RO          961    .ARM.Collect$$rtentry$$0000000D  c_w.l(__rtentry2.o)
    0x0800022e   0x0800022e   0x00000002   Code   RO         1080    .ARM.Collect$$rtexit$$00000000  c_w.l(rtexit.o)
    0x08000230   0x08000230   0x00000000   Code   RO         1113    .ARM.Collect$$rtexit$$00000002  c_w.l(rtexit2.o)
    0x08000230   0x08000230   0x00000004   Code   RO         1114    .ARM.Collect$$rtexit$$00000003  c_w.l(rtexit2.o)
    0x08000234   0x08000234   0x00000006   Code   RO         1115    .ARM.Collect$$rtexit$$00000004  c_w.l(rtexit2.o)
    0x0800023a   0x0800023a   0x00000002   PAD
    0x0800023c   0x0800023c   0x00000000   Code   RO          981    .emb_text           c_w.l(maybetermalloc1.o)
    0x0800023c   0x0800023c   0x00000134   Code   RO           17    .text               stm32f10x_it.o
    0x08000370   0x08000370   0x000001e0   Code   RO          119    .text               system_stm32f10x.o
    0x08000550   0x08000550   0x00000040   Code   RO          140    .text               startup_stm32f10x_md.o
    0x08000590   0x08000590   0x000000dc   Code   RO          144    .text               misc.o
    0x0800066c   0x0800066c   0x0000035c   Code   RO          182    .text               stm32f10x_gpio.o
    0x080009c8   0x080009c8   0x000003a4   Code   RO          194    .text               stm32f10x_rcc.o
    0x08000d6c   0x08000d6c   0x00000408   Code   RO          208    .text               stm32f10x_usart.o
    0x08001174   0x08001174   0x00000e1a   Code   RO          220    .text               stm32f10x_tim.o
    0x08001f8e   0x08001f8e   0x00000002   PAD
    0x08001f90   0x08001f90   0x00000060   Code   RO          232    .text               beep.o
    0x08001ff0   0x08001ff0   0x000000f4   Code   RO          250    .text               delay.o
    0x080020e4   0x080020e4   0x000001e8   Code   RO          268    .text               usart.o
    0x080022cc   0x080022cc   0x00000084   Code   RO          290    .text               key.o
    0x08002350   0x08002350   0x00000084   Code   RO          302    .text               led.o
    0x080023d4   0x080023d4   0x00000418   Code   RO          320    .text               oled.o
    0x080027ec   0x080027ec   0x00000090   Code   RO          338    .text               timer.o
    0x0800287c   0x0800287c   0x000001dc   Code   RO          366    .text               main.o
    0x08002a58   0x08002a58   0x00000b08   Code   RO          400    .text               onenet.o
    0x08003560   0x08003560   0x00000486   Code   RO          446    .text               hmac_sha1.o
    0x080039e6   0x080039e6   0x00000002   PAD
    0x080039e8   0x080039e8   0x000002b0   Code   RO          468    .text               base64.o
    0x08003c98   0x08003c98   0x00000e08   Code   RO          489    .text               mqttkit.o
    0x08004aa0   0x08004aa0   0x00000294   Code   RO          517    .text               esp8266.o
    0x08004d34   0x08004d34   0x00001a80   Code   RO          537    .text               cjson.o
    0x080067b4   0x080067b4   0x0000005e   Code   RO          578    .text               c_w.l(h1_alloc.o)
    0x08006812   0x08006812   0x0000004e   Code   RO          580    .text               c_w.l(h1_free.o)
    0x08006860   0x08006860   0x0000001a   Code   RO          636    .text               c_w.l(tolower.o)
    0x0800687a   0x0800687a   0x00000002   PAD
    0x0800687c   0x0800687c   0x00000034   Code   RO          638    .text               c_w.l(c89vsnprintf.o)
    0x080068b0   0x080068b0   0x0000002c   Code   RO          640    .text               c_w.l(__2sprintf.o)
    0x080068dc   0x080068dc   0x00000038   Code   RO          642    .text               c_w.l(__2snprintf.o)
    0x08006914   0x08006914   0x0000004e   Code   RO          650    .text               c_w.l(_printf_pad.o)
    0x08006962   0x08006962   0x00000052   Code   RO          652    .text               c_w.l(_printf_str.o)
    0x080069b4   0x080069b4   0x00000078   Code   RO          654    .text               c_w.l(_printf_dec.o)
    0x08006a2c   0x08006a2c   0x00000094   Code   RO          674    .text               c_w.l(_printf_hex_int_ll_ptr.o)
    0x08006ac0   0x08006ac0   0x00000188   Code   RO          694    .text               c_w.l(__printf_flags_ss_wp.o)
    0x08006c48   0x08006c48   0x0000003c   Code   RO          703    .text               c_w.l(__0sscanf.o)
    0x08006c84   0x08006c84   0x0000014c   Code   RO          705    .text               c_w.l(_scanf_int.o)
    0x08006dd0   0x08006dd0   0x000000e0   Code   RO          707    .text               c_w.l(_scanf_str.o)
    0x08006eb0   0x08006eb0   0x00000014   Code   RO          709    .text               c_w.l(strchr.o)
    0x08006ec4   0x08006ec4   0x00000024   Code   RO          711    .text               c_w.l(strncat.o)
    0x08006ee8   0x08006ee8   0x00000024   Code   RO          713    .text               c_w.l(strstr.o)
    0x08006f0c   0x08006f0c   0x00000048   Code   RO          715    .text               c_w.l(strcpy.o)
    0x08006f54   0x08006f54   0x0000003e   Code   RO          717    .text               c_w.l(strlen.o)
    0x08006f92   0x08006f92   0x00000096   Code   RO          719    .text               c_w.l(strncmp.o)
    0x08007028   0x08007028   0x00000018   Code   RO          721    .text               c_w.l(strcat.o)
    0x08007040   0x08007040   0x0000008a   Code   RO          723    .text               c_w.l(rt_memcpy_v6.o)
    0x080070ca   0x080070ca   0x00000064   Code   RO          725    .text               c_w.l(rt_memcpy_w.o)
    0x0800712e   0x0800712e   0x00000044   Code   RO          727    .text               c_w.l(rt_memclr.o)
    0x08007172   0x08007172   0x0000004e   Code   RO          729    .text               c_w.l(rt_memclr_w.o)
    0x080071c0   0x080071c0   0x00000006   Code   RO          731    .text               c_w.l(heapauxi.o)
    0x080071c6   0x080071c6   0x00000002   PAD
    0x080071c8   0x080071c8   0x00000010   Code   RO          780    .text               c_w.l(rt_ctype_table.o)
    0x080071d8   0x080071d8   0x00000008   Code   RO          785    .text               c_w.l(rt_heap_descriptor_intlibspace.o)
    0x080071e0   0x080071e0   0x00000004   Code   RO          787    .text               c_w.l(hguard.o)
    0x080071e4   0x080071e4   0x0000008a   Code   RO          789    .text               c_w.l(init_alloc.o)
    0x0800726e   0x0800726e   0x0000000e   Code   RO          793    .text               c_w.l(h1_init.o)
    0x0800727c   0x0800727c   0x00000016   Code   RO          807    .text               c_w.l(_rserrno.o)
    0x08007292   0x08007292   0x00000024   Code   RO          809    .text               c_w.l(_printf_truncate.o)
    0x080072b6   0x080072b6   0x000000b2   Code   RO          811    .text               c_w.l(_printf_intcommon.o)
    0x08007368   0x08007368   0x00000028   Code   RO          813    .text               c_w.l(_printf_charcount.o)
    0x08007390   0x08007390   0x0000041e   Code   RO          815    .text               c_w.l(_printf_fp_dec.o)
    0x080077ae   0x080077ae   0x00000002   PAD
    0x080077b0   0x080077b0   0x00000030   Code   RO          817    .text               c_w.l(_printf_char_common.o)
    0x080077e0   0x080077e0   0x0000000a   Code   RO          819    .text               c_w.l(_sputc.o)
    0x080077ea   0x080077ea   0x00000010   Code   RO          821    .text               c_w.l(_snputc.o)
    0x080077fa   0x080077fa   0x0000002c   Code   RO          823    .text               c_w.l(_printf_char.o)
    0x08007826   0x08007826   0x00000002   PAD
    0x08007828   0x08007828   0x000000bc   Code   RO          825    .text               c_w.l(_printf_wctomb.o)
    0x080078e4   0x080078e4   0x0000007c   Code   RO          828    .text               c_w.l(_printf_longlong_dec.o)
    0x08007960   0x08007960   0x00000070   Code   RO          834    .text               c_w.l(_printf_oct_int_ll.o)
    0x080079d0   0x080079d0   0x0000001c   Code   RO          854    .text               c_w.l(_chval.o)
    0x080079ec   0x080079ec   0x0000002c   Code   RO          856    .text               c_w.l(scanf_char.o)
    0x08007a18   0x08007a18   0x00000040   Code   RO          858    .text               c_w.l(_sgetc.o)
    0x08007a58   0x08007a58   0x00000008   Code   RO          951    .text               c_w.l(libspace.o)
    0x08007a60   0x08007a60   0x00000008   Code   RO          972    .text               c_w.l(rt_locale_intlibspace.o)
    0x08007a68   0x08007a68   0x00000008   Code   RO          977    .text               c_w.l(rt_errno_addr_intlibspace.o)
    0x08007a70   0x08007a70   0x00000034   Code   RO          983    .text               c_w.l(h1_extend.o)
    0x08007aa4   0x08007aa4   0x0000008a   Code   RO          987    .text               c_w.l(lludiv10.o)
    0x08007b2e   0x08007b2e   0x00000012   Code   RO          989    .text               c_w.l(isspace.o)
    0x08007b40   0x08007b40   0x00000080   Code   RO          991    .text               c_w.l(_printf_fp_infnan.o)
    0x08007bc0   0x08007bc0   0x0000002c   Code   RO          995    .text               c_w.l(_printf_wchar.o)
    0x08007bec   0x08007bec   0x00000374   Code   RO          997    .text               c_w.l(_scanf.o)
    0x08007f60   0x08007f60   0x000000e4   Code   RO          999    .text               c_w.l(bigflt0.o)
    0x08008044   0x08008044   0x00000040   Code   RO         1024    .text               c_w.l(_wcrtomb.o)
    0x08008084   0x08008084   0x0000000e   Code   RO         1032    .text               c_w.l(defsig_rtmem_outer.o)
    0x08008092   0x08008092   0x00000002   Code   RO         1049    .text               c_w.l(use_no_semi.o)
    0x08008094   0x08008094   0x00000000   Code   RO         1051    .text               c_w.l(indicate_semi.o)
    0x08008094   0x08008094   0x0000004a   Code   RO         1052    .text               c_w.l(sys_stackheap_outer.o)
    0x080080de   0x080080de   0x00000012   Code   RO         1058    .text               c_w.l(exit.o)
    0x080080f0   0x080080f0   0x0000000a   Code   RO         1060    .text               c_w.l(defsig_exit.o)
    0x080080fa   0x080080fa   0x00000002   PAD
    0x080080fc   0x080080fc   0x00000050   Code   RO         1062    .text               c_w.l(defsig_rtmem_inner.o)
    0x0800814c   0x0800814c   0x00000080   Code   RO         1064    .text               c_w.l(strcmpv7m.o)
    0x080081cc   0x080081cc   0x0000000c   Code   RO         1078    .text               c_w.l(sys_exit.o)
    0x080081d8   0x080081d8   0x00000032   Code   RO         1088    .text               c_w.l(defsig_general.o)
    0x0800820a   0x0800820a   0x0000000e   Code   RO         1110    .text               c_w.l(sys_wrch.o)
    0x08008218   0x08008218   0x0000003e   Code   RO         1002    CL$$btod_d2e        c_w.l(btod.o)
    0x08008256   0x08008256   0x00000046   Code   RO         1004    CL$$btod_d2e_denorm_low  c_w.l(btod.o)
    0x0800829c   0x0800829c   0x00000060   Code   RO         1003    CL$$btod_d2e_norm_op1  c_w.l(btod.o)
    0x080082fc   0x080082fc   0x00000338   Code   RO         1012    CL$$btod_div_common  c_w.l(btod.o)
    0x08008634   0x08008634   0x000000dc   Code   RO         1009    CL$$btod_e2e        c_w.l(btod.o)
    0x08008710   0x08008710   0x0000002a   Code   RO         1006    CL$$btod_ediv       c_w.l(btod.o)
    0x0800873a   0x0800873a   0x0000002a   Code   RO         1005    CL$$btod_emul       c_w.l(btod.o)
    0x08008764   0x08008764   0x00000244   Code   RO         1011    CL$$btod_mult_common  c_w.l(btod.o)
    0x080089a8   0x080089a8   0x00000028   Code   RO          936    i.__ARM_fpclassify  m_ws.l(fpclassify.o)
    0x080089d0   0x080089d0   0x000000aa   Code   RO          938    i.__kernel_poly     m_ws.l(poly.o)
    0x08008a7a   0x08008a7a   0x00000002   PAD
    0x08008a7c   0x08008a7c   0x00000010   Code   RO          922    i.__mathlib_dbl_divzero  m_ws.l(dunder.o)
    0x08008a8c   0x08008a8c   0x00000004   Code   RO          924    i.__mathlib_dbl_infnan2  m_ws.l(dunder.o)
    0x08008a90   0x08008a90   0x0000000c   Code   RO          925    i.__mathlib_dbl_invalid  m_ws.l(dunder.o)
    0x08008a9c   0x08008a9c   0x0000000e   Code   RO          926    i.__mathlib_dbl_overflow  m_ws.l(dunder.o)
    0x08008aaa   0x08008aaa   0x00000002   PAD
    0x08008aac   0x08008aac   0x00000010   Code   RO          928    i.__mathlib_dbl_underflow  m_ws.l(dunder.o)
    0x08008abc   0x08008abc   0x0000000e   Code   RO          687    i._is_digit         c_w.l(__printf_wp.o)
    0x08008aca   0x08008aca   0x00000002   PAD
    0x08008acc   0x08008acc   0x000000dc   Code   RO          764    i.floor             m_ws.l(floor.o)
    0x08008ba8   0x08008ba8   0x000009d8   Code   RO          768    i.pow               m_ws.l(pow.o)
    0x08009580   0x08009580   0x0000004c   Code   RO          942    i.sqrt              m_ws.l(sqrt.o)
    0x080095cc   0x080095cc   0x0000002c   Code   RO         1027    locale$$code        c_w.l(lc_ctype_c.o)
    0x080095f8   0x080095f8   0x0000002c   Code   RO         1030    locale$$code        c_w.l(lc_numeric_c.o)
    0x08009624   0x08009624   0x00000150   Code   RO          735    x$fpl$dadd          fz_ws.l(daddsub_clz.o)
    0x08009774   0x08009774   0x00000010   Code   RO         1041    x$fpl$dcheck1       fz_ws.l(dcheck1.o)
    0x08009784   0x08009784   0x00000018   Code   RO          907    x$fpl$dcmpinf       fz_ws.l(dcmpi.o)
    0x0800979c   0x0800979c   0x000002b0   Code   RO          910    x$fpl$ddiv          fz_ws.l(ddiv.o)
    0x08009a4c   0x08009a4c   0x00000078   Code   RO          741    x$fpl$deqf          fz_ws.l(deqf.o)
    0x08009ac4   0x08009ac4   0x0000005e   Code   RO          743    x$fpl$dfix          fz_ws.l(dfix.o)
    0x08009b22   0x08009b22   0x0000002e   Code   RO          748    x$fpl$dflt          fz_ws.l(dflt_clz.o)
    0x08009b50   0x08009b50   0x00000078   Code   RO          753    x$fpl$dleqf         fz_ws.l(dleqf.o)
    0x08009bc8   0x08009bc8   0x00000154   Code   RO          755    x$fpl$dmul          fz_ws.l(dmul.o)
    0x08009d1c   0x08009d1c   0x0000009c   Code   RO          913    x$fpl$dnaninf       fz_ws.l(dnaninf.o)
    0x08009db8   0x08009db8   0x0000000c   Code   RO          915    x$fpl$dretinf       fz_ws.l(dretinf.o)
    0x08009dc4   0x08009dc4   0x0000006c   Code   RO          757    x$fpl$drleqf        fz_ws.l(drleqf.o)
    0x08009e30   0x08009e30   0x00000016   Code   RO          736    x$fpl$drsb          fz_ws.l(daddsub_clz.o)
    0x08009e46   0x08009e46   0x00000002   PAD
    0x08009e48   0x08009e48   0x000001cc   Code   RO         1043    x$fpl$dsqrt         fz_ws.l(dsqrt_noumaal.o)
    0x0800a014   0x0800a014   0x000001d4   Code   RO          737    x$fpl$dsub          fz_ws.l(daddsub_clz.o)
    0x0800a1e8   0x0800a1e8   0x00000056   Code   RO          759    x$fpl$f2d           fz_ws.l(f2d.o)
    0x0800a23e   0x0800a23e   0x0000008c   Code   RO          917    x$fpl$fnaninf       fz_ws.l(fnaninf.o)
    0x0800a2ca   0x0800a2ca   0x00000004   Code   RO          761    x$fpl$printf1       fz_ws.l(printf1.o)
    0x0800a2ce   0x0800a2ce   0x00000064   Code   RO         1076    x$fpl$retnan        fz_ws.l(retnan.o)
    0x0800a332   0x0800a332   0x0000005c   Code   RO          919    x$fpl$scalbn        fz_ws.l(scalbn.o)
    0x0800a38e   0x0800a38e   0x00000030   Code   RO         1108    x$fpl$trapveneer    fz_ws.l(trapv.o)
    0x0800a3be   0x0800a3be   0x00000000   Code   RO          921    x$fpl$usenofp       fz_ws.l(usenofp.o)
    0x0800a3be   0x0800a3be   0x000005f0   Data   RO          321    .constdata          oled.o
    0x0800a9ae   0x0800a9ae   0x000000c0   Data   RO          469    .constdata          base64.o
    0x0800aa6e   0x0800aa6e   0x00000007   Data   RO          538    .constdata          cjson.o
    0x0800aa75   0x0800aa75   0x00000028   Data   RO          675    .constdata          c_w.l(_printf_hex_int_ll_ptr.o)
    0x0800aa9d   0x0800aa9d   0x00000011   Data   RO          695    .constdata          c_w.l(__printf_flags_ss_wp.o)
    0x0800aaae   0x0800aaae   0x00000002   PAD
    0x0800aab0   0x0800aab0   0x00000088   Data   RO          769    .constdata          m_ws.l(pow.o)
    0x0800ab38   0x0800ab38   0x00000008   Data   RO          826    .constdata          c_w.l(_printf_wctomb.o)
    0x0800ab40   0x0800ab40   0x00000008   Data   RO          940    .constdata          m_ws.l(qnan.o)
    0x0800ab48   0x0800ab48   0x00000094   Data   RO         1000    .constdata          c_w.l(bigflt0.o)
    0x0800abdc   0x0800abdc   0x00000123   Data   RO          402    .conststring        onenet.o
    0x0800acff   0x0800acff   0x00000001   PAD
    0x0800ad00   0x0800ad00   0x00000020   Data   RO         1140    Region$$Table       anon$$obj.o
    0x0800ad20   0x0800ad20   0x00000110   Data   RO         1026    locale$$data        c_w.l(lc_ctype_c.o)
    0x0800ae30   0x0800ae30   0x0000001c   Data   RO         1029    locale$$data        c_w.l(lc_numeric_c.o)


    Execution Region RW_IRAM1 (Exec base: 0x20000000, Load base: 0x0800ae4c, Size: 0x00000ce8, Max: 0x00005000, ABSOLUTE)

    Exec Addr    Load Addr    Size         Type   Attr      Idx    E Section Name        Object

    0x20000000   0x0800ae4c   0x00000014   Data   RW          120    .data               system_stm32f10x.o
    0x20000014   0x0800ae60   0x00000014   Data   RW          195    .data               stm32f10x_rcc.o
    0x20000028   0x0800ae74   0x00000001   Data   RW          233    .data               beep.o
    0x20000029   0x0800ae75   0x00000001   PAD
    0x2000002a   0x0800ae76   0x00000004   Data   RW          251    .data               delay.o
    0x2000002e   0x0800ae7a   0x00000001   Data   RW          303    .data               led.o
    0x2000002f   0x0800ae7b   0x00000003   Data   RW          367    .data               main.o
    0x20000032   0x0800ae7e   0x00000002   Data   RW          403    .data               onenet.o
    0x20000034   0x0800ae80   0x00000004   Data   RW          519    .data               esp8266.o
    0x20000038   0x0800ae84   0x0000000c   Data   RW          539    .data               cjson.o
    0x20000044        -       0x00000040   Zero   RW          401    .bss                onenet.o
    0x20000084        -       0x00000200   Zero   RW          518    .bss                esp8266.o
    0x20000284        -       0x00000060   Zero   RW          952    .bss                c_w.l(libspace.o)
    0x200002e4   0x0800ae90   0x00000004   PAD
    0x200002e8        -       0x00000200   Zero   RW          138    HEAP                startup_stm32f10x_md.o
    0x200004e8        -       0x00000800   Zero   RW          137    STACK               startup_stm32f10x_md.o


==============================================================================

Image component sizes


      Code (inc. data)   RO Data    RW Data    ZI Data      Debug   Object Name

       688          8        192          0          0       3150   base64.o
        96         14          0          1          0       1205   beep.o
      6784        208          7         12          0      24200   cjson.o
         0          0          0          0          0       4540   core_cm3.o
       244         10          0          4          0       1452   delay.o
       660        208          0          4        512       2923   esp8266.o
      1158         28          0          0          0       3204   hmac_sha1.o
       132          4          0          0          0        669   key.o
       132          8          0          1          0       1417   led.o
       476        194          0          3          0       1057   main.o
       220         22          0          0          0     205053   misc.o
      3592         74          0          0          0      15223   mqttkit.o
      1048          8       1520          0          0       4984   oled.o
      2824       1098        291          2         64       9272   onenet.o
        64         26        236          0       2560        808   startup_stm32f10x_md.o
       860         38          0          0          0       5657   stm32f10x_gpio.o
       308        248          0          0          0      44775   stm32f10x_it.o
       932         36          0         20          0       8816   stm32f10x_rcc.o
      3610         88          0          0          0      22764   stm32f10x_tim.o
      1032         22          0          0          0       8384   stm32f10x_usart.o
       480         38          0         20          0       1743   system_stm32f10x.o
       144          0          0          0          0        685   timer.o
       488         14          0          0          0       3289   usart.o

    ----------------------------------------------------------------------
     25976       2394       2279         68       3136     375270   Object Totals
         0          0         32          0          0          0   (incl. Generated)
         4          0          1          1          0          0   (incl. Padding)

    ----------------------------------------------------------------------

      Code (inc. data)   RO Data    RW Data    ZI Data      Debug   Library Member Name

        60          8          0          0          0         84   __0sscanf.o
        56          6          0          0          0         88   __2snprintf.o
        44          6          0          0          0         84   __2sprintf.o
         8          0          0          0          0         68   __main.o
       392          4         17          0          0         92   __printf_flags_ss_wp.o
        14          0          0          0          0         68   __printf_wp.o
         0          0          0          0          0          0   __rtentry.o
        12          0          0          0          0          0   __rtentry2.o
         6          0          0          0          0          0   __rtentry4.o
        52          8          0          0          0          0   __scatter.o
        26          0          0          0          0          0   __scatter_copy.o
        28          0          0          0          0          0   __scatter_zi.o
        28          0          0          0          0         68   _chval.o
         6          0          0          0          0          0   _printf_a.o
         6          0          0          0          0          0   _printf_c.o
        44          0          0          0          0        108   _printf_char.o
        48          6          0          0          0         96   _printf_char_common.o
        40          0          0          0          0         68   _printf_charcount.o
         6          0          0          0          0          0   _printf_d.o
       120         16          0          0          0         92   _printf_dec.o
         6          0          0          0          0          0   _printf_e.o
         6          0          0          0          0          0   _printf_f.o
      1054          0          0          0          0        216   _printf_fp_dec.o
       128         16          0          0          0         84   _printf_fp_infnan.o
         6          0          0          0          0          0   _printf_g.o
       148          4         40          0          0        160   _printf_hex_int_ll_ptr.o
         6          0          0          0          0          0   _printf_i.o
       178          0          0          0          0         88   _printf_intcommon.o
        10          0          0          0          0          0   _printf_l.o
         6          0          0          0          0          0   _printf_lc.o
        10          0          0          0          0          0   _printf_ll.o
         6          0          0          0          0          0   _printf_lld.o
         6          0          0          0          0          0   _printf_lli.o
         6          0          0          0          0          0   _printf_llo.o
         6          0          0          0          0          0   _printf_llu.o
         6          0          0          0          0          0   _printf_llx.o
       124         16          0          0          0         92   _printf_longlong_dec.o
         6          0          0          0          0          0   _printf_ls.o
         6          0          0          0          0          0   _printf_n.o
         6          0          0          0          0          0   _printf_o.o
       112         10          0          0          0        124   _printf_oct_int_ll.o
         6          0          0          0          0          0   _printf_p.o
        78          0          0          0          0        108   _printf_pad.o
         0          0          0          0          0          0   _printf_percent.o
         4          0          0          0          0          0   _printf_percent_end.o
         6          0          0          0          0          0   _printf_s.o
        82          0          0          0          0         80   _printf_str.o
        36          0          0          0          0         84   _printf_truncate.o
         6          0          0          0          0          0   _printf_u.o
        44          0          0          0          0        108   _printf_wchar.o
       188          6          8          0          0         92   _printf_wctomb.o
         6          0          0          0          0          0   _printf_x.o
        22          0          0          0          0        100   _rserrno.o
       884          4          0          0          0        100   _scanf.o
       332          0          0          0          0         96   _scanf_int.o
       224          0          0          0          0         96   _scanf_str.o
        64          0          0          0          0         84   _sgetc.o
        16          0          0          0          0         68   _snputc.o
        10          0          0          0          0         68   _sputc.o
        64          0          0          0          0         92   _wcrtomb.o
       228          4        148          0          0         96   bigflt0.o
      1936        128          0          0          0        672   btod.o
        52          4          0          0          0         80   c89vsnprintf.o
        10          0          0          0          0         68   defsig_exit.o
        50          0          0          0          0         88   defsig_general.o
        80         58          0          0          0         76   defsig_rtmem_inner.o
        14          0          0          0          0         80   defsig_rtmem_outer.o
        18          0          0          0          0         80   exit.o
        94          0          0          0          0         80   h1_alloc.o
        52          0          0          0          0         68   h1_extend.o
        78          0          0          0          0         80   h1_free.o
        14          0          0          0          0         84   h1_init.o
         6          0          0          0          0        152   heapauxi.o
         4          0          0          0          0        136   hguard.o
         0          0          0          0          0          0   indicate_semi.o
       138          0          0          0          0        168   init_alloc.o
        18          0          0          0          0         76   isspace.o
        44         10        272          0          0         76   lc_ctype_c.o
        44         10         28          0          0         76   lc_numeric_c.o
         2          0          0          0          0          0   libinit.o
        38          0          0          0          0          0   libinit2.o
         2          0          0          0          0          0   libshutdown.o
         2          0          0          0          0          0   libshutdown2.o
         8          4          0          0         96         68   libspace.o
       138          0          0          0          0         80   lludiv10.o
         0          0          0          0          0          0   maybetermalloc1.o
        16          4          0          0          0         76   rt_ctype_table.o
         8          4          0          0          0         68   rt_errno_addr_intlibspace.o
         8          4          0          0          0         68   rt_heap_descriptor_intlibspace.o
         8          4          0          0          0         68   rt_locale_intlibspace.o
        68          0          0          0          0         68   rt_memclr.o
        78          0          0          0          0         80   rt_memclr_w.o
       138          0          0          0          0         68   rt_memcpy_v6.o
       100          0          0          0          0         80   rt_memcpy_w.o
         2          0          0          0          0          0   rtexit.o
        10          0          0          0          0          0   rtexit2.o
        44          8          0          0          0         84   scanf_char.o
        24          0          0          0          0         68   strcat.o
        20          0          0          0          0         68   strchr.o
       128          0          0          0          0         68   strcmpv7m.o
        72          0          0          0          0         80   strcpy.o
        62          0          0          0          0         76   strlen.o
        36          0          0          0          0         76   strncat.o
       150          0          0          0          0         80   strncmp.o
        36          0          0          0          0         80   strstr.o
        12          4          0          0          0         68   sys_exit.o
        74          0          0          0          0         80   sys_stackheap_outer.o
        14          0          0          0          0         76   sys_wrch.o
        26          0          0          0          0         76   tolower.o
         2          0          0          0          0         68   use_no_semi.o
       826         16          0          0          0        348   daddsub_clz.o
        16          4          0          0          0         68   dcheck1.o
        24          0          0          0          0         68   dcmpi.o
       688        140          0          0          0        208   ddiv.o
       120          4          0          0          0         92   deqf.o
        94          4          0          0          0         92   dfix.o
        46          0          0          0          0         68   dflt_clz.o
       120          4          0          0          0         92   dleqf.o
       340         12          0          0          0        104   dmul.o
       156          4          0          0          0         92   dnaninf.o
        12          0          0          0          0         68   dretinf.o
       108          0          0          0          0         80   drleqf.o
       460         56          0          0          0        120   dsqrt_noumaal.o
        86          4          0          0          0         84   f2d.o
       140          4          0          0          0         84   fnaninf.o
         4          0          0          0          0         68   printf1.o
       100          0          0          0          0         68   retnan.o
        92          0          0          0          0         68   scalbn.o
        48          0          0          0          0         68   trapv.o
         0          0          0          0          0          0   usenofp.o
        62         10          0          0          0        340   dunder.o
       220         16          0          0          0         84   floor.o
        40          0          0          0          0         68   fpclassify.o
       170          0          0          0          0         96   poly.o
      2520        190        136          0          0        324   pow.o
         0          0          8          0          0          0   qnan.o
        76          0          0          0          0         84   sqrt.o

    ----------------------------------------------------------------------
     15706        824        659          0        100       9800   Library Totals
        22          0          2          0          4          0   (incl. Padding)

    ----------------------------------------------------------------------

      Code (inc. data)   RO Data    RW Data    ZI Data      Debug   Library Name

      9116        356        513          0         96       6864   c_w.l
      3480        252          0          0          0       1940   fz_ws.l
      3088        216        144          0          0        996   m_ws.l

    ----------------------------------------------------------------------
     15706        824        659          0        100       9800   Library Totals

    ----------------------------------------------------------------------

==============================================================================


      Code (inc. data)   RO Data    RW Data    ZI Data      Debug   

     41682       3218       2938         68       3236     377682   Grand Totals
     41682       3218       2938         68       3236     377682   ELF Image Totals
     41682       3218       2938         68          0          0   ROM Totals

==============================================================================

    Total RO  Size (Code + RO Data)                44620 (  43.57kB)
    Total RW  Size (RW Data + ZI Data)              3304 (   3.23kB)
    Total ROM Size (Code + RO Data + RW Data)      44688 (  43.64kB)

==============================================================================

