Component: ARM Compiler 5.06 update 7 (build 960) Tool: armlink [4d3601]

==============================================================================

Section Cross References

    stm32f10x_it.o(.text) refers to usart.o(.text) for UsartPrintf
    system_stm32f10x.o(.text) refers to system_stm32f10x.o(.data) for SystemCoreClock
    startup_stm32f10x_md.o(STACK) refers (Special) to heapauxi.o(.text) for __use_two_region_memory
    startup_stm32f10x_md.o(HEAP) refers (Special) to heapauxi.o(.text) for __use_two_region_memory
    startup_stm32f10x_md.o(RESET) refers (Special) to heapauxi.o(.text) for __use_two_region_memory
    startup_stm32f10x_md.o(RESET) refers to startup_stm32f10x_md.o(STACK) for __initial_sp
    startup_stm32f10x_md.o(RESET) refers to startup_stm32f10x_md.o(.text) for Reset_Handler
    startup_stm32f10x_md.o(RESET) refers to stm32f10x_it.o(.text) for NMI_Handler
    startup_stm32f10x_md.o(RESET) refers to usart.o(.text) for USART1_IRQHandler
    startup_stm32f10x_md.o(RESET) refers to esp8266.o(.text) for USART2_IRQHandler
    startup_stm32f10x_md.o(.text) refers (Special) to heapauxi.o(.text) for __use_two_region_memory
    startup_stm32f10x_md.o(.text) refers to system_stm32f10x.o(.text) for SystemInit
    startup_stm32f10x_md.o(.text) refers to __main.o(!!!main) for __main
    startup_stm32f10x_md.o(.text) refers to startup_stm32f10x_md.o(HEAP) for Heap_Mem
    startup_stm32f10x_md.o(.text) refers to startup_stm32f10x_md.o(STACK) for Stack_Mem
    stm32f10x_gpio.o(.text) refers to stm32f10x_rcc.o(.text) for RCC_APB2PeriphResetCmd
    stm32f10x_rcc.o(.text) refers to stm32f10x_rcc.o(.data) for APBAHBPrescTable
    stm32f10x_usart.o(.text) refers to stm32f10x_rcc.o(.text) for RCC_APB2PeriphResetCmd
    beep.o(.text) refers to stm32f10x_gpio.o(.text) for GPIO_WriteBit
    beep.o(.text) refers to stm32f10x_rcc.o(.text) for RCC_APB2PeriphClockCmd
    beep.o(.text) refers to beep.o(.data) for beep_info
    delay.o(.text) refers to delay.o(.data) for UsCount
    usart.o(.text) refers to stm32f10x_rcc.o(.text) for RCC_APB2PeriphClockCmd
    usart.o(.text) refers to stm32f10x_gpio.o(.text) for GPIO_Init
    usart.o(.text) refers to stm32f10x_usart.o(.text) for USART_Init
    usart.o(.text) refers to misc.o(.text) for NVIC_Init
    usart.o(.text) refers to c89vsnprintf.o(.text) for __c89vsnprintf
    key.o(.text) refers to stm32f10x_rcc.o(.text) for RCC_APB2PeriphClockCmd
    key.o(.text) refers to stm32f10x_gpio.o(.text) for GPIO_Init
    key.o(.text) refers to delay.o(.text) for DelayXms
    led.o(.text) refers to stm32f10x_rcc.o(.text) for RCC_APB2PeriphClockCmd
    led.o(.text) refers to stm32f10x_gpio.o(.text) for GPIO_Init
    oled.o(.text) refers to stm32f10x_rcc.o(.text) for RCC_APB2PeriphClockCmd
    oled.o(.text) refers to stm32f10x_gpio.o(.text) for GPIO_Init
    oled.o(.text) refers to oled.o(.constdata) for OLED_F8x16
    main.o(.text) refers to misc.o(.text) for NVIC_PriorityGroupConfig
    main.o(.text) refers to delay.o(.text) for Delay_Init
    main.o(.text) refers to led.o(.text) for LED_Init
    main.o(.text) refers to key.o(.text) for Key_Init
    main.o(.text) refers to oled.o(.text) for OLED_Init
    main.o(.text) refers to usart.o(.text) for Usart1_Init
    main.o(.text) refers to beep.o(.text) for Beep_Init
    main.o(.text) refers to esp8266.o(.text) for ESP8266_Init
    main.o(.text) refers to main.o(.data) for Key_Num
    onenet.o(.text) refers to _printf_percent.o(.ARM.Collect$$_printf_percent$$00000000) for _printf_percent
    onenet.o(.text) refers to _printf_d.o(.ARM.Collect$$_printf_percent$$00000009) for _printf_d
    onenet.o(.text) refers to _printf_s.o(.ARM.Collect$$_printf_percent$$00000014) for _printf_s
    onenet.o(.text) refers to _printf_dec.o(.text) for _printf_int_dec
    onenet.o(.text) refers to _printf_str.o(.text) for _printf_str
    onenet.o(.text) refers to _scanf_int.o(.text) for _scanf_int
    onenet.o(.text) refers to _scanf_str.o(.text) for _scanf_string
    onenet.o(.text) refers to strlen.o(.text) for strlen
    onenet.o(.text) refers to strcat.o(.text) for strcat
    onenet.o(.text) refers to rt_memclr_w.o(.text) for __aeabi_memclr4
    onenet.o(.text) refers to base64.o(.text) for BASE64_Decode
    onenet.o(.text) refers to __2snprintf.o(.text) for __2snprintf
    onenet.o(.text) refers to hmac_sha1.o(.text) for hmac_sha1
    onenet.o(.text) refers to h1_alloc.o(.text) for malloc
    onenet.o(.text) refers to delay.o(.text) for DelayXms
    onenet.o(.text) refers to esp8266.o(.text) for ESP8266_SendCmd
    onenet.o(.text) refers to strstr.o(.text) for strstr
    onenet.o(.text) refers to __0sscanf.o(.text) for __0sscanf
    onenet.o(.text) refers to usart.o(.text) for UsartPrintf
    onenet.o(.text) refers to h1_free.o(.text) for free
    onenet.o(.text) refers to mqttkit.o(.text) for MQTT_PacketConnect
    onenet.o(.text) refers to strcpy.o(.text) for strcpy
    onenet.o(.text) refers to onenet.o(.conststring) for .conststring
[...]
    ../clib/scanf.c                          0x00000000   Number         0  _chval.o ABSOLUTE
    ../clib/scanf.c                          0x00000000   Number         0  _scanf_str.o ABSOLUTE
    ../clib/scanf.c                          0x00000000   Number         0  _sgetc.o ABSOLUTE
    ../clib/scanf.c                          0x00000000   Number         0  scanf_char.o ABSOLUTE
    ../clib/scanf.c                          0x00000000   Number         0  strtol.o ABSOLUTE
    ../clib/scanf.c                          0x00000000   Number         0  __0sscanf.o ABSOLUTE
    ../clib/signal.c                         0x00000000   Number         0  defsig_rtmem_inner.o ABSOLUTE
    ../clib/signal.c                         0x00000000   Number         0  defsig_rtred_inner.o ABSOLUTE
    ../clib/signal.c                         0x00000000   Number         0  __raise.o ABSOLUTE
    ../clib/signal.c                         0x00000000   Number         0  defsig_general.o ABSOLUTE
    ../clib/signal.c                         0x00000000   Number         0  defsig_fpe_inner.o ABSOLUTE
    ../clib/signal.c                         0x00000000   Number         0  defsig_rtmem_outer.o ABSOLUTE
    ../clib/signal.c                         0x00000000   Number         0  defsig_stak_inner.o ABSOLUTE
    ../clib/signal.c                         0x00000000   Number         0  defsig_pvfn_inner.o ABSOLUTE
    ../clib/signal.c                         0x00000000   Number         0  defsig_cppl_inner.o ABSOLUTE
    ../clib/signal.c                         0x00000000   Number         0  defsig_segv_inner.o ABSOLUTE
    ../clib/signal.c                         0x00000000   Number         0  defsig_other.o ABSOLUTE
    ../clib/signal.c                         0x00000000   Number         0  defsig_rtmem_formal.o ABSOLUTE
    ../clib/signal.c                         0x00000000   Number         0  defsig_abrt_inner.o ABSOLUTE
    ../clib/signal.c                         0x00000000   Number         0  defsig_exit.o ABSOLUTE
    ../clib/signal.s                         0x00000000   Number         0  defsig.o ABSOLUTE
    ../clib/stdlib.c                         0x00000000   Number         0  exit.o ABSOLUTE
    ../clib/string.c                         0x00000000   Number         0  strlen.o ABSOLUTE
    ../clib/string.c                         0x00000000   Number         0  strcat.o ABSOLUTE
    ../clib/string.c                         0x00000000   Number         0  strcpy.o ABSOLUTE
    ../clib/string.c                         0x00000000   Number         0  strstr.o ABSOLUTE
    ../clib/string.c                         0x00000000   Number         0  strncat.o ABSOLUTE
    ../clib/string.c                         0x00000000   Number         0  strchr.o ABSOLUTE
    ../fplib/fpinit.s                        0x00000000   Number         0  fpinit.o ABSOLUTE
    ../fplib/istatus.s                       0x00000000   Number         0  istatus.o ABSOLUTE
    ../fplib/printf1.s                       0x00000000   Number         0  printf1.o ABSOLUTE
    ../fplib/usenofp.s                       0x00000000   Number         0  usenofp.o ABSOLUTE
    ../mathlib/fpclassify.c                  0x00000000   Number         0  fpclassify.o ABSOLUTE
    NET\MQTT\MqttKit.c                       0x00000000   Number         0  mqttkit.o ABSOLUTE
    NET\device\src\esp8266.c                 0x00000000   Number         0  esp8266.o ABSOLUTE
    NET\onenet\src\base64.c                  0x00000000   Number         0  base64.o ABSOLUTE
    NET\onenet\src\hmac_sha1.c               0x00000000   Number         0  hmac_sha1.o ABSOLUTE
    NET\onenet\src\onenet.c                  0x00000000   Number         0  onenet.o ABSOLUTE
    core\\core_cm3.c                         0x00000000   Number         0  core_cm3.o ABSOLUTE
    core\core_cm3.c                          0x00000000   Number         0  core_cm3.o ABSOLUTE
    core\startup\arm\startup_stm32f10x_md.s  0x00000000   Number         0  startup_stm32f10x_md.o ABSOLUTE
    core\stm32f10x_it.c                      0x00000000   Number         0  stm32f10x_it.o ABSOLUTE
    core\system_stm32f10x.c                  0x00000000   Number         0  system_stm32f10x.o ABSOLUTE
    dc.s                                     0x00000000   Number         0  dc.o ABSOLUTE
    fwlib\src\misc.c                         0x00000000   Number         0  misc.o ABSOLUTE
    fwlib\src\stm32f10x_gpio.c               0x00000000   Number         0  stm32f10x_gpio.o ABSOLUTE
    fwlib\src\stm32f10x_rcc.c                0x00000000   Number         0  stm32f10x_rcc.o ABSOLUTE
    fwlib\src\stm32f10x_usart.c              0x00000000   Number         0  stm32f10x_usart.o ABSOLUTE
    hardware\src\Key.c                       0x00000000   Number         0  key.o ABSOLUTE
    hardware\src\LED.c                       0x00000000   Number         0  led.o ABSOLUTE
    hardware\src\OLED.c                      0x00000000   Number         0  oled.o ABSOLUTE
    hardware\src\beep.c                      0x00000000   Number         0  beep.o ABSOLUTE
    hardware\src\delay.c                     0x00000000   Number         0  delay.o ABSOLUTE
    hardware\src\usart.c                     0x00000000   Number         0  usart.o ABSOLUTE
    user\main.c                              0x00000000   Number         0  main.o ABSOLUTE
    RESET                                    0x08000000   Section      236  startup_stm32f10x_md.o(RESET)
    !!!main                                  0x080000ec   Section        8  __main.o(!!!main)
    !!!scatter                               0x080000f4   Section       52  __scatter.o(!!!scatter)
    !!handler_copy                           0x08000128   Section       26  __scatter_copy.o(!!handler_copy)
    !!handler_zi                             0x08000144   Section       28  __scatter_zi.o(!!handler_zi)
    .ARM.Collect$$_printf_percent$$00000000  0x08000160   Section        0  _printf_percent.o(.ARM.Collect$$_printf_percent$$00000000)
    .ARM.Collect$$_printf_percent$$00000001  0x08000160   Section        6  _printf_n.o(.ARM.Collect$$_printf_percent$$00000001)
    .ARM.Collect$$_printf_percent$$00000002  0x08000166   Section        6  _printf_p.o(.ARM.Collect$$_printf_percent$$00000002)
    .ARM.Collect$$_printf_percent$$00000003  0x0800016c   Section        6  _printf_f.o(.ARM.Collect$$_printf_percent$$00000003)
    .ARM.Collect$$_printf_percent$$00000004  0x08000172   Section        6  _printf_e.o(.ARM.Collect$$_printf_percent$$00000004)
    .ARM.Collect$$_printf_percent$$00000005  0x08000178   Section        6  _printf_g.o(.ARM.Collect$$_printf_percent$$00000005)
    .ARM.Collect$$_printf_percent$$00000006  0x0800017e   Section        6  _printf_a.o(.ARM.Collect$$_printf_percent$$00000006)
    .ARM.Collect$$_printf_percent$$00000007  0x08000184   Section       10  _printf_ll.o(.ARM.Collect$$_printf_percent$$00000007)
    .ARM.Collect$$_printf_percent$$00000008  0x0800018e   Section        6  _printf_i.o(.ARM.Collect$$_printf_percent$$00000008)
    .ARM.Collect$$_printf_percent$$00000009  0x08000194   Section        6  _printf_d.o(.ARM.Collect$$_printf_percent$$00000009)
    .ARM.Collect$$_printf_percent$$0000000A  0x0800019a   Section        6  _printf_u.o(.ARM.Collect$$_printf_percent$$0000000A)
    .ARM.Collect$$_printf_percent$$0000000B  0x080001a0   Section        6  _printf_o.o(.ARM.Collect$$_printf_percent$$0000000B)
    .ARM.Collect$$_printf_percent$$0000000C  0x080001a6   Section        6  _printf_x.o(.ARM.Collect$$_printf_percent$$0000000C)
    .ARM.Collect$$_printf_percent$$0000000D  0x080001ac   Section        6  _printf_lli.o(.ARM.Collect$$_printf_percent$$0000000D)
    .ARM.Collect$$_printf_percent$$0000000E  0x080001b2   Section        6  _printf_lld.o(.ARM.Collect$$_printf_percent$$0000000E)
    .ARM.Collect$$_printf_percent$$0000000F  0x080001b8   Section        6  _printf_llu.o(.ARM.Collect$$_printf_percent$$0000000F)
    .ARM.Collect$$_printf_percent$$00000010  0x080001be   Section        6  _printf_llo.o(.ARM.Collect$$_printf_percent$$00000010)
    .ARM.Collect$$_printf_percent$$00000011  0x080001c4   Section        6  _printf_llx.o(.ARM.Collect$$_printf_percent$$00000011)
    .ARM.Collect$$_printf_percent$$00000012  0x080001ca   Section       10  _printf_l.o(.ARM.Collect$$_printf_percent$$00000012)
    .ARM.Collect$$_printf_percent$$00000013  0x080001d4   Section        6  _printf_c.o(.ARM.Collect$$_printf_percent$$00000013)
    .ARM.Collect$$_printf_percent$$00000014  0x080001da   Section        6  _printf_s.o(.ARM.Collect$$_printf_percent$$00000014)
    .ARM.Collect$$_printf_percent$$00000015  0x080001e0   Section        6  _printf_lc.o(.ARM.Collect$$_printf_percent$$00000015)
    .ARM.Collect$$_printf_percent$$00000016  0x080001e6   Section        6  _printf_ls.o(.ARM.Collect$$_printf_percent$$00000016)
    .ARM.Collect$$_printf_percent$$00000017  0x080001ec   Section        4  _printf_percent_end.o(.ARM.Collect$$_printf_percent$$00000017)
    .ARM.Collect$$libinit$$00000000          0x080001f0   Section        2  libinit.o(.ARM.Collect$$libinit$$00000000)
    .ARM.Collect$$libinit$$00000002          0x080001f2   Section        0  libinit2.o(.ARM.Collect$$libinit$$00000002)
    .ARM.Collect$$libinit$$00000004          0x080001f2   Section        0  libinit2.o(.ARM.Collect$$libinit$$00000004)
    .ARM.Collect$$libinit$$0000000A          0x080001f2   Section        0  libinit2.o(.ARM.Collect$$libinit$$0000000A)
    .ARM.Collect$$libinit$$0000000C          0x080001f2   Section        0  libinit2.o(.ARM.Collect$$libinit$$0000000C)
    .ARM.Collect$$libinit$$0000000E          0x080001f2   Section        0  libinit2.o(.ARM.Collect$$libinit$$0000000E)
    .ARM.Collect$$libinit$$0000000F          0x080001f2   Section        6  libinit2.o(.ARM.Collect$$libinit$$0000000F)
    .ARM.Collect$$libinit$$00000011          0x080001f8   Section        0  libinit2.o(.ARM.Collect$$libinit$$00000011)
    .ARM.Collect$$libinit$$00000012          0x080001f8   Section       12  libinit2.o(.ARM.Collect$$libinit$$00000012)
    .ARM.Collect$$libinit$$00000013          0x08000204   Section        0  libinit2.o(.ARM.Collect$$libinit$$00000013)
    .ARM.Collect$$libinit$$00000015          0x08000204   Section        0  libinit2.o(.ARM.Collect$$libinit$$00000015)
    .ARM.Collect$$libinit$$00000016          0x08000204   Section       10  libinit2.o(.ARM.Collect$$libinit$$00000016)
    .ARM.Collect$$libinit$$00000017          0x0800020e   Section        0  libinit2.o(.ARM.Collect$$libinit$$00000017)
    .ARM.Collect$$libinit$$00000019          0x0800020e   Section        0  libinit2.o(.ARM.Collect$$libinit$$00000019)
    .ARM.Collect$$libinit$$0000001B          0x0800020e   Section        0  libinit2.o(.ARM.Collect$$libinit$$0000001B)
    .ARM.Collect$$libinit$$0000001D          0x0800020e   Section        0  libinit2.o(.ARM.Collect$$libinit$$0000001D)
    .ARM.Collect$$libinit$$0000001F          0x0800020e   Section        0  libinit2.o(.ARM.Collect$$libinit$$0000001F)
    .ARM.Collect$$libinit$$00000021          0x0800020e   Section        0  libinit2.o(.ARM.Collect$$libinit$$00000021)
    .ARM.Collect$$libinit$$00000023          0x0800020e   Section        0  libinit2.o(.ARM.Collect$$libinit$$00000023)
    .ARM.Collect$$libinit$$00000025          0x0800020e   Section        0  libinit2.o(.ARM.Collect$$libinit$$00000025)
    .ARM.Collect$$libinit$$0000002C          0x0800020e   Section        0  libinit2.o(.ARM.Collect$$libinit$$0000002C)
    .ARM.Collect$$libinit$$0000002E          0x0800020e   Section        0  libinit2.o(.ARM.Collect$$libinit$$0000002E)
    .ARM.Collect$$libinit$$00000030          0x0800020e   Section        0  libinit2.o(.ARM.Collect$$libinit$$00000030)
    .ARM.Collect$$libinit$$00000032          0x0800020e   Section        0  libinit2.o(.ARM.Collect$$libinit$$00000032)
    .ARM.Collect$$libinit$$00000033          0x0800020e   Section        2  libinit2.o(.ARM.Collect$$libinit$$00000033)
    .ARM.Collect$$libshutdown$$00000000      0x08000210   Section        2  libshutdown.o(.ARM.Collect$$libshutdown$$00000000)
    .ARM.Collect$$libshutdown$$00000002      0x08000212   Section        0  libshutdown2.o(.ARM.Collect$$libshutdown$$00000002)
    .ARM.Collect$$libshutdown$$00000004      0x08000212   Section        0  libshutdown2.o(.ARM.Collect$$libshutdown$$00000004)
    .ARM.Collect$$libshutdown$$00000006      0x08000212   Section        0  libshutdown2.o(.ARM.Collect$$libshutdown$$00000006)
    .ARM.Collect$$libshutdown$$00000009      0x08000212   Section        0  libshutdown2.o(.ARM.Collect$$libshutdown$$00000009)
    .ARM.Collect$$libshutdown$$0000000C      0x08000212   Section        0  libshutdown2.o(.ARM.Collect$$libshutdown$$0000000C)
    .ARM.Collect$$libshutdown$$0000000E      0x08000212   Section        0  libshutdown2.o(.ARM.Collect$$libshutdown$$0000000E)
    .ARM.Collect$$libshutdown$$00000011      0x08000212   Section        0  libshutdown2.o(.ARM.Collect$$libshutdown$$00000011)
    .ARM.Collect$$libshutdown$$00000012      0x08000212   Section        2  libshutdown2.o(.ARM.Collect$$libshutdown$$00000012)
    .ARM.Collect$$rtentry$$00000000          0x08000214   Section        0  __rtentry.o(.ARM.Collect$$rtentry$$00000000)
    .ARM.Collect$$rtentry$$00000002          0x08000214   Section        0  __rtentry2.o(.ARM.Collect$$rtentry$$00000002)
    .ARM.Collect$$rtentry$$00000004          0x08000214   Section        6  __rtentry4.o(.ARM.Collect$$rtentry$$00000004)
    .ARM.Collect$$rtentry$$00000009          0x0800021a   Section        0  __rtentry2.o(.ARM.Collect$$rtentry$$00000009)
    .ARM.Collect$$rtentry$$0000000A          0x0800021a   Section        4  __rtentry2.o(.ARM.Collect$$rtentry$$0000000A)
    .ARM.Collect$$rtentry$$0000000C          0x0800021e   Section        0  __rtentry2.o(.ARM.Collect$$rtentry$$0000000C)
    .ARM.Collect$$rtentry$$0000000D          0x0800021e   Section        8  __rtentry2.o(.ARM.Collect$$rtentry$$0000000D)
    .ARM.Collect$$rtexit$$00000000           0x08000226   Section        2  rtexit.o(.ARM.Collect$$rtexit$$00000000)
    .ARM.Collect$$rtexit$$00000002           0x08000228   Section        0  rtexit2.o(.ARM.Collect$$rtexit$$00000002)
    .ARM.Collect$$rtexit$$00000003           0x08000228   Section        4  rtexit2.o(.ARM.Collect$$rtexit$$00000003)
    .ARM.Collect$$rtexit$$00000004           0x0800022c   Section        6  rtexit2.o(.ARM.Collect$$rtexit$$00000004)
    .text                                    0x08000234   Section        0  stm32f10x_it.o(.text)
    .text                                    0x08000368   Section        0  system_stm32f10x.o(.text)
    SetSysClockTo72                          0x08000369   Thumb Code   214  system_stm32f10x.o(.text)
    SetSysClock                              0x0800043f   Thumb Code     8  system_stm32f10x.o(.text)
    .text                                    0x08000548   Section       64  startup_stm32f10x_md.o(.text)
    .text                                    0x08000588   Section        0  misc.o(.text)
    .text                                    0x08000664   Section        0  stm32f10x_gpio.o(.text)
    .text                                    0x080009c0   Section        0  stm32f10x_rcc.o(.text)
    .text                                    0x08000d64   Section        0  stm32f10x_usart.o(.text)
    .text                                    0x0800116c   Section        0  beep.o(.text)
    .text                                    0x080011cc   Section        0  delay.o(.text)
    .text                                    0x080012c0   Section        0  usart.o(.text)
    .text                                    0x080014a8   Section        0  key.o(.text)
    .text                                    0x0800152c   Section        0  led.o(.text)
    .text                                    0x080015dc   Section        0  oled.o(.text)
    .text                                    0x080019f4   Section        0  main.o(.text)
    .text                                    0x08001abc   Section        0  esp8266.o(.text)
    .text                                    0x08001d50   Section        0  c89vsnprintf.o(.text)
    .text                                    0x08001d84   Section        0  __2sprintf.o(.text)
    .text                                    0x08001db0   Section        0  _printf_str.o(.text)
    .text                                    0x08001e04   Section        0  _printf_dec.o(.text)
    .text                                    0x08001e7c   Section        0  __printf_flags_ss_wp.o(.text)
    .text                                    0x08002004   Section        0  strchr.o(.text)
    .text                                    0x08002018   Section        0  strstr.o(.text)
    .text                                    0x0800203c   Section        0  strlen.o(.text)
    .text                                    0x0800207a   Section       68  rt_memclr.o(.text)
    .text                                    0x080020be   Section       78  rt_memclr_w.o(.text)
    .text                                    0x0800210c   Section        0  heapauxi.o(.text)
    .text                                    0x08002112   Section        0  _printf_pad.o(.text)
    .text                                    0x08002160   Section        0  _printf_truncate.o(.text)
    .text                                    0x08002184   Section        0  _printf_intcommon.o(.text)
    .text                                    0x08002236   Section        0  _printf_charcount.o(.text)
    .text                                    0x08002260   Section        0  _printf_char_common.o(.text)
    _printf_input_char                       0x08002261   Thumb Code    10  _printf_char_common.o(.text)
    .text                                    0x08002290   Section        0  _sputc.o(.text)
    .text                                    0x0800229a   Section        0  _snputc.o(.text)
    .text                                    0x080022aa   Section        0  _printf_char.o(.text)
    .text                                    0x080022d8   Section        0  _printf_wctomb.o(.text)
    .text                                    0x08002394   Section        0  _printf_longlong_dec.o(.text)
    .text                                    0x08002410   Section        0  _printf_oct_int_ll.o(.text)
    _printf_longlong_oct_internal            0x08002411   Thumb Code     0  _printf_oct_int_ll.o(.text)
    .text                                    0x08002480   Section        0  _printf_hex_int_ll_ptr.o(.text)
    _printf_hex_common                       0x08002481   Thumb Code     0  _printf_hex_int_ll_ptr.o(.text)
    .text                                    0x08002514   Section        8  libspace.o(.text)
    .text                                    0x0800251c   Section       16  rt_ctype_table.o(.text)
    .text                                    0x0800252c   Section      138  lludiv10.o(.text)
    .text                                    0x080025b6   Section        0  _printf_fp_dec.o(.text)
    _fp_digits                               0x080025b9   Thumb Code   432  _printf_fp_dec.o(.text)
    .text                                    0x080029d4   Section        0  _printf_wchar.o(.text)
    .text                                    0x08002a00   Section        0  _wcrtomb.o(.text)
    .text                                    0x08002a40   Section        2  use_no_semi.o(.text)
    .text                                    0x08002a42   Section        0  indicate_semi.o(.text)
    .text                                    0x08002a42   Section       74  sys_stackheap_outer.o(.text)
    .text                                    0x08002a8c   Section        8  rt_locale_intlibspace.o(.text)
    .text                                    0x08002a94   Section        0  _printf_fp_infnan.o(.text)
    .text                                    0x08002b14   Section        0  bigflt0.o(.text)
    .text                                    0x08002bf8   Section        0  exit.o(.text)
    .text                                    0x08002c0c   Section        0  sys_exit.o(.text)
    .text                                    0x08002c18   Section      128  strcmpv7m.o(.text)
    CL$$btod_d2e                             0x08002c98   Section       62  btod.o(CL$$btod_d2e)
    CL$$btod_d2e_denorm_low                  0x08002cd6   Section       70  btod.o(CL$$btod_d2e_denorm_low)
    CL$$btod_d2e_norm_op1                    0x08002d1c   Section       96  btod.o(CL$$btod_d2e_norm_op1)
    CL$$btod_div_common                      0x08002d7c   Section      824  btod.o(CL$$btod_div_common)
    CL$$btod_e2e                             0x080030b4   Section      220  btod.o(CL$$btod_e2e)
    CL$$btod_ediv                            0x08003190   Section       42  btod.o(CL$$btod_ediv)
    CL$$btod_emul                            0x080031ba   Section       42  btod.o(CL$$btod_emul)
    CL$$btod_mult_common                     0x080031e4   Section      580  btod.o(CL$$btod_mult_common)
    i.__ARM_fpclassify                       0x08003428   Section        0  fpclassify.o(i.__ARM_fpclassify)
    i._is_digit                              0x08003450   Section        0  __printf_wp.o(i._is_digit)
    locale$$code                             0x08003460   Section       44  lc_ctype_c.o(locale$$code)
    locale$$code                             0x0800348c   Section       44  lc_numeric_c.o(locale$$code)
    x$fpl$printf1                            0x080034b8   Section        4  printf1.o(x$fpl$printf1)
    .constdata                               0x080034bc   Section     1520  oled.o(.constdata)
    x$fpl$usenofp                            0x080034bc   Section        0  usenofp.o(x$fpl$usenofp)
    .constdata                               0x08003aac   Section       17  __printf_flags_ss_wp.o(.constdata)
    maptable                                 0x08003aac   Data          17  __printf_flags_ss_wp.o(.constdata)
    .constdata                               0x08003ac0   Section        8  _printf_wctomb.o(.constdata)
    initial_mbstate                          0x08003ac0   Data           8  _printf_wctomb.o(.constdata)
    .constdata                               0x08003ac8   Section       40  _printf_hex_int_ll_ptr.o(.constdata)
    uc_hextab                                0x08003ac8   Data          20  _printf_hex_int_ll_ptr.o(.constdata)
    lc_hextab                                0x08003adc   Data          20  _printf_hex_int_ll_ptr.o(.constdata)
    .constdata                               0x08003af0   Section      148  bigflt0.o(.constdata)
    tenpwrs_x                                0x08003af0   Data          60  bigflt0.o(.constdata)
    tenpwrs_i                                0x08003b2c   Data          64  bigflt0.o(.constdata)
    locale$$data                             0x08003ba4   Section      272  lc_ctype_c.o(locale$$data)
    __lcctype_c_name                         0x08003ba8   Data           2  lc_ctype_c.o(locale$$data)
    __lcctype_c_start                        0x08003bb0   Data           0  lc_ctype_c.o(locale$$data)
    locale$$data                             0x08003cb4   Section       28  lc_numeric_c.o(locale$$data)
    __lcctype_c_end                          0x08003cb4   Data           0  lc_ctype_c.o(locale$$data)
    __lcnum_c_name                           0x08003cb8   Data           2  lc_numeric_c.o(locale$$data)
    __lcnum_c_start                          0x08003cc0   Data           0  lc_numeric_c.o(locale$$data)
    __lcnum_c_point                          0x08003ccc   Data           0  lc_numeric_c.o(locale$$data)
    __lcnum_c_thousands                      0x08003cce   Data           0  lc_numeric_c.o(locale$$data)
    __lcnum_c_grouping                       0x08003ccf   Data           0  lc_numeric_c.o(locale$$data)
    __lcnum_c_end                            0x08003cd0   Data           0  lc_numeric_c.o(locale$$data)
    .data                                    0x20000000   Section       20  system_stm32f10x.o(.data)
    .data                                    0x20000014   Section       20  stm32f10x_rcc.o(.data)
    APBAHBPrescTable                         0x20000014   Data          16  stm32f10x_rcc.o(.data)
    ADCPrescTable                            0x20000024   Data           4  stm32f10x_rcc.o(.data)
    .data                                    0x20000028   Section        1  beep.o(.data)
    .data                                    0x2000002a   Section        4  delay.o(.data)
    .data                                    0x2000002e   Section        1  main.o(.data)
    .data                                    0x20000030   Section        4  esp8266.o(.data)
    .bss                                     0x20000034   Section      512  esp8266.o(.bss)
    .bss                                     0x20000234   Section       96  libspace.o(.bss)
    HEAP                                     0x20000298   Section      512  startup_stm32f10x_md.o(HEAP)
    Heap_Mem                                 0x20000298   Data         512  startup_stm32f10x_md.o(HEAP)
    STACK                                    0x20000498   Section     1024  startup_stm32f10x_md.o(STACK)
    Stack_Mem                                0x20000498   Data        1024  startup_stm32f10x_md.o(STACK)
    __initial_sp                             0x20000898   Data           0  startup_stm32f10x_md.o(STACK)

    Global Symbols

    Symbol Name                              Value     Ov Type        Size  Object(Section)

    BuildAttributes$$THM_ISAv4$P$D$K$B$S$PE$A:L22UL41UL21$X:L11$S22US41US21$IEEE1$IW$USESV6$~STKCKD$USESV7$~SHL$OTIME$ROPI$IEEEJ$EBA8$UX$STANDARDLIB$REQ8$PRES8$EABIv2 0x00000000   Number         0  anon$$obj.o ABSOLUTE
    __ARM_use_no_argv                        0x00000000   Number         0  main.o ABSOLUTE
    _printf_flags                            0x00000000   Number         0  printf_stubs.o ABSOLUTE
    _printf_return_value                     0x00000000   Number         0  printf_stubs.o ABSOLUTE
    _printf_sizespec                         0x00000000   Number         0  printf_stubs.o ABSOLUTE
    _printf_widthprec                        0x00000000   Number         0  printf_stubs.o ABSOLUTE
    __ARM_exceptions_init                     - Undefined Weak Reference
    __alloca_initialize                       - Undefined Weak Reference
    __arm_fini_                               - Undefined Weak Reference
    __arm_preinit_                            - Undefined Weak Reference
    __cpp_initialize__aeabi_                  - Undefined Weak Reference
    __cxa_finalize                            - Undefined Weak Reference
    __sigvec_lookup                           - Undefined Weak Reference
    __user_heap_extent                        - Undefined Weak Reference
    _atexit_init                              - Undefined Weak Reference
    _call_atexit_fns                          - Undefined Weak Reference
    _clock_init                               - Undefined Weak Reference
    _fp_trap_init                             - Undefined Weak Reference
    _fp_trap_shutdown                         - Undefined Weak Reference
    _get_lc_collate                           - Undefined Weak Reference
    _get_lc_monetary                          - Undefined Weak Reference
    _get_lc_time                              - Undefined Weak Reference
    _getenv_init                              - Undefined Weak Reference
    _handle_redirection                       - Undefined Weak Reference
    _initio                                   - Undefined Weak Reference
    _mutex_acquire                            - Undefined Weak Reference
    _mutex_free                               - Undefined Weak Reference
    _mutex_release                            - Undefined Weak Reference
    _printf_fp_hex                            - Undefined Weak Reference
    _printf_mbtowc                            - Undefined Weak Reference
    _printf_wc                                - Undefined Weak Reference
    _rand_init                                - Undefined Weak Reference
    _scanf_longlong                           - Undefined Weak Reference
    _scanf_mbtowc                             - Undefined Weak Reference
    _scanf_real                               - Undefined Weak Reference
    _scanf_wctomb                             - Undefined Weak Reference
    _scanf_wstring                            - Undefined Weak Reference
    _signal_finish                            - Undefined Weak Reference
    _signal_init                              - Undefined Weak Reference
    _terminateio                              - Undefined Weak Reference
    __Vectors_Size                           0x000000ec   Number         0  startup_stm32f10x_md.o ABSOLUTE
    __Vectors                                0x08000000   Data           4  startup_stm32f10x_md.o(RESET)
    __Vectors_End                            0x080000ec   Data           0  startup_stm32f10x_md.o(RESET)
    __main                                   0x080000ed   Thumb Code     8  __main.o(!!!main)
    __scatterload                            0x080000f5   Thumb Code     0  __scatter.o(!!!scatter)
    __scatterload_rt2                        0x080000f5   Thumb Code    44  __scatter.o(!!!scatter)
    __scatterload_rt2_thumb_only             0x080000f5   Thumb Code     0  __scatter.o(!!!scatter)
    __scatterload_null                       0x08000103   Thumb Code     0  __scatter.o(!!!scatter)
    __scatterload_copy                       0x08000129   Thumb Code    26  __scatter_copy.o(!!handler_copy)
    __scatterload_zeroinit                   0x08000145   Thumb Code    28  __scatter_zi.o(!!handler_zi)
    _printf_n                                0x08000161   Thumb Code     0  _printf_n.o(.ARM.Collect$$_printf_percent$$00000001)
    _printf_percent                          0x08000161   Thumb Code     0  _printf_percent.o(.ARM.Collect$$_printf_percent$$00000000)
    _printf_p                                0x08000167   Thumb Code     0  _printf_p.o(.ARM.Collect$$_printf_percent$$00000002)
    _printf_f                                0x0800016d   Thumb Code     0  _printf_f.o(.ARM.Collect$$_printf_percent$$00000003)
    _printf_e                                0x08000173   Thumb Code     0  _printf_e.o(.ARM.Collect$$_printf_percent$$00000004)
    _printf_g                                0x08000179   Thumb Code     0  _printf_g.o(.ARM.Collect$$_printf_percent$$00000005)
    _printf_a                                0x0800017f   Thumb Code     0  _printf_a.o(.ARM.Collect$$_printf_percent$$00000006)
    _printf_ll                               0x08000185   Thumb Code     0  _printf_ll.o(.ARM.Collect$$_printf_percent$$00000007)
    _printf_i                                0x0800018f   Thumb Code     0  _printf_i.o(.ARM.Collect$$_printf_percent$$00000008)
    _printf_d                                0x08000195   Thumb Code     0  _printf_d.o(.ARM.Collect$$_printf_percent$$00000009)
    _printf_u                                0x0800019b   Thumb Code     0  _printf_u.o(.ARM.Collect$$_printf_percent$$0000000A)
    _printf_o                                0x080001a1   Thumb Code     0  _printf_o.o(.ARM.Collect$$_printf_percent$$0000000B)
    _printf_x                                0x080001a7   Thumb Code     0  _printf_x.o(.ARM.Collect$$_printf_percent$$0000000C)
    _printf_lli                              0x080001ad   Thumb Code     0  _printf_lli.o(.ARM.Collect$$_printf_percent$$0000000D)
    _printf_lld                              0x080001b3   Thumb Code     0  _printf_lld.o(.ARM.Collect$$_printf_percent$$0000000E)
    _printf_llu                              0x080001b9   Thumb Code     0  _printf_llu.o(.ARM.Collect$$_printf_percent$$0000000F)
    _printf_llo                              0x080001bf   Thumb Code     0  _printf_llo.o(.ARM.Collect$$_printf_percent$$00000010)
    _printf_llx                              0x080001c5   Thumb Code     0  _printf_llx.o(.ARM.Collect$$_printf_percent$$00000011)
    _printf_l                                0x080001cb   Thumb Code     0  _printf_l.o(.ARM.Collect$$_printf_percent$$00000012)
    _printf_c                                0x080001d5   Thumb Code     0  _printf_c.o(.ARM.Collect$$_printf_percent$$00000013)
    _printf_s                                0x080001db   Thumb Code     0  _printf_s.o(.ARM.Collect$$_printf_percent$$00000014)
    _printf_lc                               0x080001e1   Thumb Code     0  _printf_lc.o(.ARM.Collect$$_printf_percent$$00000015)
    _printf_ls                               0x080001e7   Thumb Code     0  _printf_ls.o(.ARM.Collect$$_printf_percent$$00000016)
    _printf_percent_end                      0x080001ed   Thumb Code     0  _printf_percent_end.o(.ARM.Collect$$_printf_percent$$00000017)
    __rt_lib_init                            0x080001f1   Thumb Code     0  libinit.o(.ARM.Collect$$libinit$$00000000)
    __rt_lib_init_fp_1                       0x080001f3   Thumb Code     0  libinit2.o(.ARM.Collect$$libinit$$00000002)
    __rt_lib_init_heap_1                     0x080001f3   Thumb Code     0  libinit2.o(.ARM.Collect$$libinit$$0000000A)
    __rt_lib_init_lc_common                  0x080001f3   Thumb Code     0  libinit2.o(.ARM.Collect$$libinit$$0000000F)
    __rt_lib_init_preinit_1                  0x080001f3   Thumb Code     0  libinit2.o(.ARM.Collect$$libinit$$00000004)
    __rt_lib_init_rand_1                     0x080001f3   Thumb Code     0  libinit2.o(.ARM.Collect$$libinit$$0000000E)
    __rt_lib_init_user_alloc_1               0x080001f3   Thumb Code     0  libinit2.o(.ARM.Collect$$libinit$$0000000C)
    __rt_lib_init_lc_collate_1               0x080001f9   Thumb Code     0  libinit2.o(.ARM.Collect$$libinit$$00000011)
    __rt_lib_init_lc_ctype_2                 0x080001f9   Thumb Code     0  libinit2.o(.ARM.Collect$$libinit$$00000012)
    __rt_lib_init_lc_ctype_1                 0x08000205   Thumb Code     0  libinit2.o(.ARM.Collect$$libinit$$00000013)
    __rt_lib_init_lc_monetary_1              0x08000205   Thumb Code     0  libinit2.o(.ARM.Collect$$libinit$$00000015)
    __rt_lib_init_lc_numeric_2               0x08000205   Thumb Code     0  libinit2.o(.ARM.Collect$$libinit$$00000016)
    __rt_lib_init_alloca_1                   0x0800020f   Thumb Code     0  libinit2.o(.ARM.Collect$$libinit$$0000002E)
    __rt_lib_init_argv_1                     0x0800020f   Thumb Code     0  libinit2.o(.ARM.Collect$$libinit$$0000002C)
    __rt_lib_init_atexit_1                   0x0800020f   Thumb Code     0  libinit2.o(.ARM.Collect$$libinit$$0000001B)
    __rt_lib_init_clock_1                    0x0800020f   Thumb Code     0  libinit2.o(.ARM.Collect$$libinit$$00000021)
    __rt_lib_init_cpp_1                      0x0800020f   Thumb Code     0  libinit2.o(.ARM.Collect$$libinit$$00000032)
    __rt_lib_init_exceptions_1               0x0800020f   Thumb Code     0  libinit2.o(.ARM.Collect$$libinit$$00000030)
    __rt_lib_init_fp_trap_1                  0x0800020f   Thumb Code     0  libinit2.o(.ARM.Collect$$libinit$$0000001F)
    __rt_lib_init_getenv_1                   0x0800020f   Thumb Code     0  libinit2.o(.ARM.Collect$$libinit$$00000023)
    __rt_lib_init_lc_numeric_1               0x0800020f   Thumb Code     0  libinit2.o(.ARM.Collect$$libinit$$00000017)
    __rt_lib_init_lc_time_1                  0x0800020f   Thumb Code     0  libinit2.o(.ARM.Collect$$libinit$$00000019)
    __rt_lib_init_return                     0x0800020f   Thumb Code     0  libinit2.o(.ARM.Collect$$libinit$$00000033)
    __rt_lib_init_signal_1                   0x0800020f   Thumb Code     0  libinit2.o(.ARM.Collect$$libinit$$0000001D)
    __rt_lib_init_stdio_1                    0x0800020f   Thumb Code     0  libinit2.o(.ARM.Collect$$libinit$$00000025)
    __rt_lib_shutdown                        0x08000211   Thumb Code     0  libshutdown.o(.ARM.Collect$$libshutdown$$00000000)
    __rt_lib_shutdown_cpp_1                  0x08000213   Thumb Code     0  libshutdown2.o(.ARM.Collect$$libshutdown$$00000004)
    __rt_lib_shutdown_fini_1                 0x08000213   Thumb Code     0  libshutdown2.o(.ARM.Collect$$libshutdown$$00000002)
    __rt_lib_shutdown_fp_trap_1              0x08000213   Thumb Code     0  libshutdown2.o(.ARM.Collect$$libshutdown$$00000009)
    __rt_lib_shutdown_heap_1                 0x08000213   Thumb Code     0  libshutdown2.o(.ARM.Collect$$libshutdown$$00000011)
    __rt_lib_shutdown_return                 0x08000213   Thumb Code     0  libshutdown2.o(.ARM.Collect$$libshutdown$$00000012)
    __rt_lib_shutdown_signal_1               0x08000213   Thumb Code     0  libshutdown2.o(.ARM.Collect$$libshutdown$$0000000C)
    __rt_lib_shutdown_stdio_1                0x08000213   Thumb Code     0  libshutdown2.o(.ARM.Collect$$libshutdown$$00000006)
    __rt_lib_shutdown_user_alloc_1           0x08000213   Thumb Code     0  libshutdown2.o(.ARM.Collect$$libshutdown$$0000000E)
    __rt_entry                               0x08000215   Thumb Code     0  __rtentry.o(.ARM.Collect$$rtentry$$00000000)
    __rt_entry_presh_1                       0x08000215   Thumb Code     0  __rtentry2.o(.ARM.Collect$$rtentry$$00000002)
    __rt_entry_sh                            0x08000215   Thumb Code     0  __rtentry4.o(.ARM.Collect$$rtentry$$00000004)
    __rt_entry_li                            0x0800021b   Thumb Code     0  __rtentry2.o(.ARM.Collect$$rtentry$$0000000A)
    __rt_entry_postsh_1                      0x0800021b   Thumb Code     0  __rtentry2.o(.ARM.Collect$$rtentry$$00000009)
    __rt_entry_main                          0x0800021f   Thumb Code     0  __rtentry2.o(.ARM.Collect$$rtentry$$0000000D)
    __rt_entry_postli_1                      0x0800021f   Thumb Code     0  __rtentry2.o(.ARM.Collect$$rtentry$$0000000C)
    __rt_exit                                0x08000227   Thumb Code     0  rtexit.o(.ARM.Collect$$rtexit$$00000000)
    __rt_exit_ls                             0x08000229   Thumb Code     0  rtexit2.o(.ARM.Collect$$rtexit$$00000003)
    __rt_exit_prels_1                        0x08000229   Thumb Code     0  rtexit2.o(.ARM.Collect$$rtexit$$00000002)
    __rt_exit_exit                           0x0800022d   Thumb Code     0  rtexit2.o(.ARM.Collect$$rtexit$$00000004)
    NMI_Handler                              0x08000235   Thumb Code     2  stm32f10x_it.o(.text)
    HardFault_Handler                        0x08000237   Thumb Code    12  stm32f10x_it.o(.text)
    MemManage_Handler                        0x08000243   Thumb Code    12  stm32f10x_it.o(.text)
    BusFault_Handler                         0x0800024f   Thumb Code    12  stm32f10x_it.o(.text)
    UsageFault_Handler                       0x0800025b   Thumb Code    12  stm32f10x_it.o(.text)
    SVC_Handler                              0x08000267   Thumb Code     2  stm32f10x_it.o(.text)
    DebugMon_Handler                         0x08000269   Thumb Code     2  stm32f10x_it.o(.text)
    SysTick_Handler                          0x0800026b   Thumb Code     2  stm32f10x_it.o(.text)
    EXTI0_IRQHandler                         0x0800026d   Thumb Code     2  stm32f10x_it.o(.text)
    RTC_IRQHandler                           0x0800026f   Thumb Code     2  stm32f10x_it.o(.text)
    SystemInit                               0x08000447   Thumb Code    78  system_stm32f10x.o(.text)
    SystemCoreClockUpdate                    0x08000495   Thumb Code   142  system_stm32f10x.o(.text)
    Reset_Handler                            0x08000549   Thumb Code     8  startup_stm32f10x_md.o(.text)
    PendSV_Handler                           0x0800055f   Thumb Code     2  startup_stm32f10x_md.o(.text)
    ADC1_2_IRQHandler                        0x08000563   Thumb Code     0  startup_stm32f10x_md.o(.text)
    CAN1_RX1_IRQHandler                      0x08000563   Thumb Code     0  startup_stm32f10x_md.o(.text)
    CAN1_SCE_IRQHandler                      0x08000563   Thumb Code     0  startup_stm32f10x_md.o(.text)
    DMA1_Channel1_IRQHandler                 0x08000563   Thumb Code     0  startup_stm32f10x_md.o(.text)
    DMA1_Channel2_IRQHandler                 0x08000563   Thumb Code     0  startup_stm32f10x_md.o(.text)
    DMA1_Channel3_IRQHandler                 0x08000563   Thumb Code     0  startup_stm32f10x_md.o(.text)
    DMA1_Channel4_IRQHandler                 0x08000563   Thumb Code     0  startup_stm32f10x_md.o(.text)
    DMA1_Channel5_IRQHandler                 0x08000563   Thumb Code     0  startup_stm32f10x_md.o(.text)
    DMA1_Channel6_IRQHandler                 0x08000563   Thumb Code     0  startup_stm32f10x_md.o(.text)
    DMA1_Channel7_IRQHandler                 0x08000563   Thumb Code     0  startup_stm32f10x_md.o(.text)
    EXTI15_10_IRQHandler                     0x08000563   Thumb Code     0  startup_stm32f10x_md.o(.text)
    EXTI1_IRQHandler                         0x08000563   Thumb Code     0  startup_stm32f10x_md.o(.text)
    EXTI2_IRQHandler                         0x08000563   Thumb Code     0  startup_stm32f10x_md.o(.text)
    EXTI3_IRQHandler                         0x08000563   Thumb Code     0  startup_stm32f10x_md.o(.text)
    EXTI4_IRQHandler                         0x08000563   Thumb Code     0  startup_stm32f10x_md.o(.text)
    EXTI9_5_IRQHandler                       0x08000563   Thumb Code     0  startup_stm32f10x_md.o(.text)
    FLASH_IRQHandler                         0x08000563   Thumb Code     0  startup_stm32f10x_md.o(.text)
    I2C1_ER_IRQHandler                       0x08000563   Thumb Code     0  startup_stm32f10x_md.o(.text)
    I2C1_EV_IRQHandler                       0x08000563   Thumb Code     0  startup_stm32f10x_md.o(.text)
    I2C2_ER_IRQHandler                       0x08000563   Thumb Code     0  startup_stm32f10x_md.o(.text)
    I2C2_EV_IRQHandler                       0x08000563   Thumb Code     0  startup_stm32f10x_md.o(.text)
    PVD_IRQHandler                           0x08000563   Thumb Code     0  startup_stm32f10x_md.o(.text)
    RCC_IRQHandler                           0x08000563   Thumb Code     0  startup_stm32f10x_md.o(.text)
    RTCAlarm_IRQHandler                      0x08000563   Thumb Code     0  startup_stm32f10x_md.o(.text)
    SPI1_IRQHandler                          0x08000563   Thumb Code     0  startup_stm32f10x_md.o(.text)
    SPI2_IRQHandler                          0x08000563   Thumb Code     0  startup_stm32f10x_md.o(.text)
    TAMPER_IRQHandler                        0x08000563   Thumb Code     0  startup_stm32f10x_md.o(.text)
    TIM1_BRK_IRQHandler                      0x08000563   Thumb Code     0  startup_stm32f10x_md.o(.text)
    TIM1_CC_IRQHandler                       0x08000563   Thumb Code     0  startup_stm32f10x_md.o(.text)
    TIM1_TRG_COM_IRQHandler                  0x08000563   Thumb Code     0  startup_stm32f10x_md.o(.text)
    TIM1_UP_IRQHandler                       0x08000563   Thumb Code     0  startup_stm32f10x_md.o(.text)
    TIM2_IRQHandler                          0x08000563   Thumb Code     0  startup_stm32f10x_md.o(.text)
    TIM3_IRQHandler                          0x08000563   Thumb Code     0  startup_stm32f10x_md.o(.text)
    TIM4_IRQHandler                          0x08000563   Thumb Code     0  startup_stm32f10x_md.o(.text)
    USART3_IRQHandler                        0x08000563   Thumb Code     0  startup_stm32f10x_md.o(.text)
    USBWakeUp_IRQHandler                     0x08000563   Thumb Code     0  startup_stm32f10x_md.o(.text)
    USB_HP_CAN1_TX_IRQHandler                0x08000563   Thumb Code     0  startup_stm32f10x_md.o(.text)
    USB_LP_CAN1_RX0_IRQHandler               0x08000563   Thumb Code     0  startup_stm32f10x_md.o(.text)
    WWDG_IRQHandler                          0x08000563   Thumb Code     0  startup_stm32f10x_md.o(.text)
    __user_initial_stackheap                 0x08000565   Thumb Code     0  startup_stm32f10x_md.o(.text)
    NVIC_PriorityGroupConfig                 0x08000589   Thumb Code    10  misc.o(.text)
    NVIC_Init                                0x08000593   Thumb Code   100  misc.o(.text)
    NVIC_SetVectorTable                      0x080005f7   Thumb Code    14  misc.o(.text)
    NVIC_SystemLPConfig                      0x08000605   Thumb Code    34  misc.o(.text)
    SysTick_CLKSourceConfig                  0x08000627   Thumb Code    40  misc.o(.text)
    GPIO_DeInit                              0x08000665   Thumb Code   172  stm32f10x_gpio.o(.text)
    GPIO_AFIODeInit                          0x08000711   Thumb Code    20  stm32f10x_gpio.o(.text)
    GPIO_Init                                0x08000725   Thumb Code   278  stm32f10x_gpio.o(.text)
    GPIO_StructInit                          0x0800083b   Thumb Code    16  stm32f10x_gpio.o(.text)
    GPIO_ReadInputDataBit                    0x0800084b   Thumb Code    18  stm32f10x_gpio.o(.text)
    GPIO_ReadInputData                       0x0800085d   Thumb Code     8  stm32f10x_gpio.o(.text)
    GPIO_ReadOutputDataBit                   0x08000865   Thumb Code    18  stm32f10x_gpio.o(.text)
    GPIO_ReadOutputData                      0x08000877   Thumb Code     8  stm32f10x_gpio.o(.text)
    GPIO_SetBits                             0x0800087f   Thumb Code     4  stm32f10x_gpio.o(.text)
    GPIO_ResetBits                           0x08000883   Thumb Code     4  stm32f10x_gpio.o(.text)
    GPIO_WriteBit                            0x08000887   Thumb Code    10  stm32f10x_gpio.o(.text)
    GPIO_Write                               0x08000891   Thumb Code     4  stm32f10x_gpio.o(.text)
    GPIO_PinLockConfig                       0x08000895   Thumb Code    18  stm32f10x_gpio.o(.text)
    GPIO_EventOutputConfig                   0x080008a7   Thumb Code    26  stm32f10x_gpio.o(.text)
    GPIO_EventOutputCmd                      0x080008c1   Thumb Code     6  stm32f10x_gpio.o(.text)
    GPIO_PinRemapConfig                      0x080008c7   Thumb Code   138  stm32f10x_gpio.o(.text)
    GPIO_EXTILineConfig                      0x08000951   Thumb Code    66  stm32f10x_gpio.o(.text)
    GPIO_ETH_MediaInterfaceConfig            0x08000993   Thumb Code     8  stm32f10x_gpio.o(.text)
    RCC_DeInit                               0x080009c1   Thumb Code    64  stm32f10x_rcc.o(.text)
    RCC_HSEConfig                            0x08000a01   Thumb Code    70  stm32f10x_rcc.o(.text)
    RCC_GetFlagStatus                        0x08000a47   Thumb Code    56  stm32f10x_rcc.o(.text)
    RCC_WaitForHSEStartUp                    0x08000a7f   Thumb Code    56  stm32f10x_rcc.o(.text)
    RCC_AdjustHSICalibrationValue            0x08000ab7   Thumb Code    20  stm32f10x_rcc.o(.text)
    RCC_HSICmd                               0x08000acb   Thumb Code     6  stm32f10x_rcc.o(.text)
    RCC_PLLConfig                            0x08000ad1   Thumb Code    24  stm32f10x_rcc.o(.text)
    RCC_PLLCmd                               0x08000ae9   Thumb Code     6  stm32f10x_rcc.o(.text)
    RCC_SYSCLKConfig                         0x08000aef   Thumb Code    18  stm32f10x_rcc.o(.text)
    RCC_GetSYSCLKSource                      0x08000b01   Thumb Code    10  stm32f10x_rcc.o(.text)
    RCC_HCLKConfig                           0x08000b0b   Thumb Code    18  stm32f10x_rcc.o(.text)
    RCC_PCLK1Config                          0x08000b1d   Thumb Code    18  stm32f10x_rcc.o(.text)
    RCC_PCLK2Config                          0x08000b2f   Thumb Code    20  stm32f10x_rcc.o(.text)
    RCC_ITConfig                             0x08000b43   Thumb Code    26  stm32f10x_rcc.o(.text)
    RCC_USBCLKConfig                         0x08000b5d   Thumb Code     8  stm32f10x_rcc.o(.text)
    RCC_ADCCLKConfig                         0x08000b65   Thumb Code    18  stm32f10x_rcc.o(.text)
    RCC_LSEConfig                            0x08000b77   Thumb Code    50  stm32f10x_rcc.o(.text)
    RCC_LSICmd                               0x08000ba9   Thumb Code     6  stm32f10x_rcc.o(.text)
    RCC_RTCCLKConfig                         0x08000baf   Thumb Code    12  stm32f10x_rcc.o(.text)
    RCC_RTCCLKCmd                            0x08000bbb   Thumb Code     8  stm32f10x_rcc.o(.text)
    RCC_GetClocksFreq                        0x08000bc3   Thumb Code   192  stm32f10x_rcc.o(.text)
    RCC_AHBPeriphClockCmd                    0x08000c83   Thumb Code    26  stm32f10x_rcc.o(.text)
    RCC_APB2PeriphClockCmd                   0x08000c9d   Thumb Code    26  stm32f10x_rcc.o(.text)
    RCC_APB1PeriphClockCmd                   0x08000cb7   Thumb Code    26  stm32f10x_rcc.o(.text)
    RCC_APB2PeriphResetCmd                   0x08000cd1   Thumb Code    26  stm32f10x_rcc.o(.text)
    RCC_APB1PeriphResetCmd                   0x08000ceb   Thumb Code    26  stm32f10x_rcc.o(.text)
    RCC_BackupResetCmd                       0x08000d05   Thumb Code     8  stm32f10x_rcc.o(.text)
    RCC_ClockSecuritySystemCmd               0x08000d0d   Thumb Code     6  stm32f10x_rcc.o(.text)
    RCC_MCOConfig                            0x08000d13   Thumb Code     6  stm32f10x_rcc.o(.text)
    RCC_ClearFlag                            0x08000d19   Thumb Code    14  stm32f10x_rcc.o(.text)
    RCC_GetITStatus                          0x08000d27   Thumb Code    20  stm32f10x_rcc.o(.text)
    RCC_ClearITPendingBit                    0x08000d3b   Thumb Code     6  stm32f10x_rcc.o(.text)
    USART_DeInit                             0x08000d65   Thumb Code   134  stm32f10x_usart.o(.text)
    USART_Init                               0x08000deb   Thumb Code   210  stm32f10x_usart.o(.text)
    USART_StructInit                         0x08000ebd   Thumb Code    24  stm32f10x_usart.o(.text)
    USART_ClockInit                          0x08000ed5   Thumb Code    34  stm32f10x_usart.o(.text)
    USART_ClockStructInit                    0x08000ef7   Thumb Code    12  stm32f10x_usart.o(.text)
    USART_Cmd                                0x08000f03   Thumb Code    24  stm32f10x_usart.o(.text)
    USART_ITConfig                           0x08000f1b   Thumb Code    74  stm32f10x_usart.o(.text)
    USART_DMACmd                             0x08000f65   Thumb Code    18  stm32f10x_usart.o(.text)
    USART_SetAddress                         0x08000f77   Thumb Code    18  stm32f10x_usart.o(.text)
    USART_WakeUpConfig                       0x08000f89   Thumb Code    18  stm32f10x_usart.o(.text)
    USART_ReceiverWakeUpCmd                  0x08000f9b   Thumb Code    24  stm32f10x_usart.o(.text)
    USART_LINBreakDetectLengthConfig         0x08000fb3   Thumb Code    18  stm32f10x_usart.o(.text)
    USART_LINCmd                             0x08000fc5   Thumb Code    24  stm32f10x_usart.o(.text)
    USART_SendData                           0x08000fdd   Thumb Code     8  stm32f10x_usart.o(.text)
    USART_ReceiveData                        0x08000fe5   Thumb Code    10  stm32f10x_usart.o(.text)
    USART_SendBreak                          0x08000fef   Thumb Code    10  stm32f10x_usart.o(.text)
    USART_SetGuardTime                       0x08000ff9   Thumb Code    16  stm32f10x_usart.o(.text)
    USART_SetPrescaler                       0x08001009   Thumb Code    16  stm32f10x_usart.o(.text)
    USART_SmartCardCmd                       0x08001019   Thumb Code    24  stm32f10x_usart.o(.text)
    USART_SmartCardNACKCmd                   0x08001031   Thumb Code    24  stm32f10x_usart.o(.text)
    USART_HalfDuplexCmd                      0x08001049   Thumb Code    24  stm32f10x_usart.o(.text)
    USART_OverSampling8Cmd                   0x08001061   Thumb Code    22  stm32f10x_usart.o(.text)
    USART_OneBitMethodCmd                    0x08001077   Thumb Code    24  stm32f10x_usart.o(.text)
    USART_IrDAConfig                         0x0800108f   Thumb Code    18  stm32f10x_usart.o(.text)
    USART_IrDACmd                            0x080010a1   Thumb Code    24  stm32f10x_usart.o(.text)
    USART_GetFlagStatus                      0x080010b9   Thumb Code    26  stm32f10x_usart.o(.text)
    USART_ClearFlag                          0x080010d3   Thumb Code    18  stm32f10x_usart.o(.text)
    USART_GetITStatus                        0x080010e5   Thumb Code    84  stm32f10x_usart.o(.text)
    USART_ClearITPendingBit                  0x08001139   Thumb Code    52  stm32f10x_usart.o(.text)
    Beep_Set                                 0x0800116d   Thumb Code    22  beep.o(.text)
    Beep_Init                                0x08001183   Thumb Code    60  beep.o(.text)
    Delay_Init                               0x080011cd   Thumb Code    48  delay.o(.text)
    DelayUs                                  0x080011fd   Thumb Code    60  delay.o(.text)
    DelayXms                                 0x08001239   Thumb Code    66  delay.o(.text)
    DelayMs                                  0x0800127b   Thumb Code    60  delay.o(.text)
    Usart1_Init                              0x080012c1   Thumb Code   166  usart.o(.text)
    Usart2_Init                              0x08001367   Thumb Code   162  usart.o(.text)
    Usart_SendString                         0x08001409   Thumb Code    50  usart.o(.text)
    UsartPrintf                              0x0800143b   Thumb Code    72  usart.o(.text)
    USART1_IRQHandler                        0x08001483   Thumb Code    24  usart.o(.text)
    Key_Init                                 0x080014a9   Thumb Code    40  key.o(.text)
    GetKeyNum                                0x080014d1   Thumb Code    88  key.o(.text)
    LED_Init                                 0x0800152d   Thumb Code    50  led.o(.text)
    LED1_ON                                  0x0800155f   Thumb Code    12  led.o(.text)
    LED1_OFF                                 0x0800156b   Thumb Code    12  led.o(.text)
    LED2_ON                                  0x08001577   Thumb Code    14  led.o(.text)
    LED2_OFF                                 0x08001585   Thumb Code    14  led.o(.text)
    LED1_TURN                                0x08001593   Thumb Code    32  led.o(.text)
    LED2_TURN                                0x080015b3   Thumb Code    38  led.o(.text)
    OLED_I2C_Init                            0x080015dd   Thumb Code    76  oled.o(.text)
    OLED_I2C_Start                           0x08001629   Thumb Code    48  oled.o(.text)
    OLED_I2C_Stop                            0x08001659   Thumb Code    36  oled.o(.text)
    OLED_I2C_SendByte                        0x0800167d   Thumb Code    80  oled.o(.text)
    OLED_WriteCommand                        0x080016cd   Thumb Code    32  oled.o(.text)
    OLED_WriteData                           0x080016ed   Thumb Code    32  oled.o(.text)
    OLED_SetCursor                           0x0800170d   Thumb Code    34  oled.o(.text)
    OLED_Clear                               0x0800172f   Thumb Code    42  oled.o(.text)
    OLED_ShowChar                            0x08001759   Thumb Code   110  oled.o(.text)
    OLED_ShowString                          0x080017c7   Thumb Code    40  oled.o(.text)
    OLED_Pow                                 0x080017ef   Thumb Code    20  oled.o(.text)
    OLED_ShowNum                             0x08001803   Thumb Code    68  oled.o(.text)
    OLED_ShowSignedNum                       0x08001847   Thumb Code   102  oled.o(.text)
    OLED_ShowHexNum                          0x080018ad   Thumb Code    84  oled.o(.text)
    OLED_ShowBinNum                          0x08001901   Thumb Code    62  oled.o(.text)
    OLED_Init                                0x0800193f   Thumb Code   182  oled.o(.text)
    Hardware_Init                            0x080019f5   Thumb Code    56  main.o(.text)
    main                                     0x08001a2d   Thumb Code   102  main.o(.text)
    ESP8266_Clear                            0x08001abd   Thumb Code    20  esp8266.o(.text)
    ESP8266_WaitRecive                       0x08001ad1   Thumb Code    42  esp8266.o(.text)
    ESP8266_SendCmd                          0x08001afb   Thumb Code    76  esp8266.o(.text)
    ESP8266_SendData                         0x08001b47   Thumb Code    46  esp8266.o(.text)
    ESP8266_GetIPD                           0x08001b75   Thumb Code    68  esp8266.o(.text)
    ESP8266_Init                             0x08001bb9   Thumb Code   136  esp8266.o(.text)
    USART2_IRQHandler                        0x08001c41   Thumb Code    64  esp8266.o(.text)
    __c89vsnprintf                           0x08001d51   Thumb Code    48  c89vsnprintf.o(.text)
    __2sprintf                               0x08001d85   Thumb Code    38  __2sprintf.o(.text)
    _printf_str                              0x08001db1   Thumb Code    82  _printf_str.o(.text)
    _printf_int_dec                          0x08001e05   Thumb Code   104  _printf_dec.o(.text)
    __printf                                 0x08001e7d   Thumb Code   388  __printf_flags_ss_wp.o(.text)
    strchr                                   0x08002005   Thumb Code    20  strchr.o(.text)
    strstr                                   0x08002019   Thumb Code    36  strstr.o(.text)
    strlen                                   0x0800203d   Thumb Code    62  strlen.o(.text)
    __aeabi_memclr                           0x0800207b   Thumb Code     0  rt_memclr.o(.text)
    __rt_memclr                              0x0800207b   Thumb Code    68  rt_memclr.o(.text)
    _memset                                  0x0800207f   Thumb Code     0  rt_memclr.o(.text)
    __aeabi_memclr4                          0x080020bf   Thumb Code     0  rt_memclr_w.o(.text)
    __aeabi_memclr8                          0x080020bf   Thumb Code     0  rt_memclr_w.o(.text)
    __rt_memclr_w                            0x080020bf   Thumb Code    78  rt_memclr_w.o(.text)
    _memset_w                                0x080020c3   Thumb Code     0  rt_memclr_w.o(.text)
    __use_two_region_memory                  0x0800210d   Thumb Code     2  heapauxi.o(.text)
    __rt_heap_escrow                         0x0800210f   Thumb Code     2  heapauxi.o(.text)
    __rt_heap_expand                         0x08002111   Thumb Code     2  heapauxi.o(.text)
    _printf_pre_padding                      0x08002113   Thumb Code    44  _printf_pad.o(.text)
    _printf_post_padding                     0x0800213f   Thumb Code    34  _printf_pad.o(.text)
    _printf_truncate_signed                  0x08002161   Thumb Code    18  _printf_truncate.o(.text)
    _printf_truncate_unsigned                0x08002173   Thumb Code    18  _printf_truncate.o(.text)
    _printf_int_common                       0x08002185   Thumb Code   178  _printf_intcommon.o(.text)
    _printf_charcount                        0x08002237   Thumb Code    40  _printf_charcount.o(.text)
    _printf_char_common                      0x0800226b   Thumb Code    32  _printf_char_common.o(.text)
    _sputc                                   0x08002291   Thumb Code    10  _sputc.o(.text)
    _snputc                                  0x0800229b   Thumb Code    16  _snputc.o(.text)
    _printf_cs_common                        0x080022ab   Thumb Code    20  _printf_char.o(.text)
    _printf_char                             0x080022bf   Thumb Code    16  _printf_char.o(.text)
    _printf_string                           0x080022cf   Thumb Code     8  _printf_char.o(.text)
    _printf_wctomb                           0x080022d9   Thumb Code   182  _printf_wctomb.o(.text)
    _printf_longlong_dec                     0x08002395   Thumb Code   108  _printf_longlong_dec.o(.text)
    _printf_longlong_oct                     0x08002411   Thumb Code    66  _printf_oct_int_ll.o(.text)
    _printf_int_oct                          0x08002453   Thumb Code    24  _printf_oct_int_ll.o(.text)
    _printf_ll_oct                           0x0800246b   Thumb Code    12  _printf_oct_int_ll.o(.text)
    _printf_longlong_hex                     0x08002481   Thumb Code    86  _printf_hex_int_ll_ptr.o(.text)
    _printf_int_hex                          0x080024d7   Thumb Code    28  _printf_hex_int_ll_ptr.o(.text)
    _printf_ll_hex                           0x080024f3   Thumb Code    12  _printf_hex_int_ll_ptr.o(.text)
    _printf_hex_ptr                          0x080024ff   Thumb Code    18  _printf_hex_int_ll_ptr.o(.text)
    __user_libspace                          0x08002515   Thumb Code     8  libspace.o(.text)
    __user_perproc_libspace                  0x08002515   Thumb Code     0  libspace.o(.text)
    __user_perthread_libspace                0x08002515   Thumb Code     0  libspace.o(.text)
    __rt_ctype_table                         0x0800251d   Thumb Code    16  rt_ctype_table.o(.text)
    _ll_udiv10                               0x0800252d   Thumb Code   138  lludiv10.o(.text)
    __lib_sel_fp_printf                      0x080025b7   Thumb Code     2  _printf_fp_dec.o(.text)
    _printf_fp_dec_real                      0x08002769   Thumb Code   620  _printf_fp_dec.o(.text)
    _printf_lcs_common                       0x080029d5   Thumb Code    20  _printf_wchar.o(.text)
    _printf_wchar                            0x080029e9   Thumb Code    16  _printf_wchar.o(.text)
    _printf_wstring                          0x080029f9   Thumb Code     8  _printf_wchar.o(.text)
    _wcrtomb                                 0x08002a01   Thumb Code    64  _wcrtomb.o(.text)
    __I$use$semihosting                      0x08002a41   Thumb Code     0  use_no_semi.o(.text)
    __use_no_semihosting_swi                 0x08002a41   Thumb Code     2  use_no_semi.o(.text)
    __semihosting_library_function           0x08002a43   Thumb Code     0  indicate_semi.o(.text)
    __user_setup_stackheap                   0x08002a43   Thumb Code    74  sys_stackheap_outer.o(.text)
    __rt_locale                              0x08002a8d   Thumb Code     8  rt_locale_intlibspace.o(.text)
    _printf_fp_infnan                        0x08002a95   Thumb Code   112  _printf_fp_infnan.o(.text)
    _btod_etento                             0x08002b15   Thumb Code   224  bigflt0.o(.text)
    exit                                     0x08002bf9   Thumb Code    18  exit.o(.text)
    _sys_exit                                0x08002c0d   Thumb Code     8  sys_exit.o(.text)
    strcmp                                   0x08002c19   Thumb Code   128  strcmpv7m.o(.text)
    _btod_d2e                                0x08002c99   Thumb Code    62  btod.o(CL$$btod_d2e)
    _d2e_denorm_low                          0x08002cd7   Thumb Code    70  btod.o(CL$$btod_d2e_denorm_low)
    _d2e_norm_op1                            0x08002d1d   Thumb Code    96  btod.o(CL$$btod_d2e_norm_op1)
    __btod_div_common                        0x08002d7d   Thumb Code   696  btod.o(CL$$btod_div_common)
    _e2e                                     0x080030b5   Thumb Code   220  btod.o(CL$$btod_e2e)
    _btod_ediv                               0x08003191   Thumb Code    42  btod.o(CL$$btod_ediv)
    _btod_emul                               0x080031bb   Thumb Code    42  btod.o(CL$$btod_emul)
    __btod_mult_common                       0x080031e5   Thumb Code   580  btod.o(CL$$btod_mult_common)
    __ARM_fpclassify                         0x08003429   Thumb Code    40  fpclassify.o(i.__ARM_fpclassify)
    _is_digit                                0x08003451   Thumb Code    14  __printf_wp.o(i._is_digit)
    _get_lc_ctype                            0x08003461   Thumb Code    44  lc_ctype_c.o(locale$$code)
    _get_lc_numeric                          0x0800348d   Thumb Code    44  lc_numeric_c.o(locale$$code)
    _printf_fp_dec                           0x080034b9   Thumb Code     4  printf1.o(x$fpl$printf1)
    OLED_F8x16                               0x080034bc   Data        1520  oled.o(.constdata)
    __I$use$fp                               0x080034bc   Number         0  usenofp.o(x$fpl$usenofp)
    Region$$Table$$Base                      0x08003b84   Number         0  anon$$obj.o(Region$$Table)
    Region$$Table$$Limit                     0x08003ba4   Number         0  anon$$obj.o(Region$$Table)
    __ctype                                  0x08003bb1   Data           0  lc_ctype_c.o(locale$$data)
    SystemCoreClock                          0x20000000   Data           4  system_stm32f10x.o(.data)
    AHBPrescTable                            0x20000004   Data          16  system_stm32f10x.o(.data)
    beep_info                                0x20000028   Data           1  beep.o(.data)
    UsCount                                  0x2000002a   Data           1  delay.o(.data)
    MsCount                                  0x2000002c   Data           2  delay.o(.data)
    Key_Num                                  0x2000002e   Data           1  main.o(.data)
    esp8266_cnt                              0x20000030   Data           2  esp8266.o(.data)
    esp8266_cntPre                           0x20000032   Data           2  esp8266.o(.data)
    esp8266_buf                              0x20000034   Data         512  esp8266.o(.bss)
    __libspace_start                         0x20000234   Data          96  libspace.o(.bss)
    __temporary_stack_top$libspace           0x20000294   Data           0  libspace.o(.bss)



==============================================================================

Memory Map of the image

  Image Entry point : 0x080000ed

  Load Region LR_IROM1 (Base: 0x08000000, Size: 0x00003d04, Max: 0x00010000, ABSOLUTE)

    Execution Region ER_IROM1 (Exec base: 0x08000000, Load base: 0x08000000, Size: 0x00003cd0, Max: 0x00010000, ABSOLUTE)

    Exec Addr    Load Addr    Size         Type   Attr      Idx    E Section Name        Object

    0x08000000   0x08000000   0x000000ec   Data   RO          139    RESET               startup_stm32f10x_md.o
    0x080000ec   0x080000ec   0x00000008   Code   RO          619  * !!!main             c_w.l(__main.o)
    0x080000f4   0x080000f4   0x00000034   Code   RO          971    !!!scatter          c_w.l(__scatter.o)
    0x08000128   0x08000128   0x0000001a   Code   RO          973    !!handler_copy      c_w.l(__scatter_copy.o)
    0x08000142   0x08000142   0x00000002   PAD
    0x08000144   0x08000144   0x0000001c   Code   RO          975    !!handler_zi        c_w.l(__scatter_zi.o)
    0x08000160   0x08000160   0x00000000   Code   RO          590    .ARM.Collect$$_printf_percent$$00000000  c_w.l(_printf_percent.o)
    0x08000160   0x08000160   0x00000006   Code   RO          703    .ARM.Collect$$_printf_percent$$00000001  c_w.l(_printf_n.o)
    0x08000166   0x08000166   0x00000006   Code   RO          705    .ARM.Collect$$_printf_percent$$00000002  c_w.l(_printf_p.o)
    0x0800016c   0x0800016c   0x00000006   Code   RO          709    .ARM.Collect$$_printf_percent$$00000003  c_w.l(_printf_f.o)
    0x08000172   0x08000172   0x00000006   Code   RO          710    .ARM.Collect$$_printf_percent$$00000004  c_w.l(_printf_e.o)
    0x08000178   0x08000178   0x00000006   Code   RO          711    .ARM.Collect$$_printf_percent$$00000005  c_w.l(_printf_g.o)
    0x0800017e   0x0800017e   0x00000006   Code   RO          712    .ARM.Collect$$_printf_percent$$00000006  c_w.l(_printf_a.o)
    0x08000184   0x08000184   0x0000000a   Code   RO          717    .ARM.Collect$$_printf_percent$$00000007  c_w.l(_printf_ll.o)
    0x0800018e   0x0800018e   0x00000006   Code   RO          707    .ARM.Collect$$_printf_percent$$00000008  c_w.l(_printf_i.o)
    0x08000194   0x08000194   0x00000006   Code   RO          589    .ARM.Collect$$_printf_percent$$00000009  c_w.l(_printf_d.o)
    0x0800019a   0x0800019a   0x00000006   Code   RO          708    .ARM.Collect$$_printf_percent$$0000000A  c_w.l(_printf_u.o)
    0x080001a0   0x080001a0   0x00000006   Code   RO          706    .ARM.Collect$$_printf_percent$$0000000B  c_w.l(_printf_o.o)
    0x080001a6   0x080001a6   0x00000006   Code   RO          704    .ARM.Collect$$_printf_percent$$0000000C  c_w.l(_printf_x.o)
    0x080001ac   0x080001ac   0x00000006   Code   RO          714    .ARM.Collect$$_printf_percent$$0000000D  c_w.l(_printf_lli.o)
    0x080001b2   0x080001b2   0x00000006   Code   RO          715    .ARM.Collect$$_printf_percent$$0000000E  c_w.l(_printf_lld.o)
    0x080001b8   0x080001b8   0x00000006   Code   RO          716    .ARM.Collect$$_printf_percent$$0000000F  c_w.l(_printf_llu.o)
    0x080001be   0x080001be   0x00000006   Code   RO          721    .ARM.Collect$$_printf_percent$$00000010  c_w.l(_printf_llo.o)
    0x080001c4   0x080001c4   0x00000006   Code   RO          722    .ARM.Collect$$_printf_percent$$00000011  c_w.l(_printf_llx.o)
    0x080001ca   0x080001ca   0x0000000a   Code   RO          718    .ARM.Collect$$_printf_percent$$00000012  c_w.l(_printf_l.o)
    0x080001d4   0x080001d4   0x00000006   Code   RO          702    .ARM.Collect$$_printf_percent$$00000013  c_w.l(_printf_c.o)
    0x080001da   0x080001da   0x00000006   Code   RO          588    .ARM.Collect$$_printf_percent$$00000014  c_w.l(_printf_s.o)
    0x080001e0   0x080001e0   0x00000006   Code   RO          719    .ARM.Collect$$_printf_percent$$00000015  c_w.l(_printf_lc.o)
    0x080001e6   0x080001e6   0x00000006   Code   RO          720    .ARM.Collect$$_printf_percent$$00000016  c_w.l(_printf_ls.o)
    0x080001ec   0x080001ec   0x00000004   Code   RO          713    .ARM.Collect$$_printf_percent$$00000017  c_w.l(_printf_percent_end.o)
    0x080001f0   0x080001f0   0x00000002   Code   RO          901    .ARM.Collect$$libinit$$00000000  c_w.l(libinit.o)
    0x080001f2   0x080001f2   0x00000000   Code   RO          736    .ARM.Collect$$libinit$$00000002  c_w.l(libinit2.o)
    0x080001f2   0x080001f2   0x00000000   Code   RO          738    .ARM.Collect$$libinit$$00000004  c_w.l(libinit2.o)
    0x080001f2   0x080001f2   0x00000000   Code   RO          741    .ARM.Collect$$libinit$$0000000A  c_w.l(libinit2.o)
    0x080001f2   0x080001f2   0x00000000   Code   RO          743    .ARM.Collect$$libinit$$0000000C  c_w.l(libinit2.o)
    0x080001f2   0x080001f2   0x00000000   Code   RO          745    .ARM.Collect$$libinit$$0000000E  c_w.l(libinit2.o)
    0x080001f2   0x080001f2   0x00000006   Code   RO          746    .ARM.Collect$$libinit$$0000000F  c_w.l(libinit2.o)
    0x080001f8   0x080001f8   0x00000000   Code   RO          748    .ARM.Collect$$libinit$$00000011  c_w.l(libinit2.o)
    0x080001f8   0x080001f8   0x0000000c   Code   RO          749    .ARM.Collect$$libinit$$00000012  c_w.l(libinit2.o)
    0x08000204   0x08000204   0x00000000   Code   RO          750    .ARM.Collect$$libinit$$00000013  c_w.l(libinit2.o)
    0x08000204   0x08000204   0x00000000   Code   RO          752    .ARM.Collect$$libinit$$00000015  c_w.l(libinit2.o)
    0x08000204   0x08000204   0x0000000a   Code   RO          753    .ARM.Collect$$libinit$$00000016  c_w.l(libinit2.o)
    0x0800020e   0x0800020e   0x00000000   Code   RO          754    .ARM.Collect$$libinit$$00000017  c_w.l(libinit2.o)
    0x0800020e   0x0800020e   0x00000000   Code   RO          756    .ARM.Collect$$libinit$$00000019  c_w.l(libinit2.o)
    0x0800020e   0x0800020e   0x00000000   Code   RO          758    .ARM.Collect$$libinit$$0000001B  c_w.l(libinit2.o)
    0x0800020e   0x0800020e   0x00000000   Code   RO          760    .ARM.Collect$$libinit$$0000001D  c_w.l(libinit2.o)
    0x0800020e   0x0800020e   0x00000000   Code   RO          762    .ARM.Collect$$libinit$$0000001F  c_w.l(libinit2.o)
    0x0800020e   0x0800020e   0x00000000   Code   RO          764    .ARM.Collect$$libinit$$00000021  c_w.l(libinit2.o)
    0x0800020e   0x0800020e   0x00000000   Code   RO          766    .ARM.Collect$$libinit$$00000023  c_w.l(libinit2.o)
    0x0800020e   0x0800020e   0x00000000   Code   RO          768    .ARM.Collect$$libinit$$00000025  c_w.l(libinit2.o)
    0x0800020e   0x0800020e   0x00000000   Code   RO          772    .ARM.Collect$$libinit$$0000002C  c_w.l(libinit2.o)
    0x0800020e   0x0800020e   0x00000000   Code   RO          774    .ARM.Collect$$libinit$$0000002E  c_w.l(libinit2.o)
    0x0800020e   0x0800020e   0x00000000   Code   RO          776    .ARM.Collect$$libinit$$00000030  c_w.l(libinit2.o)
    0x0800020e   0x0800020e   0x00000000   Code   RO          778    .ARM.Collect$$libinit$$00000032  c_w.l(libinit2.o)
    0x0800020e   0x0800020e   0x00000002   Code   RO          779    .ARM.Collect$$libinit$$00000033  c_w.l(libinit2.o)
    0x08000210   0x08000210   0x00000002   Code   RO          968    .ARM.Collect$$libshutdown$$00000000  c_w.l(libshutdown.o)
    0x08000212   0x08000212   0x00000000   Code   RO          922    .ARM.Collect$$libshutdown$$00000002  c_w.l(libshutdown2.o)
    0x08000212   0x08000212   0x00000000   Code   RO          924    .ARM.Collect$$libshutdown$$00000004  c_w.l(libshutdown2.o)
    0x08000212   0x08000212   0x00000000   Code   RO          926    .ARM.Collect$$libshutdown$$00000006  c_w.l(libshutdown2.o)
    0x08000212   0x08000212   0x00000000   Code   RO          929    .ARM.Collect$$libshutdown$$00000009  c_w.l(libshutdown2.o)
    0x08000212   0x08000212   0x00000000   Code   RO          932    .ARM.Collect$$libshutdown$$0000000C  c_w.l(libshutdown2.o)
    0x08000212   0x08000212   0x00000000   Code   RO          934    .ARM.Collect$$libshutdown$$0000000E  c_w.l(libshutdown2.o)
    0x08000212   0x08000212   0x00000000   Code   RO          937    .ARM.Collect$$libshutdown$$00000011  c_w.l(libshutdown2.o)
    0x08000212   0x08000212   0x00000002   Code   RO          938    .ARM.Collect$$libshutdown$$00000012  c_w.l(libshutdown2.o)
    0x08000214   0x08000214   0x00000000   Code   RO          623    .ARM.Collect$$rtentry$$00000000  c_w.l(__rtentry.o)
    0x08000214   0x08000214   0x00000000   Code   RO          788    .ARM.Collect$$rtentry$$00000002  c_w.l(__rtentry2.o)
    0x08000214   0x08000214   0x00000006   Code   RO          800    .ARM.Collect$$rtentry$$00000004  c_w.l(__rtentry4.o)
    0x0800021a   0x0800021a   0x00000000   Code   RO          790    .ARM.Collect$$rtentry$$00000009  c_w.l(__rtentry2.o)
    0x0800021a   0x0800021a   0x00000004   Code   RO          791    .ARM.Collect$$rtentry$$0000000A  c_w.l(__rtentry2.o)
    0x0800021e   0x0800021e   0x00000000   Code   RO          793    .ARM.Collect$$rtentry$$0000000C  c_w.l(__rtentry2.o)
    0x0800021e   0x0800021e   0x00000008   Code   RO          794    .ARM.Collect$$rtentry$$0000000D  c_w.l(__rtentry2.o)
    0x08000226   0x08000226   0x00000002   Code   RO          909    .ARM.Collect$$rtexit$$00000000  c_w.l(rtexit.o)
    0x08000228   0x08000228   0x00000000   Code   RO          942    .ARM.Collect$$rtexit$$00000002  c_w.l(rtexit2.o)
    0x08000228   0x08000228   0x00000004   Code   RO          943    .ARM.Collect$$rtexit$$00000003  c_w.l(rtexit2.o)
    0x0800022c   0x0800022c   0x00000006   Code   RO          944    .ARM.Collect$$rtexit$$00000004  c_w.l(rtexit2.o)
    0x08000232   0x08000232   0x00000002   PAD
    0x08000234   0x08000234   0x00000134   Code   RO           17    .text               stm32f10x_it.o
    0x08000368   0x08000368   0x000001e0   Code   RO          119    .text               system_stm32f10x.o
    0x08000548   0x08000548   0x00000040   Code   RO          140    .text               startup_stm32f10x_md.o
    0x08000588   0x08000588   0x000000dc   Code   RO          144    .text               misc.o
    0x08000664   0x08000664   0x0000035c   Code   RO          182    .text               stm32f10x_gpio.o
    0x080009c0   0x080009c0   0x000003a4   Code   RO          194    .text               stm32f10x_rcc.o
    0x08000d64   0x08000d64   0x00000408   Code   RO          208    .text               stm32f10x_usart.o
    0x0800116c   0x0800116c   0x00000060   Code   RO          220    .text               beep.o
    0x080011cc   0x080011cc   0x000000f4   Code   RO          238    .text               delay.o
    0x080012c0   0x080012c0   0x000001e8   Code   RO          256    .text               usart.o
    0x080014a8   0x080014a8   0x00000084   Code   RO          278    .text               key.o
    0x0800152c   0x0800152c   0x000000b0   Code   RO          290    .text               led.o
    0x080015dc   0x080015dc   0x00000418   Code   RO          302    .text               oled.o
    0x080019f4   0x080019f4   0x000000c8   Code   RO          320    .text               main.o
    0x08001abc   0x08001abc   0x00000294   Code   RO          468    .text               esp8266.o
    0x08001d50   0x08001d50   0x00000034   Code   RO          552    .text               c_w.l(c89vsnprintf.o)
    0x08001d84   0x08001d84   0x0000002c   Code   RO          554    .text               c_w.l(__2sprintf.o)
    0x08001db0   0x08001db0   0x00000052   Code   RO          564    .text               c_w.l(_printf_str.o)
    0x08001e02   0x08001e02   0x00000002   PAD
    0x08001e04   0x08001e04   0x00000078   Code   RO          566    .text               c_w.l(_printf_dec.o)
    0x08001e7c   0x08001e7c   0x00000188   Code   RO          585    .text               c_w.l(__printf_flags_ss_wp.o)
    0x08002004   0x08002004   0x00000014   Code   RO          599    .text               c_w.l(strchr.o)
    0x08002018   0x08002018   0x00000024   Code   RO          603    .text               c_w.l(strstr.o)
    0x0800203c   0x0800203c   0x0000003e   Code   RO          607    .text               c_w.l(strlen.o)
    0x0800207a   0x0800207a   0x00000044   Code   RO          613    .text               c_w.l(rt_memclr.o)
    0x080020be   0x080020be   0x0000004e   Code   RO          615    .text               c_w.l(rt_memclr_w.o)
    0x0800210c   0x0800210c   0x00000006   Code   RO          617    .text               c_w.l(heapauxi.o)
    0x08002112   0x08002112   0x0000004e   Code   RO          654    .text               c_w.l(_printf_pad.o)
    0x08002160   0x08002160   0x00000024   Code   RO          656    .text               c_w.l(_printf_truncate.o)
    0x08002184   0x08002184   0x000000b2   Code   RO          658    .text               c_w.l(_printf_intcommon.o)
    0x08002236   0x08002236   0x00000028   Code   RO          660    .text               c_w.l(_printf_charcount.o)
    0x0800225e   0x0800225e   0x00000002   PAD
    0x08002260   0x08002260   0x00000030   Code   RO          662    .text               c_w.l(_printf_char_common.o)
    0x08002290   0x08002290   0x0000000a   Code   RO          664    .text               c_w.l(_sputc.o)
    0x0800229a   0x0800229a   0x00000010   Code   RO          666    .text               c_w.l(_snputc.o)
    0x080022aa   0x080022aa   0x0000002c   Code   RO          668    .text               c_w.l(_printf_char.o)
    0x080022d6   0x080022d6   0x00000002   PAD
    0x080022d8   0x080022d8   0x000000bc   Code   RO          670    .text               c_w.l(_printf_wctomb.o)
    0x08002394   0x08002394   0x0000007c   Code   RO          673    .text               c_w.l(_printf_longlong_dec.o)
    0x08002410   0x08002410   0x00000070   Code   RO          679    .text               c_w.l(_printf_oct_int_ll.o)
    0x08002480   0x08002480   0x00000094   Code   RO          699    .text               c_w.l(_printf_hex_int_ll_ptr.o)
    0x08002514   0x08002514   0x00000008   Code   RO          784    .text               c_w.l(libspace.o)
    0x0800251c   0x0800251c   0x00000010   Code   RO          802    .text               c_w.l(rt_ctype_table.o)
    0x0800252c   0x0800252c   0x0000008a   Code   RO          812    .text               c_w.l(lludiv10.o)
    0x080025b6   0x080025b6   0x0000041e   Code   RO          816    .text               c_w.l(_printf_fp_dec.o)
    0x080029d4   0x080029d4   0x0000002c   Code   RO          820    .text               c_w.l(_printf_wchar.o)
    0x08002a00   0x08002a00   0x00000040   Code   RO          826    .text               c_w.l(_wcrtomb.o)
    0x08002a40   0x08002a40   0x00000002   Code   RO          839    .text               c_w.l(use_no_semi.o)
    0x08002a42   0x08002a42   0x00000000   Code   RO          841    .text               c_w.l(indicate_semi.o)
    0x08002a42   0x08002a42   0x0000004a   Code   RO          842    .text               c_w.l(sys_stackheap_outer.o)
    0x08002a8c   0x08002a8c   0x00000008   Code   RO          849    .text               c_w.l(rt_locale_intlibspace.o)
    0x08002a94   0x08002a94   0x00000080   Code   RO          853    .text               c_w.l(_printf_fp_infnan.o)
    0x08002b14   0x08002b14   0x000000e4   Code   RO          855    .text               c_w.l(bigflt0.o)
    0x08002bf8   0x08002bf8   0x00000012   Code   RO          886    .text               c_w.l(exit.o)
    0x08002c0a   0x08002c0a   0x00000002   PAD
    0x08002c0c   0x08002c0c   0x0000000c   Code   RO          907    .text               c_w.l(sys_exit.o)
    0x08002c18   0x08002c18   0x00000080   Code   RO          919    .text               c_w.l(strcmpv7m.o)
    0x08002c98   0x08002c98   0x0000003e   Code   RO          858    CL$$btod_d2e        c_w.l(btod.o)
    0x08002cd6   0x08002cd6   0x00000046   Code   RO          860    CL$$btod_d2e_denorm_low  c_w.l(btod.o)
    0x08002d1c   0x08002d1c   0x00000060   Code   RO          859    CL$$btod_d2e_norm_op1  c_w.l(btod.o)
    0x08002d7c   0x08002d7c   0x00000338   Code   RO          868    CL$$btod_div_common  c_w.l(btod.o)
    0x080030b4   0x080030b4   0x000000dc   Code   RO          865    CL$$btod_e2e        c_w.l(btod.o)
    0x08003190   0x08003190   0x0000002a   Code   RO          862    CL$$btod_ediv       c_w.l(btod.o)
    0x080031ba   0x080031ba   0x0000002a   Code   RO          861    CL$$btod_emul       c_w.l(btod.o)
    0x080031e4   0x080031e4   0x00000244   Code   RO          867    CL$$btod_mult_common  c_w.l(btod.o)
    0x08003428   0x08003428   0x00000028   Code   RO          905    i.__ARM_fpclassify  m_ws.l(fpclassify.o)
    0x08003450   0x08003450   0x0000000e   Code   RO          578    i._is_digit         c_w.l(__printf_wp.o)
    0x0800345e   0x0800345e   0x00000002   PAD
    0x08003460   0x08003460   0x0000002c   Code   RO          881    locale$$code        c_w.l(lc_ctype_c.o)
    0x0800348c   0x0800348c   0x0000002c   Code   RO          884    locale$$code        c_w.l(lc_numeric_c.o)
    0x080034b8   0x080034b8   0x00000004   Code   RO          780    x$fpl$printf1       fz_ws.l(printf1.o)
    0x080034bc   0x080034bc   0x00000000   Code   RO          904    x$fpl$usenofp       fz_ws.l(usenofp.o)
    0x080034bc   0x080034bc   0x000005f0   Data   RO          303    .constdata          oled.o
    0x08003aac   0x08003aac   0x00000011   Data   RO          586    .constdata          c_w.l(__printf_flags_ss_wp.o)
    0x08003abd   0x08003abd   0x00000003   PAD
    0x08003ac0   0x08003ac0   0x00000008   Data   RO          671    .constdata          c_w.l(_printf_wctomb.o)
    0x08003ac8   0x08003ac8   0x00000028   Data   RO          700    .constdata          c_w.l(_printf_hex_int_ll_ptr.o)
    0x08003af0   0x08003af0   0x00000094   Data   RO          856    .constdata          c_w.l(bigflt0.o)
    0x08003b84   0x08003b84   0x00000020   Data   RO          969    Region$$Table       anon$$obj.o
    0x08003ba4   0x08003ba4   0x00000110   Data   RO          880    locale$$data        c_w.l(lc_ctype_c.o)
    0x08003cb4   0x08003cb4   0x0000001c   Data   RO          883    locale$$data        c_w.l(lc_numeric_c.o)


    Execution Region RW_IRAM1 (Exec base: 0x20000000, Load base: 0x08003cd0, Size: 0x00000898, Max: 0x00005000, ABSOLUTE)

    Exec Addr    Load Addr    Size         Type   Attr      Idx    E Section Name        Object

    0x20000000   0x08003cd0   0x00000014   Data   RW          120    .data               system_stm32f10x.o
    0x20000014   0x08003ce4   0x00000014   Data   RW          195    .data               stm32f10x_rcc.o
    0x20000028   0x08003cf8   0x00000001   Data   RW          221    .data               beep.o
    0x20000029   0x08003cf9   0x00000001   PAD
    0x2000002a   0x08003cfa   0x00000004   Data   RW          239    .data               delay.o
    0x2000002e   0x08003cfe   0x00000001   Data   RW          321    .data               main.o
    0x2000002f   0x08003cff   0x00000001   PAD
    0x20000030   0x08003d00   0x00000004   Data   RW          470    .data               esp8266.o
    0x20000034        -       0x00000200   Zero   RW          469    .bss                esp8266.o
    0x20000234        -       0x00000060   Zero   RW          785    .bss                c_w.l(libspace.o)
    0x20000294   0x08003d04   0x00000004   PAD
    0x20000298        -       0x00000200   Zero   RW          138    HEAP                startup_stm32f10x_md.o
    0x20000498        -       0x00000400   Zero   RW          137    STACK               startup_stm32f10x_md.o


==============================================================================

Image component sizes


      Code (inc. data)   RO Data    RW Data    ZI Data      Debug   Object Name

        96         14          0          1          0       1357   beep.o
         0          0          0          0          0       4540   core_cm3.o
       244         10          0          4          0       1552   delay.o
       660        208          0          4        512       3071   esp8266.o
       132          4          0          0          0        717   key.o
       176          4          0          0          0       1181   led.o
       200         42          0          1          0       1015   main.o
       220         22          0          0          0     205253   misc.o
      1048          8       1520          0          0       5136   oled.o
        64         26        236          0       1536        844   startup_stm32f10x_md.o
       860         38          0          0          0       5757   stm32f10x_gpio.o
       308        248          0          0          0      24659   stm32f10x_it.o
       932         36          0         20          0       8968   stm32f10x_rcc.o
      1032         22          0          0          0       8484   stm32f10x_usart.o
       480         38          0         20          0       1899   system_stm32f10x.o
       488         14          0          0          0       2997   usart.o

    ----------------------------------------------------------------------
      6940        734       1788         52       2048     277430   Object Totals
         0          0         32          0          0          0   (incl. Generated)
         0          0          0          2          0          0   (incl. Padding)

    ----------------------------------------------------------------------

      Code (inc. data)   RO Data    RW Data    ZI Data      Debug   Library Member Name

        44          6          0          0          0         84   __2sprintf.o
         8          0          0          0          0         68   __main.o
       392          4         17          0          0         92   __printf_flags_ss_wp.o
        14          0          0          0          0         68   __printf_wp.o
         0          0          0          0          0          0   __rtentry.o
        12          0          0          0          0          0   __rtentry2.o
         6          0          0          0          0          0   __rtentry4.o
        52          8          0          0          0          0   __scatter.o
        26          0          0          0          0          0   __scatter_copy.o
        28          0          0          0          0          0   __scatter_zi.o
         6          0          0          0          0          0   _printf_a.o
         6          0          0          0          0          0   _printf_c.o
        44          0          0          0          0        108   _printf_char.o
        48          6          0          0          0         96   _printf_char_common.o
        40          0          0          0          0         68   _printf_charcount.o
         6          0          0          0          0          0   _printf_d.o
       120         16          0          0          0         92   _printf_dec.o
         6          0          0          0          0          0   _printf_e.o
         6          0          0          0          0          0   _printf_f.o
      1054          0          0          0          0        216   _printf_fp_dec.o
       128         16          0          0          0         84   _printf_fp_infnan.o
         6          0          0          0          0          0   _printf_g.o
       148          4         40          0          0        160   _printf_hex_int_ll_ptr.o
         6          0          0          0          0          0   _printf_i.o
       178          0          0          0          0         88   _printf_intcommon.o
        10          0          0          0          0          0   _printf_l.o
         6          0          0          0          0          0   _printf_lc.o
        10          0          0          0          0          0   _printf_ll.o
         6          0          0          0          0          0   _printf_lld.o
         6          0          0          0          0          0   _printf_lli.o
         6          0          0          0          0          0   _printf_llo.o
         6          0          0          0          0          0   _printf_llu.o
         6          0          0          0          0          0   _printf_llx.o
       124         16          0          0          0         92   _printf_longlong_dec.o
         6          0          0          0          0          0   _printf_ls.o
         6          0          0          0          0          0   _printf_n.o
         6          0          0          0          0          0   _printf_o.o
       112         10          0          0          0        124   _printf_oct_int_ll.o
         6          0          0          0          0          0   _printf_p.o
        78          0          0          0          0        108   _printf_pad.o
         0          0          0          0          0          0   _printf_percent.o
         4          0          0          0          0          0   _printf_percent_end.o
         6          0          0          0          0          0   _printf_s.o
        82          0          0          0          0         80   _printf_str.o
        36          0          0          0          0         84   _printf_truncate.o
         6          0          0          0          0          0   _printf_u.o
        44          0          0          0          0        108   _printf_wchar.o
       188          6          8          0          0         92   _printf_wctomb.o
         6          0          0          0          0          0   _printf_x.o
        16          0          0          0          0         68   _snputc.o
        10          0          0          0          0         68   _sputc.o
        64          0          0          0          0         92   _wcrtomb.o
       228          4        148          0          0         96   bigflt0.o
      1936        128          0          0          0        672   btod.o
        52          4          0          0          0         80   c89vsnprintf.o
        18          0          0          0          0         80   exit.o
         6          0          0          0          0        152   heapauxi.o
         0          0          0          0          0          0   indicate_semi.o
        44         10        272          0          0         76   lc_ctype_c.o
        44         10         28          0          0         76   lc_numeric_c.o
         2          0          0          0          0          0   libinit.o
        30          0          0          0          0          0   libinit2.o
         2          0          0          0          0          0   libshutdown.o
         2          0          0          0          0          0   libshutdown2.o
         8          4          0          0         96         68   libspace.o
       138          0          0          0          0         80   lludiv10.o
        16          4          0          0          0         76   rt_ctype_table.o
         8          4          0          0          0         68   rt_locale_intlibspace.o
        68          0          0          0          0         68   rt_memclr.o
        78          0          0          0          0         80   rt_memclr_w.o
         2          0          0          0          0          0   rtexit.o
        10          0          0          0          0          0   rtexit2.o
        20          0          0          0          0         68   strchr.o
       128          0          0          0          0         68   strcmpv7m.o
        62          0          0          0          0         76   strlen.o
        36          0          0          0          0         80   strstr.o
        12          4          0          0          0         68   sys_exit.o
        74          0          0          0          0         80   sys_stackheap_outer.o
         2          0          0          0          0         68   use_no_semi.o
         4          0          0          0          0         68   printf1.o
         0          0          0          0          0          0   usenofp.o
        40          0          0          0          0         68   fpclassify.o

    ----------------------------------------------------------------------
      6324        264        516          0        100       4456   Library Totals
        14          0          3          0          4          0   (incl. Padding)

    ----------------------------------------------------------------------

      Code (inc. data)   RO Data    RW Data    ZI Data      Debug   Library Name

      6266        264        513          0         96       4320   c_w.l
         4          0          0          0          0         68   fz_ws.l
        40          0          0          0          0         68   m_ws.l

    ----------------------------------------------------------------------
      6324        264        516          0        100       4456   Library Totals

    ----------------------------------------------------------------------

==============================================================================


      Code (inc. data)   RO Data    RW Data    ZI Data      Debug   

     13264        998       2304         52       2148     278346   Grand Totals
     13264        998       2304         52       2148     278346   ELF Image Totals
     13264        998       2304         52          0          0   ROM Totals

==============================================================================

    Total RO  Size (Code + RO Data)                15568 (  15.20kB)
    Total RW  Size (RW Data + ZI Data)              2200 (   2.15kB)
    Total ROM Size (Code + RO Data + RW Data)      15620 (  15.25kB)

==============================================================================

